Archive member included to satisfy reference by file (symbol)

f:/work/arm-none-eabi-gcc/gcc-arm-none-eabi-10.3-2021.10-win32/gcc-arm-none-eabi-10.3-2021.10/bin/../lib/gcc/arm-none-eabi/10.3.1/../../../../arm-none-eabi/lib/thumb/v7e-m+fp/hard\libg.a(lib_a-errno.o)
                              CMakeFiles/FreeRTOS01.elf.dir/Core/Src/syscalls.c.obj (__errno)
f:/work/arm-none-eabi-gcc/gcc-arm-none-eabi-10.3-2021.10-win32/gcc-arm-none-eabi-10.3-2021.10/bin/../lib/gcc/arm-none-eabi/10.3.1/../../../../arm-none-eabi/lib/thumb/v7e-m+fp/hard\libg.a(lib_a-exit.o)
                              f:/work/arm-none-eabi-gcc/gcc-arm-none-eabi-10.3-2021.10-win32/gcc-arm-none-eabi-10.3-2021.10/bin/../lib/gcc/arm-none-eabi/10.3.1/../../../../arm-none-eabi/lib/thumb/v7e-m+fp/hard/crt0.o (exit)
f:/work/arm-none-eabi-gcc/gcc-arm-none-eabi-10.3-2021.10-win32/gcc-arm-none-eabi-10.3-2021.10/bin/../lib/gcc/arm-none-eabi/10.3.1/../../../../arm-none-eabi/lib/thumb/v7e-m+fp/hard\libg.a(lib_a-impure.o)
                              f:/work/arm-none-eabi-gcc/gcc-arm-none-eabi-10.3-2021.10-win32/gcc-arm-none-eabi-10.3-2021.10/bin/../lib/gcc/arm-none-eabi/10.3.1/../../../../arm-none-eabi/lib/thumb/v7e-m+fp/hard\libg.a(lib_a-exit.o) (_global_impure_ptr)
f:/work/arm-none-eabi-gcc/gcc-arm-none-eabi-10.3-2021.10-win32/gcc-arm-none-eabi-10.3-2021.10/bin/../lib/gcc/arm-none-eabi/10.3.1/../../../../arm-none-eabi/lib/thumb/v7e-m+fp/hard\libg.a(lib_a-init.o)
                              f:/work/arm-none-eabi-gcc/gcc-arm-none-eabi-10.3-2021.10-win32/gcc-arm-none-eabi-10.3-2021.10/bin/../lib/gcc/arm-none-eabi/10.3.1/../../../../arm-none-eabi/lib/thumb/v7e-m+fp/hard/crt0.o (__libc_init_array)
f:/work/arm-none-eabi-gcc/gcc-arm-none-eabi-10.3-2021.10-win32/gcc-arm-none-eabi-10.3-2021.10/bin/../lib/gcc/arm-none-eabi/10.3.1/../../../../arm-none-eabi/lib/thumb/v7e-m+fp/hard\libg.a(lib_a-memcpy.o)
                              CMakeFiles/FreeRTOS01.elf.dir/Middlewares/Third_Party/FreeRTOS/Source/queue.c.obj (memcpy)
f:/work/arm-none-eabi-gcc/gcc-arm-none-eabi-10.3-2021.10-win32/gcc-arm-none-eabi-10.3-2021.10/bin/../lib/gcc/arm-none-eabi/10.3.1/../../../../arm-none-eabi/lib/thumb/v7e-m+fp/hard\libg.a(lib_a-memset.o)
                              f:/work/arm-none-eabi-gcc/gcc-arm-none-eabi-10.3-2021.10-win32/gcc-arm-none-eabi-10.3-2021.10/bin/../lib/gcc/arm-none-eabi/10.3.1/../../../../arm-none-eabi/lib/thumb/v7e-m+fp/hard/crt0.o (memset)
f:/work/arm-none-eabi-gcc/gcc-arm-none-eabi-10.3-2021.10-win32/gcc-arm-none-eabi-10.3-2021.10/bin/../lib/gcc/arm-none-eabi/10.3.1/../../../../arm-none-eabi/lib/thumb/v7e-m+fp/hard\libg.a(lib_a-__call_atexit.o)
                              f:/work/arm-none-eabi-gcc/gcc-arm-none-eabi-10.3-2021.10-win32/gcc-arm-none-eabi-10.3-2021.10/bin/../lib/gcc/arm-none-eabi/10.3.1/../../../../arm-none-eabi/lib/thumb/v7e-m+fp/hard\libg.a(lib_a-exit.o) (__call_exitprocs)
f:/work/arm-none-eabi-gcc/gcc-arm-none-eabi-10.3-2021.10-win32/gcc-arm-none-eabi-10.3-2021.10/bin/../lib/gcc/arm-none-eabi/10.3.1/../../../../arm-none-eabi/lib/thumb/v7e-m+fp/hard\libg.a(lib_a-atexit.o)
                              f:/work/arm-none-eabi-gcc/gcc-arm-none-eabi-10.3-2021.10-win32/gcc-arm-none-eabi-10.3-2021.10/bin/../lib/gcc/arm-none-eabi/10.3.1/../../../../arm-none-eabi/lib/thumb/v7e-m+fp/hard\libg.a(lib_a-__call_atexit.o) (atexit)
f:/work/arm-none-eabi-gcc/gcc-arm-none-eabi-10.3-2021.10-win32/gcc-arm-none-eabi-10.3-2021.10/bin/../lib/gcc/arm-none-eabi/10.3.1/../../../../arm-none-eabi/lib/thumb/v7e-m+fp/hard\libg.a(lib_a-fini.o)
                              f:/work/arm-none-eabi-gcc/gcc-arm-none-eabi-10.3-2021.10-win32/gcc-arm-none-eabi-10.3-2021.10/bin/../lib/gcc/arm-none-eabi/10.3.1/../../../../arm-none-eabi/lib/thumb/v7e-m+fp/hard\libg.a(lib_a-__call_atexit.o) (__libc_fini_array)
f:/work/arm-none-eabi-gcc/gcc-arm-none-eabi-10.3-2021.10-win32/gcc-arm-none-eabi-10.3-2021.10/bin/../lib/gcc/arm-none-eabi/10.3.1/../../../../arm-none-eabi/lib/thumb/v7e-m+fp/hard\libg.a(lib_a-lock.o)
                              f:/work/arm-none-eabi-gcc/gcc-arm-none-eabi-10.3-2021.10-win32/gcc-arm-none-eabi-10.3-2021.10/bin/../lib/gcc/arm-none-eabi/10.3.1/../../../../arm-none-eabi/lib/thumb/v7e-m+fp/hard\libg.a(lib_a-__call_atexit.o) (__retarget_lock_acquire_recursive)
f:/work/arm-none-eabi-gcc/gcc-arm-none-eabi-10.3-2021.10-win32/gcc-arm-none-eabi-10.3-2021.10/bin/../lib/gcc/arm-none-eabi/10.3.1/../../../../arm-none-eabi/lib/thumb/v7e-m+fp/hard\libg.a(lib_a-__atexit.o)
                              f:/work/arm-none-eabi-gcc/gcc-arm-none-eabi-10.3-2021.10-win32/gcc-arm-none-eabi-10.3-2021.10/bin/../lib/gcc/arm-none-eabi/10.3.1/../../../../arm-none-eabi/lib/thumb/v7e-m+fp/hard\libg.a(lib_a-atexit.o) (__register_exitproc)

Discarded input sections

 .text          0x00000000        0x0 f:/work/arm-none-eabi-gcc/gcc-arm-none-eabi-10.3-2021.10-win32/gcc-arm-none-eabi-10.3-2021.10/bin/../lib/gcc/arm-none-eabi/10.3.1/thumb/v7e-m+fp/hard/crti.o
[...]
Memory Configuration

Name             Origin             Length             Attributes
FLASH            0x08000000         0x00020000         xr
DTCMRAM          0x20000000         0x00020000         xrw
RAM_D1           0x24000000         0x00080000         xrw
RAM_D2           0x30000000         0x00048000         xrw
RAM_D3           0x38000000         0x00010000         xrw
ITCMRAM          0x00000000         0x00010000         xrw
*default*        0x00000000         0xffffffff

Linker script and memory map

LOAD f:/work/arm-none-eabi-gcc/gcc-arm-none-eabi-10.3-2021.10-win32/gcc-arm-none-eabi-10.3-2021.10/bin/../lib/gcc/arm-none-eabi/10.3.1/thumb/v7e-m+fp/hard/crti.o
LOAD f:/work/arm-none-eabi-gcc/gcc-arm-none-eabi-10.3-2021.10-win32/gcc-arm-none-eabi-10.3-2021.10/bin/../lib/gcc/arm-none-eabi/10.3.1/thumb/v7e-m+fp/hard/crtbegin.o
LOAD f:/work/arm-none-eabi-gcc/gcc-arm-none-eabi-10.3-2021.10-win32/gcc-arm-none-eabi-10.3-2021.10/bin/../lib/gcc/arm-none-eabi/10.3.1/../../../../arm-none-eabi/lib/thumb/v7e-m+fp/hard/crt0.o
LOAD CMakeFiles/FreeRTOS01.elf.dir/Core/Src/freertos.c.obj
LOAD CMakeFiles/FreeRTOS01.elf.dir/Core/Src/gpio.c.obj
LOAD CMakeFiles/FreeRTOS01.elf.dir/Core/Src/main.c.obj
LOAD CMakeFiles/FreeRTOS01.elf.dir/Core/Src/stm32h7xx_hal_msp.c.obj
LOAD CMakeFiles/FreeRTOS01.elf.dir/Core/Src/stm32h7xx_hal_timebase_tim.c.obj
LOAD CMakeFiles/FreeRTOS01.elf.dir/Core/Src/stm32h7xx_it.c.obj
LOAD CMakeFiles/FreeRTOS01.elf.dir/Core/Src/syscalls.c.obj
LOAD CMakeFiles/FreeRTOS01.elf.dir/Core/Src/sysmem.c.obj
LOAD CMakeFiles/FreeRTOS01.elf.dir/Core/Src/system_stm32h7xx.c.obj
LOAD CMakeFiles/FreeRTOS01.elf.dir/Core/Startup/startup_stm32h750vbtx.s.obj
LOAD CMakeFiles/FreeRTOS01.elf.dir/Drivers/STM32H7xx_HAL_Driver/Src/stm32h7xx_hal.c.obj
LOAD CMakeFiles/FreeRTOS01.elf.dir/Drivers/STM32H7xx_HAL_Driver/Src/stm32h7xx_hal_cortex.c.obj
LOAD CMakeFiles/FreeRTOS01.elf.dir/Drivers/STM32H7xx_HAL_Driver/Src/stm32h7xx_hal_dma.c.obj
LOAD CMakeFiles/FreeRTOS01.elf.dir/Drivers/STM32H7xx_HAL_Driver/Src/stm32h7xx_hal_dma_ex.c.obj
LOAD CMakeFiles/FreeRTOS01.elf.dir/Drivers/STM32H7xx_HAL_Driver/Src/stm32h7xx_hal_exti.c.obj
LOAD CMakeFiles/FreeRTOS01.elf.dir/Drivers/STM32H7xx_HAL_Driver/Src/stm32h7xx_hal_flash.c.obj
LOAD CMakeFiles/FreeRTOS01.elf.dir/Drivers/STM32H7xx_HAL_Driver/Src/stm32h7xx_hal_flash_ex.c.obj
LOAD CMakeFiles/FreeRTOS01.elf.dir/Drivers/STM32H7xx_HAL_Driver/Src/stm32h7xx_hal_gpio.c.obj
LOAD CMakeFiles/FreeRTOS01.elf.dir/Drivers/STM32H7xx_HAL_Driver/Src/stm32h7xx_hal_hsem.c.obj
LOAD CMakeFiles/FreeRTOS01.elf.dir/Drivers/STM32H7xx_HAL_Driver/Src/stm32h7xx_hal_i2c.c.obj
LOAD CMakeFiles/FreeRTOS01.elf.dir/Drivers/STM32H7xx_HAL_Driver/Src/stm32h7xx_hal_i2c_ex.c.obj
LOAD CMakeFiles/FreeRTOS01.elf.dir/Drivers/STM32H7xx_HAL_Driver/Src/stm32h7xx_hal_mdma.c.obj
LOAD CMakeFiles/FreeRTOS01.elf.dir/Drivers/STM32H7xx_HAL_Driver/Src/stm32h7xx_hal_pwr.c.obj
LOAD CMakeFiles/FreeRTOS01.elf.dir/Drivers/STM32H7xx_HAL_Driver/Src/stm32h7xx_hal_pwr_ex.c.obj
LOAD CMakeFiles/FreeRTOS01.elf.dir/Drivers/STM32H7xx_HAL_Driver/Src/stm32h7xx_hal_rcc.c.obj
LOAD CMakeFiles/FreeRTOS01.elf.dir/Drivers/STM32H7xx_HAL_Driver/Src/stm32h7xx_hal_rcc_ex.c.obj
LOAD CMakeFiles/FreeRTOS01.elf.dir/Drivers/STM32H7xx_HAL_Driver/Src/stm32h7xx_hal_tim.c.obj
LOAD CMakeFiles/FreeRTOS01.elf.dir/Drivers/STM32H7xx_HAL_Driver/Src/stm32h7xx_hal_tim_ex.c.obj
LOAD CMakeFiles/FreeRTOS01.elf.dir/Middlewares/Third_Party/FreeRTOS/Source/CMSIS_RTOS/cmsis_os.c.obj
LOAD CMakeFiles/FreeRTOS01.elf.dir/Middlewares/Third_Party/FreeRTOS/Source/croutine.c.obj
LOAD CMakeFiles/FreeRTOS01.elf.dir/Middlewares/Third_Party/FreeRTOS/Source/event_groups.c.obj
LOAD CMakeFiles/FreeRTOS01.elf.dir/Middlewares/Third_Party/FreeRTOS/Source/list.c.obj
LOAD CMakeFiles/FreeRTOS01.elf.dir/Middlewares/Third_Party/FreeRTOS/Source/portable/GCC/ARM_CM4F/port.c.obj
LOAD CMakeFiles/FreeRTOS01.elf.dir/Middlewares/Third_Party/FreeRTOS/Source/portable/MemMang/heap_4.c.obj
LOAD CMakeFiles/FreeRTOS01.elf.dir/Middlewares/Third_Party/FreeRTOS/Source/queue.c.obj
LOAD CMakeFiles/FreeRTOS01.elf.dir/Middlewares/Third_Party/FreeRTOS/Source/stream_buffer.c.obj
LOAD CMakeFiles/FreeRTOS01.elf.dir/Middlewares/Third_Party/FreeRTOS/Source/tasks.c.obj
LOAD CMakeFiles/FreeRTOS01.elf.dir/Middlewares/Third_Party/FreeRTOS/Source/timers.c.obj
START GROUP
LOAD f:/work/arm-none-eabi-gcc/gcc-arm-none-eabi-10.3-2021.10-win32/gcc-arm-none-eabi-10.3-2021.10/bin/../lib/gcc/arm-none-eabi/10.3.1/thumb/v7e-m+fp/hard\libgcc.a
LOAD f:/work/arm-none-eabi-gcc/gcc-arm-none-eabi-10.3-2021.10-win32/gcc-arm-none-eabi-10.3-2021.10/bin/../lib/gcc/arm-none-eabi/10.3.1/../../../../arm-none-eabi/lib/thumb/v7e-m+fp/hard\libg.a
LOAD f:/work/arm-none-eabi-gcc/gcc-arm-none-eabi-10.3-2021.10-win32/gcc-arm-none-eabi-10.3-2021.10/bin/../lib/gcc/arm-none-eabi/10.3.1/../../../../arm-none-eabi/lib/thumb/v7e-m+fp/hard\libc.a
END GROUP
LOAD f:/work/arm-none-eabi-gcc/gcc-arm-none-eabi-10.3-2021.10-win32/gcc-arm-none-eabi-10.3-2021.10/bin/../lib/gcc/arm-none-eabi/10.3.1/thumb/v7e-m+fp/hard/crtend.o
LOAD f:/work/arm-none-eabi-gcc/gcc-arm-none-eabi-10.3-2021.10-win32/gcc-arm-none-eabi-10.3-2021.10/bin/../lib/gcc/arm-none-eabi/10.3.1/thumb/v7e-m+fp/hard/crtn.o
                0x24080000                _estack = (ORIGIN (RAM_D1) + LENGTH (RAM_D1))
                0x00000400                _Min_Heap_Size = 0x400
                0x00000400                _Min_Stack_Size = 0x400

.isr_vector     0x08000000      0x298
                0x08000000                . = ALIGN (0x4)
 *(.isr_vector)
 .isr_vector    0x08000000      0x298 CMakeFiles/FreeRTOS01.elf.dir/Core/Startup/startup_stm32h750vbtx.s.obj
                0x08000000                g_pfnVectors
                0x08000298                . = ALIGN (0x4)

.text           0x080002a0     0x29a8
                0x080002a0                . = ALIGN (0x4)
 *(.text)
 .text          0x080002a0       0x40 f:/work/arm-none-eabi-gcc/gcc-arm-none-eabi-10.3-2021.10-win32/gcc-arm-none-eabi-10.3-2021.10/bin/../lib/gcc/arm-none-eabi/10.3.1/thumb/v7e-m+fp/hard/crtbegin.o
 *(.text*)
 .text.vApplicationGetIdleTaskMemory
                0x080002e0       0x18 CMakeFiles/FreeRTOS01.elf.dir/Core/Src/freertos.c.obj
                0x080002e0                vApplicationGetIdleTaskMemory
 .text.MX_GPIO_Init
                0x080002f8       0x70 CMakeFiles/FreeRTOS01.elf.dir/Core/Src/gpio.c.obj
                0x080002f8                MX_GPIO_Init
 .text.AppTaskCreate
                0x08000368       0x48 CMakeFiles/FreeRTOS01.elf.dir/Core/Src/main.c.obj
 .text.LED_Task
                0x080003b0       0x2c CMakeFiles/FreeRTOS01.elf.dir/Core/Src/main.c.obj
 .text.MPU_Config
                0x080003dc       0x56 CMakeFiles/FreeRTOS01.elf.dir/Core/Src/main.c.obj
 *fill*         0x08000432        0x2 
 .text.HAL_TIM_PeriodElapsedCallback
                0x08000434       0x18 CMakeFiles/FreeRTOS01.elf.dir/Core/Src/main.c.obj
                0x08000434                HAL_TIM_PeriodElapsedCallback
 .text.Error_Handler
                0x0800044c        0x4 CMakeFiles/FreeRTOS01.elf.dir/Core/Src/main.c.obj
                0x0800044c                Error_Handler
 .text.SystemClock_Config
                0x08000450      0x110 CMakeFiles/FreeRTOS01.elf.dir/Core/Src/main.c.obj
                0x08000450                SystemClock_Config
 .text.main     0x08000560       0xd0 CMakeFiles/FreeRTOS01.elf.dir/Core/Src/main.c.obj
                0x08000560                main
 .text.HAL_MspInit
                0x08000630       0x34 CMakeFiles/FreeRTOS01.elf.dir/Core/Src/stm32h7xx_hal_msp.c.obj
                0x08000630                HAL_MspInit
 .text.HAL_InitTick
                0x08000664       0x90 CMakeFiles/FreeRTOS01.elf.dir/Core/Src/stm32h7xx_hal_timebase_tim.c.obj
                0x08000664                HAL_InitTick
 .text.NMI_Handler
                0x080006f4        0x2 CMakeFiles/FreeRTOS01.elf.dir/Core/Src/stm32h7xx_it.c.obj
                0x080006f4                NMI_Handler
 .text.HardFault_Handler
                0x080006f6        0x2 CMakeFiles/FreeRTOS01.elf.dir/Core/Src/stm32h7xx_it.c.obj
                0x080006f6                HardFault_Handler
 .text.MemManage_Handler
                0x080006f8        0x2 CMakeFiles/FreeRTOS01.elf.dir/Core/Src/stm32h7xx_it.c.obj
                0x080006f8                MemManage_Handler
 .text.BusFault_Handler
                0x080006fa        0x2 CMakeFiles/FreeRTOS01.elf.dir/Core/Src/stm32h7xx_it.c.obj
                0x080006fa                BusFault_Handler
 .text.UsageFault_Handler
                0x080006fc        0x2 CMakeFiles/FreeRTOS01.elf.dir/Core/Src/stm32h7xx_it.c.obj
                0x080006fc                UsageFault_Handler
 .text.DebugMon_Handler
                0x080006fe        0x2 CMakeFiles/FreeRTOS01.elf.dir/Core/Src/stm32h7xx_it.c.obj
                0x080006fe                DebugMon_Handler
 .text.TIM1_UP_IRQHandler
                0x08000700       0x10 CMakeFiles/FreeRTOS01.elf.dir/Core/Src/stm32h7xx_it.c.obj
                0x08000700                TIM1_UP_IRQHandler
 .text.SystemInit
                0x08000710       0xcc CMakeFiles/FreeRTOS01.elf.dir/Core/Src/system_stm32h7xx.c.obj
                0x08000710                SystemInit
 .text.Reset_Handler
                0x080007dc       0x50 CMakeFiles/FreeRTOS01.elf.dir/Core/Startup/startup_stm32h750vbtx.s.obj
                0x080007dc                Reset_Handler
 .text.Default_Handler
                0x0800082c        0x2 CMakeFiles/FreeRTOS01.elf.dir/Core/Startup/startup_stm32h750vbtx.s.obj
                0x0800082c                RTC_Alarm_IRQHandler
                0x0800082c                HASH_RNG_IRQHandler
                0x0800082c                EXTI2_IRQHandler
                0x0800082c                TIM8_CC_IRQHandler
                0x0800082c                HRTIM1_Master_IRQHandler
                0x0800082c                UART8_IRQHandler
                0x0800082c                SPI4_IRQHandler
                0x0800082c                TIM1_CC_IRQHandler
                0x0800082c                BDMA_Channel6_IRQHandler
                0x0800082c                DMA2_Stream5_IRQHandler
                0x0800082c                HRTIM1_FLT_IRQHandler
                0x0800082c                JPEG_IRQHandler
                0x0800082c                DMA1_Stream5_IRQHandler
                0x0800082c                BDMA_Channel1_IRQHandler
                0x0800082c                HRTIM1_TIMD_IRQHandler
                0x0800082c                TAMP_STAMP_IRQHandler
                0x0800082c                EXTI3_IRQHandler
                0x0800082c                LPTIM4_IRQHandler
                0x0800082c                TIM8_TRG_COM_TIM14_IRQHandler
                0x0800082c                LPTIM2_IRQHandler
                0x0800082c                DFSDM1_FLT1_IRQHandler
                0x0800082c                DMAMUX2_OVR_IRQHandler
                0x0800082c                TIM8_UP_TIM13_IRQHandler
                0x0800082c                I2C3_ER_IRQHandler
                0x0800082c                DFSDM1_FLT2_IRQHandler
                0x0800082c                MDMA_IRQHandler
                0x0800082c                LPTIM3_IRQHandler
                0x0800082c                HSEM1_IRQHandler
                0x0800082c                EXTI0_IRQHandler
                0x0800082c                I2C2_EV_IRQHandler
                0x0800082c                DMA1_Stream2_IRQHandler
                0x0800082c                FPU_IRQHandler
                0x0800082c                OTG_HS_WKUP_IRQHandler
                0x0800082c                FDCAN1_IT1_IRQHandler
                0x0800082c                LTDC_ER_IRQHandler
                0x0800082c                DMA2_Stream2_IRQHandler
                0x0800082c                HRTIM1_TIME_IRQHandler
                0x0800082c                SPI1_IRQHandler
                0x0800082c                TIM6_DAC_IRQHandler
                0x0800082c                DCMI_IRQHandler
                0x0800082c                HRTIM1_TIMC_IRQHandler
                0x0800082c                DMA2_Stream3_IRQHandler
                0x0800082c                SAI2_IRQHandler
                0x0800082c                DFSDM1_FLT3_IRQHandler
                0x0800082c                USART6_IRQHandler
                0x0800082c                TIM17_IRQHandler
                0x0800082c                USART3_IRQHandler
                0x0800082c                BDMA_Channel7_IRQHandler
                0x0800082c                CRYP_IRQHandler
                0x0800082c                LPTIM5_IRQHandler
                0x0800082c                UART5_IRQHandler
                0x0800082c                ADC3_IRQHandler
                0x0800082c                DMA2_Stream0_IRQHandler
                0x0800082c                TIM4_IRQHandler
                0x0800082c                BDMA_Channel2_IRQHandler
                0x0800082c                QUADSPI_IRQHandler
                0x0800082c                I2C1_EV_IRQHandler
                0x0800082c                DMA1_Stream6_IRQHandler
                0x0800082c                DMAMUX1_OVR_IRQHandler
                0x0800082c                DMA1_Stream1_IRQHandler
                0x0800082c                TIM16_IRQHandler
                0x0800082c                UART4_IRQHandler
                0x0800082c                BDMA_Channel5_IRQHandler
                0x0800082c                TIM3_IRQHandler
                0x0800082c                RCC_IRQHandler
                0x0800082c                TIM8_BRK_TIM12_IRQHandler
                0x0800082c                TIM1_TRG_COM_IRQHandler
                0x0800082c                Default_Handler
                0x0800082c                ECC_IRQHandler
                0x0800082c                CEC_IRQHandler
                0x0800082c                EXTI15_10_IRQHandler
                0x0800082c                BDMA_Channel0_IRQHandler
                0x0800082c                ADC_IRQHandler
                0x0800082c                DMA1_Stream7_IRQHandler
                0x0800082c                HRTIM1_TIMA_IRQHandler
                0x0800082c                SPI5_IRQHandler
                0x0800082c                TIM7_IRQHandler
                0x0800082c                SDMMC1_IRQHandler
                0x0800082c                TIM5_IRQHandler
                0x0800082c                DMA2_Stream7_IRQHandler
                0x0800082c                TIM15_IRQHandler
                0x0800082c                PVD_AVD_IRQHandler
                0x0800082c                I2C3_EV_IRQHandler
                0x0800082c                EXTI9_5_IRQHandler
                0x0800082c                RTC_WKUP_IRQHandler
                0x0800082c                LTDC_IRQHandler
                0x0800082c                SAI3_IRQHandler
                0x0800082c                ETH_WKUP_IRQHandler
                0x0800082c                SPDIF_RX_IRQHandler
                0x0800082c                SPI2_IRQHandler
                0x0800082c                OTG_HS_EP1_IN_IRQHandler
                0x0800082c                DMA1_Stream0_IRQHandler
                0x0800082c                CRS_IRQHandler
                0x0800082c                EXTI4_IRQHandler
                0x0800082c                HRTIM1_TIMB_IRQHandler
                0x0800082c                FDCAN2_IT1_IRQHandler
                0x0800082c                ETH_IRQHandler
                0x0800082c                BDMA_Channel4_IRQHandler
                0x0800082c                OTG_HS_EP1_OUT_IRQHandler
                0x0800082c                WWDG_IRQHandler
                0x0800082c                SPI6_IRQHandler
                0x0800082c                MDIOS_IRQHandler
                0x0800082c                I2C4_EV_IRQHandler
                0x0800082c                FDCAN2_IT0_IRQHandler
                0x0800082c                LPUART1_IRQHandler
                0x0800082c                FDCAN1_IT0_IRQHandler
                0x0800082c                TIM2_IRQHandler
                0x0800082c                OTG_FS_WKUP_IRQHandler
                0x0800082c                OTG_HS_IRQHandler
                0x0800082c                DMA2D_IRQHandler
                0x0800082c                TIM1_BRK_IRQHandler
                0x0800082c                EXTI1_IRQHandler
                0x0800082c                SDMMC2_IRQHandler
                0x0800082c                OTG_FS_EP1_OUT_IRQHandler
                0x0800082c                BDMA_Channel3_IRQHandler
                0x0800082c                UART7_IRQHandler
                0x0800082c                MDIOS_WKUP_IRQHandler
                0x0800082c                USART2_IRQHandler
                0x0800082c                DFSDM1_FLT0_IRQHandler
                0x0800082c                SAI4_IRQHandler
                0x0800082c                I2C2_ER_IRQHandler
                0x0800082c                DMA2_Stream1_IRQHandler
                0x0800082c                FLASH_IRQHandler
                0x0800082c                DMA2_Stream4_IRQHandler
                0x0800082c                USART1_IRQHandler
                0x0800082c                OTG_FS_IRQHandler
                0x0800082c                SPI3_IRQHandler
                0x0800082c                WAKEUP_PIN_IRQHandler
                0x0800082c                DMA1_Stream4_IRQHandler
                0x0800082c                OTG_FS_EP1_IN_IRQHandler
                0x0800082c                I2C1_ER_IRQHandler
                0x0800082c                FMC_IRQHandler
                0x0800082c                FDCAN_CAL_IRQHandler
                0x0800082c                SWPMI1_IRQHandler
                0x0800082c                COMP1_IRQHandler
                0x0800082c                LPTIM1_IRQHandler
                0x0800082c                I2C4_ER_IRQHandler
                0x0800082c                DMA2_Stream6_IRQHandler
                0x0800082c                SAI1_IRQHandler
                0x0800082c                DMA1_Stream3_IRQHandler
 *fill*         0x0800082e        0x2 
 .text.HAL_Init
                0x08000830       0x5c CMakeFiles/FreeRTOS01.elf.dir/Drivers/STM32H7xx_HAL_Driver/Src/stm32h7xx_hal.c.obj
                0x08000830                HAL_Init
 .text.HAL_IncTick
                0x0800088c       0x18 CMakeFiles/FreeRTOS01.elf.dir/Drivers/STM32H7xx_HAL_Driver/Src/stm32h7xx_hal.c.obj
                0x0800088c                HAL_IncTick
 .text.HAL_GetTick
                0x080008a4        0xc CMakeFiles/FreeRTOS01.elf.dir/Drivers/STM32H7xx_HAL_Driver/Src/stm32h7xx_hal.c.obj
                0x080008a4                HAL_GetTick
 .text.HAL_GetREVID
                0x080008b0        0xc CMakeFiles/FreeRTOS01.elf.dir/Drivers/STM32H7xx_HAL_Driver/Src/stm32h7xx_hal.c.obj
                0x080008b0                HAL_GetREVID
 .text.HAL_NVIC_SetPriorityGrouping
                0x080008bc       0x24 CMakeFiles/FreeRTOS01.elf.dir/Drivers/STM32H7xx_HAL_Driver/Src/stm32h7xx_hal_cortex.c.obj
                0x080008bc                HAL_NVIC_SetPriorityGrouping
 .text.HAL_NVIC_SetPriority
                0x080008e0       0x6c CMakeFiles/FreeRTOS01.elf.dir/Drivers/STM32H7xx_HAL_Driver/Src/stm32h7xx_hal_cortex.c.obj
                0x080008e0                HAL_NVIC_SetPriority
 .text.HAL_NVIC_EnableIRQ
                0x0800094c       0x1c CMakeFiles/FreeRTOS01.elf.dir/Drivers/STM32H7xx_HAL_Driver/Src/stm32h7xx_hal_cortex.c.obj
                0x0800094c                HAL_NVIC_EnableIRQ
 .text.HAL_MPU_Disable
                0x08000968       0x1c CMakeFiles/FreeRTOS01.elf.dir/Drivers/STM32H7xx_HAL_Driver/Src/stm32h7xx_hal_cortex.c.obj
                0x08000968                HAL_MPU_Disable
 .text.HAL_MPU_Enable
                0x08000984       0x20 CMakeFiles/FreeRTOS01.elf.dir/Drivers/STM32H7xx_HAL_Driver/Src/stm32h7xx_hal_cortex.c.obj
                0x08000984                HAL_MPU_Enable
 .text.HAL_MPU_ConfigRegion
                0x080009a4       0x60 CMakeFiles/FreeRTOS01.elf.dir/Drivers/STM32H7xx_HAL_Driver/Src/stm32h7xx_hal_cortex.c.obj
                0x080009a4                HAL_MPU_ConfigRegion
 .text.HAL_GPIO_Init
                0x08000a04      0x220 CMakeFiles/FreeRTOS01.elf.dir/Drivers/STM32H7xx_HAL_Driver/Src/stm32h7xx_hal_gpio.c.obj
                0x08000a04                HAL_GPIO_Init
 .text.HAL_GPIO_WritePin
                0x08000c24        0xc CMakeFiles/FreeRTOS01.elf.dir/Drivers/STM32H7xx_HAL_Driver/Src/stm32h7xx_hal_gpio.c.obj
                0x08000c24                HAL_GPIO_WritePin
 .text.HAL_PWREx_ConfigSupply
                0x08000c30       0x54 CMakeFiles/FreeRTOS01.elf.dir/Drivers/STM32H7xx_HAL_Driver/Src/stm32h7xx_hal_pwr_ex.c.obj
                0x08000c30                HAL_PWREx_ConfigSupply
 .text.HAL_RCC_OscConfig
                0x08000c84      0x6b4 CMakeFiles/FreeRTOS01.elf.dir/Drivers/STM32H7xx_HAL_Driver/Src/stm32h7xx_hal_rcc.c.obj
                0x08000c84                HAL_RCC_OscConfig
 .text.HAL_RCC_GetSysClockFreq
                0x08001338      0x1f4 CMakeFiles/FreeRTOS01.elf.dir/Drivers/STM32H7xx_HAL_Driver/Src/stm32h7xx_hal_rcc.c.obj
                0x08001338                HAL_RCC_GetSysClockFreq
 .text.HAL_RCC_ClockConfig
                0x0800152c      0x294 CMakeFiles/FreeRTOS01.elf.dir/Drivers/STM32H7xx_HAL_Driver/Src/stm32h7xx_hal_rcc.c.obj
                0x0800152c                HAL_RCC_ClockConfig
 .text.HAL_RCC_GetHCLKFreq
                0x080017c0       0x44 CMakeFiles/FreeRTOS01.elf.dir/Drivers/STM32H7xx_HAL_Driver/Src/stm32h7xx_hal_rcc.c.obj
                0x080017c0                HAL_RCC_GetHCLKFreq
 .text.HAL_RCC_GetPCLK2Freq
                0x08001804       0x24 CMakeFiles/FreeRTOS01.elf.dir/Drivers/STM32H7xx_HAL_Driver/Src/stm32h7xx_hal_rcc.c.obj
                0x08001804                HAL_RCC_GetPCLK2Freq
 .text.HAL_RCC_GetClockConfig
                0x08001828       0x54 CMakeFiles/FreeRTOS01.elf.dir/Drivers/STM32H7xx_HAL_Driver/Src/stm32h7xx_hal_rcc.c.obj
                0x08001828                HAL_RCC_GetClockConfig
 .text.HAL_TIM_Base_MspInit
                0x0800187c        0x2 CMakeFiles/FreeRTOS01.elf.dir/Drivers/STM32H7xx_HAL_Driver/Src/stm32h7xx_hal_tim.c.obj
                0x0800187c                HAL_TIM_Base_MspInit
 *fill*         0x0800187e        0x2 
 .text.HAL_TIM_Base_Start_IT
                0x08001880       0x90 CMakeFiles/FreeRTOS01.elf.dir/Drivers/STM32H7xx_HAL_Driver/Src/stm32h7xx_hal_tim.c.obj
                0x08001880                HAL_TIM_Base_Start_IT
 .text.HAL_TIM_OC_DelayElapsedCallback
                0x08001910        0x2 CMakeFiles/FreeRTOS01.elf.dir/Drivers/STM32H7xx_HAL_Driver/Src/stm32h7xx_hal_tim.c.obj
                0x08001910                HAL_TIM_OC_DelayElapsedCallback
 .text.HAL_TIM_IC_CaptureCallback
                0x08001912        0x2 CMakeFiles/FreeRTOS01.elf.dir/Drivers/STM32H7xx_HAL_Driver/Src/stm32h7xx_hal_tim.c.obj
                0x08001912                HAL_TIM_IC_CaptureCallback
 .text.HAL_TIM_PWM_PulseFinishedCallback
                0x08001914        0x2 CMakeFiles/FreeRTOS01.elf.dir/Drivers/STM32H7xx_HAL_Driver/Src/stm32h7xx_hal_tim.c.obj
                0x08001914                HAL_TIM_PWM_PulseFinishedCallback
 .text.HAL_TIM_TriggerCallback
                0x08001916        0x2 CMakeFiles/FreeRTOS01.elf.dir/Drivers/STM32H7xx_HAL_Driver/Src/stm32h7xx_hal_tim.c.obj
                0x08001916                HAL_TIM_TriggerCallback
 .text.HAL_TIM_IRQHandler
                0x08001918      0x19a CMakeFiles/FreeRTOS01.elf.dir/Drivers/STM32H7xx_HAL_Driver/Src/stm32h7xx_hal_tim.c.obj
                0x08001918                HAL_TIM_IRQHandler
 *fill*         0x08001ab2        0x2 
 .text.TIM_Base_SetConfig
                0x08001ab4      0x104 CMakeFiles/FreeRTOS01.elf.dir/Drivers/STM32H7xx_HAL_Driver/Src/stm32h7xx_hal_tim.c.obj
                0x08001ab4                TIM_Base_SetConfig
 .text.HAL_TIM_Base_Init
                0x08001bb8       0x60 CMakeFiles/FreeRTOS01.elf.dir/Drivers/STM32H7xx_HAL_Driver/Src/stm32h7xx_hal_tim.c.obj
                0x08001bb8                HAL_TIM_Base_Init
 .text.HAL_TIMEx_CommutCallback
                0x08001c18        0x2 CMakeFiles/FreeRTOS01.elf.dir/Drivers/STM32H7xx_HAL_Driver/Src/stm32h7xx_hal_tim_ex.c.obj
                0x08001c18                HAL_TIMEx_CommutCallback
 .text.HAL_TIMEx_BreakCallback
                0x08001c1a        0x2 CMakeFiles/FreeRTOS01.elf.dir/Drivers/STM32H7xx_HAL_Driver/Src/stm32h7xx_hal_tim_ex.c.obj
                0x08001c1a                HAL_TIMEx_BreakCallback
 .text.HAL_TIMEx_Break2Callback
                0x08001c1c        0x2 CMakeFiles/FreeRTOS01.elf.dir/Drivers/STM32H7xx_HAL_Driver/Src/stm32h7xx_hal_tim_ex.c.obj
                0x08001c1c                HAL_TIMEx_Break2Callback
 .text.vListInitialise
                0x08001c1e       0x16 CMakeFiles/FreeRTOS01.elf.dir/Middlewares/Third_Party/FreeRTOS/Source/list.c.obj
                0x08001c1e                vListInitialise
 .text.vListInitialiseItem
                0x08001c34        0x6 CMakeFiles/FreeRTOS01.elf.dir/Middlewares/Third_Party/FreeRTOS/Source/list.c.obj
                0x08001c34                vListInitialiseItem
 .text.vListInsertEnd
                0x08001c3a       0x16 CMakeFiles/FreeRTOS01.elf.dir/Middlewares/Third_Party/FreeRTOS/Source/list.c.obj
                0x08001c3a                vListInsertEnd
 .text.vListInsert
                0x08001c50       0x32 CMakeFiles/FreeRTOS01.elf.dir/Middlewares/Third_Party/FreeRTOS/Source/list.c.obj
                0x08001c50                vListInsert
 .text.uxListRemove
                0x08001c82       0x26 CMakeFiles/FreeRTOS01.elf.dir/Middlewares/Third_Party/FreeRTOS/Source/list.c.obj
                0x08001c82                uxListRemove
 .text.prvTaskExitError
                0x08001ca8       0x40 CMakeFiles/FreeRTOS01.elf.dir/Middlewares/Third_Party/FreeRTOS/Source/portable/GCC/ARM_CM4F/port.c.obj
 .text.prvPortStartFirstTask
                0x08001ce8       0x28 CMakeFiles/FreeRTOS01.elf.dir/Middlewares/Third_Party/FreeRTOS/Source/portable/GCC/ARM_CM4F/port.c.obj
 .text.vPortEnableVFP
                0x08001d10       0x14 CMakeFiles/FreeRTOS01.elf.dir/Middlewares/Third_Party/FreeRTOS/Source/portable/GCC/ARM_CM4F/port.c.obj
 .text.pxPortInitialiseStack
                0x08001d24       0x2c CMakeFiles/FreeRTOS01.elf.dir/Middlewares/Third_Party/FreeRTOS/Source/portable/GCC/ARM_CM4F/port.c.obj
                0x08001d24                pxPortInitialiseStack
 .text.SVC_Handler
                0x08001d50       0x24 CMakeFiles/FreeRTOS01.elf.dir/Middlewares/Third_Party/FreeRTOS/Source/portable/GCC/ARM_CM4F/port.c.obj
                0x08001d50                SVC_Handler
 .text.vPortEnterCritical
                0x08001d74       0x44 CMakeFiles/FreeRTOS01.elf.dir/Middlewares/Third_Party/FreeRTOS/Source/portable/GCC/ARM_CM4F/port.c.obj
                0x08001d74                vPortEnterCritical
 .text.vPortExitCritical
                0x08001db8       0x2c CMakeFiles/FreeRTOS01.elf.dir/Middlewares/Third_Party/FreeRTOS/Source/portable/GCC/ARM_CM4F/port.c.obj
                0x08001db8                vPortExitCritical
 *fill*         0x08001de4        0xc 
 .text.PendSV_Handler
                0x08001df0       0x64 CMakeFiles/FreeRTOS01.elf.dir/Middlewares/Third_Party/FreeRTOS/Source/portable/GCC/ARM_CM4F/port.c.obj
                0x08001df0                PendSV_Handler
 .text.SysTick_Handler
                0x08001e54       0x2c CMakeFiles/FreeRTOS01.elf.dir/Middlewares/Third_Party/FreeRTOS/Source/portable/GCC/ARM_CM4F/port.c.obj
                0x08001e54                SysTick_Handler
 .text.vPortSetupTimerInterrupt
                0x08001e80       0x28 CMakeFiles/FreeRTOS01.elf.dir/Middlewares/Third_Party/FreeRTOS/Source/portable/GCC/ARM_CM4F/port.c.obj
                0x08001e80                vPortSetupTimerInterrupt
 .text.xPortStartScheduler
                0x08001ea8      0x118 CMakeFiles/FreeRTOS01.elf.dir/Middlewares/Third_Party/FreeRTOS/Source/portable/GCC/ARM_CM4F/port.c.obj
                0x08001ea8                xPortStartScheduler
 .text.prvHeapInit
                0x08001fc0       0x64 CMakeFiles/FreeRTOS01.elf.dir/Middlewares/Third_Party/FreeRTOS/Source/portable/MemMang/heap_4.c.obj
 .text.prvInsertBlockIntoFreeList
                0x08002024       0x64 CMakeFiles/FreeRTOS01.elf.dir/Middlewares/Third_Party/FreeRTOS/Source/portable/MemMang/heap_4.c.obj
 .text.pvPortMalloc
                0x08002088       0xfc CMakeFiles/FreeRTOS01.elf.dir/Middlewares/Third_Party/FreeRTOS/Source/portable/MemMang/heap_4.c.obj
                0x08002088                pvPortMalloc
 .text.vPortFree
                0x08002184       0x7c CMakeFiles/FreeRTOS01.elf.dir/Middlewares/Third_Party/FreeRTOS/Source/portable/MemMang/heap_4.c.obj
                0x08002184                vPortFree
 .text.prvResetNextTaskUnblockTime
                0x08002200       0x2c CMakeFiles/FreeRTOS01.elf.dir/Middlewares/Third_Party/FreeRTOS/Source/tasks.c.obj
 .text.prvInitialiseNewTask
                0x0800222c       0xa2 CMakeFiles/FreeRTOS01.elf.dir/Middlewares/Third_Party/FreeRTOS/Source/tasks.c.obj
 *fill*         0x080022ce        0x2 
 .text.prvInitialiseTaskLists
                0x080022d0       0x68 CMakeFiles/FreeRTOS01.elf.dir/Middlewares/Third_Party/FreeRTOS/Source/tasks.c.obj
 .text.prvAddNewTaskToReadyList
                0x08002338       0xa8 CMakeFiles/FreeRTOS01.elf.dir/Middlewares/Third_Party/FreeRTOS/Source/tasks.c.obj
 .text.prvDeleteTCB
                0x080023e0       0x38 CMakeFiles/FreeRTOS01.elf.dir/Middlewares/Third_Party/FreeRTOS/Source/tasks.c.obj
 .text.prvCheckTasksWaitingTermination
                0x08002418       0x4c CMakeFiles/FreeRTOS01.elf.dir/Middlewares/Third_Party/FreeRTOS/Source/tasks.c.obj
 .text.prvIdleTask
                0x08002464       0x28 CMakeFiles/FreeRTOS01.elf.dir/Middlewares/Third_Party/FreeRTOS/Source/tasks.c.obj
 .text.prvAddCurrentTaskToDelayedList
                0x0800248c       0xa0 CMakeFiles/FreeRTOS01.elf.dir/Middlewares/Third_Party/FreeRTOS/Source/tasks.c.obj
 .text.xTaskCreateStatic
                0x0800252c       0x76 CMakeFiles/FreeRTOS01.elf.dir/Middlewares/Third_Party/FreeRTOS/Source/tasks.c.obj
                0x0800252c                xTaskCreateStatic
 .text.xTaskCreate
                0x080025a2       0x68 CMakeFiles/FreeRTOS01.elf.dir/Middlewares/Third_Party/FreeRTOS/Source/tasks.c.obj
                0x080025a2                xTaskCreate
 *fill*         0x0800260a        0x2 
 .text.vTaskDelete
                0x0800260c       0xe0 CMakeFiles/FreeRTOS01.elf.dir/Middlewares/Third_Party/FreeRTOS/Source/tasks.c.obj
                0x0800260c                vTaskDelete
 .text.vTaskStartScheduler
                0x080026ec       0x74 CMakeFiles/FreeRTOS01.elf.dir/Middlewares/Third_Party/FreeRTOS/Source/tasks.c.obj
                0x080026ec                vTaskStartScheduler
 .text.vTaskSuspendAll
                0x08002760       0x10 CMakeFiles/FreeRTOS01.elf.dir/Middlewares/Third_Party/FreeRTOS/Source/tasks.c.obj
                0x08002760                vTaskSuspendAll
 .text.xTaskIncrementTick
                0x08002770      0x118 CMakeFiles/FreeRTOS01.elf.dir/Middlewares/Third_Party/FreeRTOS/Source/tasks.c.obj
                0x08002770                xTaskIncrementTick
 .text.xTaskResumeAll
                0x08002888       0xf8 CMakeFiles/FreeRTOS01.elf.dir/Middlewares/Third_Party/FreeRTOS/Source/tasks.c.obj
                0x08002888                xTaskResumeAll
 .text.vTaskDelay
                0x08002980       0x4c CMakeFiles/FreeRTOS01.elf.dir/Middlewares/Third_Party/FreeRTOS/Source/tasks.c.obj
                0x08002980                vTaskDelay
 .text.vTaskSwitchContext
                0x080029cc       0x98 CMakeFiles/FreeRTOS01.elf.dir/Middlewares/Third_Party/FreeRTOS/Source/tasks.c.obj
                0x080029cc                vTaskSwitchContext
 .text.__libc_init_array
                0x08002a64       0x48 f:/work/arm-none-eabi-gcc/gcc-arm-none-eabi-10.3-2021.10-win32/gcc-arm-none-eabi-10.3-2021.10/bin/../lib/gcc/arm-none-eabi/10.3.1/../../../../arm-none-eabi/lib/thumb/v7e-m+fp/hard\libg.a(lib_a-init.o)
                0x08002a64                __libc_init_array
 .text.memset   0x08002aac       0xa4 f:/work/arm-none-eabi-gcc/gcc-arm-none-eabi-10.3-2021.10-win32/gcc-arm-none-eabi-10.3-2021.10/bin/../lib/gcc/arm-none-eabi/10.3.1/../../../../arm-none-eabi/lib/thumb/v7e-m+fp/hard\libg.a(lib_a-memset.o)
                0x08002aac                memset
 .text.startup.register_fini
                0x08002b50       0x14 f:/work/arm-none-eabi-gcc/gcc-arm-none-eabi-10.3-2021.10-win32/gcc-arm-none-eabi-10.3-2021.10/bin/../lib/gcc/arm-none-eabi/10.3.1/../../../../arm-none-eabi/lib/thumb/v7e-m+fp/hard\libg.a(lib_a-__call_atexit.o)
 .text.atexit   0x08002b64        0xc f:/work/arm-none-eabi-gcc/gcc-arm-none-eabi-10.3-2021.10-win32/gcc-arm-none-eabi-10.3-2021.10/bin/../lib/gcc/arm-none-eabi/10.3.1/../../../../arm-none-eabi/lib/thumb/v7e-m+fp/hard\libg.a(lib_a-atexit.o)
                0x08002b64                atexit
 .text.__libc_fini_array
                0x08002b70       0x2c f:/work/arm-none-eabi-gcc/gcc-arm-none-eabi-10.3-2021.10-win32/gcc-arm-none-eabi-10.3-2021.10/bin/../lib/gcc/arm-none-eabi/10.3.1/../../../../arm-none-eabi/lib/thumb/v7e-m+fp/hard\libg.a(lib_a-fini.o)
                0x08002b70                __libc_fini_array
 .text.__retarget_lock_acquire_recursive
                0x08002b9c        0x4 f:/work/arm-none-eabi-gcc/gcc-arm-none-eabi-10.3-2021.10-win32/gcc-arm-none-eabi-10.3-2021.10/bin/../lib/gcc/arm-none-eabi/10.3.1/../../../../arm-none-eabi/lib/thumb/v7e-m+fp/hard\libg.a(lib_a-lock.o)
                0x08002b9c                __retarget_lock_acquire_recursive
 .text.__retarget_lock_release_recursive
                0x08002ba0        0x4 f:/work/arm-none-eabi-gcc/gcc-arm-none-eabi-10.3-2021.10-win32/gcc-arm-none-eabi-10.3-2021.10/bin/../lib/gcc/arm-none-eabi/10.3.1/../../../../arm-none-eabi/lib/thumb/v7e-m+fp/hard\libg.a(lib_a-lock.o)
                0x08002ba0                __retarget_lock_release_recursive
 .text.__register_exitproc
                0x08002ba4       0x8c f:/work/arm-none-eabi-gcc/gcc-arm-none-eabi-10.3-2021.10-win32/gcc-arm-none-eabi-10.3-2021.10/bin/../lib/gcc/arm-none-eabi/10.3.1/../../../../arm-none-eabi/lib/thumb/v7e-m+fp/hard\libg.a(lib_a-__atexit.o)
                0x08002ba4                __register_exitproc
 *(.glue_7)
 .glue_7        0x08002c30        0x0 linker stubs
 *(.glue_7t)
 .glue_7t       0x08002c30        0x0 linker stubs
 *(.eh_frame)
 .eh_frame      0x08002c30        0x0 f:/work/arm-none-eabi-gcc/gcc-arm-none-eabi-10.3-2021.10-win32/gcc-arm-none-eabi-10.3-2021.10/bin/../lib/gcc/arm-none-eabi/10.3.1/thumb/v7e-m+fp/hard/crtbegin.o
 *(.init)
 .init          0x08002c30        0x4 f:/work/arm-none-eabi-gcc/gcc-arm-none-eabi-10.3-2021.10-win32/gcc-arm-none-eabi-10.3-2021.10/bin/../lib/gcc/arm-none-eabi/10.3.1/thumb/v7e-m+fp/hard/crti.o
                0x08002c30                _init
 .init          0x08002c34        0x8 f:/work/arm-none-eabi-gcc/gcc-arm-none-eabi-10.3-2021.10-win32/gcc-arm-none-eabi-10.3-2021.10/bin/../lib/gcc/arm-none-eabi/10.3.1/thumb/v7e-m+fp/hard/crtn.o
 *(.fini)
 .fini          0x08002c3c        0x4 f:/work/arm-none-eabi-gcc/gcc-arm-none-eabi-10.3-2021.10-win32/gcc-arm-none-eabi-10.3-2021.10/bin/../lib/gcc/arm-none-eabi/10.3.1/thumb/v7e-m+fp/hard/crti.o
                0x08002c3c                _fini
 .fini          0x08002c40        0x8 f:/work/arm-none-eabi-gcc/gcc-arm-none-eabi-10.3-2021.10-win32/gcc-arm-none-eabi-10.3-2021.10/bin/../lib/gcc/arm-none-eabi/10.3.1/thumb/v7e-m+fp/hard/crtn.o
                0x08002c48                . = ALIGN (0x4)
                0x08002c48                _etext = .

.vfp11_veneer   0x08002c48        0x0
 .vfp11_veneer  0x08002c48        0x0 linker stubs

.v4_bx          0x08002c48        0x0
 .v4_bx         0x08002c48        0x0 linker stubs

.iplt           0x08002c48        0x0
 .iplt          0x08002c48        0x0 f:/work/arm-none-eabi-gcc/gcc-arm-none-eabi-10.3-2021.10-win32/gcc-arm-none-eabi-10.3-2021.10/bin/../lib/gcc/arm-none-eabi/10.3.1/thumb/v7e-m+fp/hard/crtbegin.o

.rodata         0x08002c48       0x38
                0x08002c48                . = ALIGN (0x4)
 *(.rodata)
 *(.rodata*)
 .rodata.AppTaskCreate.str1.4
                0x08002c48        0x9 CMakeFiles/FreeRTOS01.elf.dir/Core/Src/main.c.obj
 *fill*         0x08002c51        0x3 
 .rodata.main.str1.4
                0x08002c54        0xe CMakeFiles/FreeRTOS01.elf.dir/Core/Src/main.c.obj
 *fill*         0x08002c62        0x2 
 .rodata.D1CorePrescTable
                0x08002c64       0x10 CMakeFiles/FreeRTOS01.elf.dir/Core/Src/system_stm32h7xx.c.obj
                0x08002c64                D1CorePrescTable
 .rodata.vTaskStartScheduler.str1.4
                0x08002c74        0x5 CMakeFiles/FreeRTOS01.elf.dir/Middlewares/Third_Party/FreeRTOS/Source/tasks.c.obj
 *fill*         0x08002c79        0x3 
 .rodata._global_impure_ptr
                0x08002c7c        0x4 f:/work/arm-none-eabi-gcc/gcc-arm-none-eabi-10.3-2021.10-win32/gcc-arm-none-eabi-10.3-2021.10/bin/../lib/gcc/arm-none-eabi/10.3.1/../../../../arm-none-eabi/lib/thumb/v7e-m+fp/hard\libg.a(lib_a-impure.o)
                0x08002c7c                _global_impure_ptr
                0x08002c80                . = ALIGN (0x4)

.rel.dyn        0x08002c80        0x0
 .rel.iplt      0x08002c80        0x0 f:/work/arm-none-eabi-gcc/gcc-arm-none-eabi-10.3-2021.10-win32/gcc-arm-none-eabi-10.3-2021.10/bin/../lib/gcc/arm-none-eabi/10.3.1/thumb/v7e-m+fp/hard/crtbegin.o

.ARM.extab
 *(.ARM.extab* .gnu.linkonce.armextab.*)

.ARM            0x08002c80        0x0
                0x08002c80                __exidx_start = .
 *(.ARM.exidx*)
                0x08002c80                __exidx_end = .

.preinit_array  0x08002c80        0x0
                0x08002c80                PROVIDE (__preinit_array_start = .)
 *(.preinit_array*)
                0x08002c80                PROVIDE (__preinit_array_end = .)

.init_array     0x08002c80        0x8
                0x08002c80                PROVIDE (__init_array_start = .)
 *(SORT_BY_NAME(.init_array.*))
 .init_array.00000
                0x08002c80        0x4 f:/work/arm-none-eabi-gcc/gcc-arm-none-eabi-10.3-2021.10-win32/gcc-arm-none-eabi-10.3-2021.10/bin/../lib/gcc/arm-none-eabi/10.3.1/../../../../arm-none-eabi/lib/thumb/v7e-m+fp/hard\libg.a(lib_a-__call_atexit.o)
 *(.init_array*)
 .init_array    0x08002c84        0x4 f:/work/arm-none-eabi-gcc/gcc-arm-none-eabi-10.3-2021.10-win32/gcc-arm-none-eabi-10.3-2021.10/bin/../lib/gcc/arm-none-eabi/10.3.1/thumb/v7e-m+fp/hard/crtbegin.o
                0x08002c88                PROVIDE (__init_array_end = .)

.fini_array     0x08002c88        0x4
                0x08002c88                PROVIDE (__fini_array_start = .)
 *(SORT_BY_NAME(.fini_array.*))
 *(.fini_array*)
 .fini_array    0x08002c88        0x4 f:/work/arm-none-eabi-gcc/gcc-arm-none-eabi-10.3-2021.10-win32/gcc-arm-none-eabi-10.3-2021.10/bin/../lib/gcc/arm-none-eabi/10.3.1/thumb/v7e-m+fp/hard/crtbegin.o
                0x08002c8c                PROVIDE (__fini_array_end = .)
                0x08002c8c                _sidata = LOADADDR (.data)

.data           0x24000000      0x444 load address 0x08002c8c
                0x24000000                . = ALIGN (0x4)
                0x24000000                _sdata = .
 *(.data)
 *(.data*)
 .data.SystemCoreClock
                0x24000000        0x4 CMakeFiles/FreeRTOS01.elf.dir/Core/Src/system_stm32h7xx.c.obj
                0x24000000                SystemCoreClock
 .data.SystemD2Clock
                0x24000004        0x4 CMakeFiles/FreeRTOS01.elf.dir/Core/Src/system_stm32h7xx.c.obj
                0x24000004                SystemD2Clock
 .data.uwTickFreq
                0x24000008        0x1 CMakeFiles/FreeRTOS01.elf.dir/Drivers/STM32H7xx_HAL_Driver/Src/stm32h7xx_hal.c.obj
                0x24000008                uwTickFreq
 *fill*         0x24000009        0x3 
 .data.uwTickPrio
                0x2400000c        0x4 CMakeFiles/FreeRTOS01.elf.dir/Drivers/STM32H7xx_HAL_Driver/Src/stm32h7xx_hal.c.obj
                0x2400000c                uwTickPrio
 .data.uxCriticalNesting
                0x24000010        0x4 CMakeFiles/FreeRTOS01.elf.dir/Middlewares/Third_Party/FreeRTOS/Source/portable/GCC/ARM_CM4F/port.c.obj
 *fill*         0x24000014        0x4 
 .data.impure_data
                0x24000018      0x428 f:/work/arm-none-eabi-gcc/gcc-arm-none-eabi-10.3-2021.10-win32/gcc-arm-none-eabi-10.3-2021.10/bin/../lib/gcc/arm-none-eabi/10.3.1/../../../../arm-none-eabi/lib/thumb/v7e-m+fp/hard\libg.a(lib_a-impure.o)
 .data.__atexit_recursive_mutex
                0x24000440        0x4 f:/work/arm-none-eabi-gcc/gcc-arm-none-eabi-10.3-2021.10-win32/gcc-arm-none-eabi-10.3-2021.10/bin/../lib/gcc/arm-none-eabi/10.3.1/../../../../arm-none-eabi/lib/thumb/v7e-m+fp/hard\libg.a(lib_a-__call_atexit.o)
                0x24000440                __atexit_recursive_mutex
 *(.RamFunc)
 *(.RamFunc*)
                0x24000444                . = ALIGN (0x4)
                0x24000444                _edata = .

.igot.plt       0x24000444        0x0 load address 0x080030d0
 .igot.plt      0x24000444        0x0 f:/work/arm-none-eabi-gcc/gcc-arm-none-eabi-10.3-2021.10-win32/gcc-arm-none-eabi-10.3-2021.10/bin/../lib/gcc/arm-none-eabi/10.3.1/thumb/v7e-m+fp/hard/crtbegin.o
                0x24000444                . = ALIGN (0x4)

.bss            0x24000444     0x4020 load address 0x080030d0
                0x24000444                _sbss = .
                0x24000444                __bss_start__ = _sbss
 *(.bss)
 .bss           0x24000444       0x1c f:/work/arm-none-eabi-gcc/gcc-arm-none-eabi-10.3-2021.10-win32/gcc-arm-none-eabi-10.3-2021.10/bin/../lib/gcc/arm-none-eabi/10.3.1/thumb/v7e-m+fp/hard/crtbegin.o
 *(.bss*)
 .bss.xIdleStack
                0x24000460      0x200 CMakeFiles/FreeRTOS01.elf.dir/Core/Src/freertos.c.obj
 .bss.xIdleTaskTCBBuffer
                0x24000660       0x54 CMakeFiles/FreeRTOS01.elf.dir/Core/Src/freertos.c.obj
 .bss.AppTaskCreate_Handle
                0x240006b4        0x4 CMakeFiles/FreeRTOS01.elf.dir/Core/Src/main.c.obj
 .bss.LED_Task_Handle
                0x240006b8        0x4 CMakeFiles/FreeRTOS01.elf.dir/Core/Src/main.c.obj
 .bss.htim1     0x240006bc       0x4c CMakeFiles/FreeRTOS01.elf.dir/Core/Src/stm32h7xx_hal_timebase_tim.c.obj
                0x240006bc                htim1
 .bss.uwTick    0x24000708        0x4 CMakeFiles/FreeRTOS01.elf.dir/Drivers/STM32H7xx_HAL_Driver/Src/stm32h7xx_hal.c.obj
                0x24000708                uwTick
 .bss.ucMaxSysCallPriority
                0x2400070c        0x1 CMakeFiles/FreeRTOS01.elf.dir/Middlewares/Third_Party/FreeRTOS/Source/portable/GCC/ARM_CM4F/port.c.obj
 *fill*         0x2400070d        0x3 
 .bss.ulMaxPRIGROUPValue
                0x24000710        0x4 CMakeFiles/FreeRTOS01.elf.dir/Middlewares/Third_Party/FreeRTOS/Source/portable/GCC/ARM_CM4F/port.c.obj
 .bss.pxEnd     0x24000714        0x4 CMakeFiles/FreeRTOS01.elf.dir/Middlewares/Third_Party/FreeRTOS/Source/portable/MemMang/heap_4.c.obj
 .bss.ucHeap    0x24000718     0x3c00 CMakeFiles/FreeRTOS01.elf.dir/Middlewares/Third_Party/FreeRTOS/Source/portable/MemMang/heap_4.c.obj
 .bss.xBlockAllocatedBit
                0x24004318        0x4 CMakeFiles/FreeRTOS01.elf.dir/Middlewares/Third_Party/FreeRTOS/Source/portable/MemMang/heap_4.c.obj
 .bss.xFreeBytesRemaining
                0x2400431c        0x4 CMakeFiles/FreeRTOS01.elf.dir/Middlewares/Third_Party/FreeRTOS/Source/portable/MemMang/heap_4.c.obj
 .bss.xMinimumEverFreeBytesRemaining
                0x24004320        0x4 CMakeFiles/FreeRTOS01.elf.dir/Middlewares/Third_Party/FreeRTOS/Source/portable/MemMang/heap_4.c.obj
 .bss.xNumberOfSuccessfulAllocations
                0x24004324        0x4 CMakeFiles/FreeRTOS01.elf.dir/Middlewares/Third_Party/FreeRTOS/Source/portable/MemMang/heap_4.c.obj
 .bss.xNumberOfSuccessfulFrees
                0x24004328        0x4 CMakeFiles/FreeRTOS01.elf.dir/Middlewares/Third_Party/FreeRTOS/Source/portable/MemMang/heap_4.c.obj
 .bss.xStart    0x2400432c        0x8 CMakeFiles/FreeRTOS01.elf.dir/Middlewares/Third_Party/FreeRTOS/Source/portable/MemMang/heap_4.c.obj
 .bss.pxCurrentTCB
                0x24004334        0x4 CMakeFiles/FreeRTOS01.elf.dir/Middlewares/Third_Party/FreeRTOS/Source/tasks.c.obj
                0x24004334                pxCurrentTCB
 .bss.pxDelayedTaskList
                0x24004338        0x4 CMakeFiles/FreeRTOS01.elf.dir/Middlewares/Third_Party/FreeRTOS/Source/tasks.c.obj
 .bss.pxOverflowDelayedTaskList
                0x2400433c        0x4 CMakeFiles/FreeRTOS01.elf.dir/Middlewares/Third_Party/FreeRTOS/Source/tasks.c.obj
 .bss.pxReadyTasksLists
                0x24004340       0x8c CMakeFiles/FreeRTOS01.elf.dir/Middlewares/Third_Party/FreeRTOS/Source/tasks.c.obj
 .bss.uxCurrentNumberOfTasks
                0x240043cc        0x4 CMakeFiles/FreeRTOS01.elf.dir/Middlewares/Third_Party/FreeRTOS/Source/tasks.c.obj
 .bss.uxDeletedTasksWaitingCleanUp
                0x240043d0        0x4 CMakeFiles/FreeRTOS01.elf.dir/Middlewares/Third_Party/FreeRTOS/Source/tasks.c.obj
 .bss.uxSchedulerSuspended
                0x240043d4        0x4 CMakeFiles/FreeRTOS01.elf.dir/Middlewares/Third_Party/FreeRTOS/Source/tasks.c.obj
 .bss.uxTaskNumber
                0x240043d8        0x4 CMakeFiles/FreeRTOS01.elf.dir/Middlewares/Third_Party/FreeRTOS/Source/tasks.c.obj
 .bss.uxTopReadyPriority
                0x240043dc        0x4 CMakeFiles/FreeRTOS01.elf.dir/Middlewares/Third_Party/FreeRTOS/Source/tasks.c.obj
 .bss.xDelayedTaskList1
                0x240043e0       0x14 CMakeFiles/FreeRTOS01.elf.dir/Middlewares/Third_Party/FreeRTOS/Source/tasks.c.obj
 .bss.xDelayedTaskList2
                0x240043f4       0x14 CMakeFiles/FreeRTOS01.elf.dir/Middlewares/Third_Party/FreeRTOS/Source/tasks.c.obj
 .bss.xIdleTaskHandle
                0x24004408        0x4 CMakeFiles/FreeRTOS01.elf.dir/Middlewares/Third_Party/FreeRTOS/Source/tasks.c.obj
 .bss.xNextTaskUnblockTime
                0x2400440c        0x4 CMakeFiles/FreeRTOS01.elf.dir/Middlewares/Third_Party/FreeRTOS/Source/tasks.c.obj
 .bss.xNumOfOverflows
                0x24004410        0x4 CMakeFiles/FreeRTOS01.elf.dir/Middlewares/Third_Party/FreeRTOS/Source/tasks.c.obj
 .bss.xPendedTicks
                0x24004414        0x4 CMakeFiles/FreeRTOS01.elf.dir/Middlewares/Third_Party/FreeRTOS/Source/tasks.c.obj
 .bss.xPendingReadyList
                0x24004418       0x14 CMakeFiles/FreeRTOS01.elf.dir/Middlewares/Third_Party/FreeRTOS/Source/tasks.c.obj
 .bss.xSchedulerRunning
                0x2400442c        0x4 CMakeFiles/FreeRTOS01.elf.dir/Middlewares/Third_Party/FreeRTOS/Source/tasks.c.obj
 .bss.xSuspendedTaskList
                0x24004430       0x14 CMakeFiles/FreeRTOS01.elf.dir/Middlewares/Third_Party/FreeRTOS/Source/tasks.c.obj
 .bss.xTasksWaitingTermination
                0x24004444       0x14 CMakeFiles/FreeRTOS01.elf.dir/Middlewares/Third_Party/FreeRTOS/Source/tasks.c.obj
 .bss.xTickCount
                0x24004458        0x4 CMakeFiles/FreeRTOS01.elf.dir/Middlewares/Third_Party/FreeRTOS/Source/tasks.c.obj
 .bss.xYieldPending
                0x2400445c        0x4 CMakeFiles/FreeRTOS01.elf.dir/Middlewares/Third_Party/FreeRTOS/Source/tasks.c.obj
 .bss.__lock___atexit_recursive_mutex
                0x24004460        0x1 f:/work/arm-none-eabi-gcc/gcc-arm-none-eabi-10.3-2021.10-win32/gcc-arm-none-eabi-10.3-2021.10/bin/../lib/gcc/arm-none-eabi/10.3.1/../../../../arm-none-eabi/lib/thumb/v7e-m+fp/hard\libg.a(lib_a-lock.o)
                0x24004460                __lock___atexit_recursive_mutex
 *(COMMON)
                0x24004464                . = ALIGN (0x4)
 *fill*         0x24004461        0x3 
                0x24004464                _ebss = .
                0x24004464                __bss_end__ = _ebss

._user_heap_stack
                0x24004464      0x804 load address 0x080030d0
                0x24004468                . = ALIGN (0x8)
 *fill*         0x24004464        0x4 
                [!provide]                PROVIDE (end = .)
                0x24004468                PROVIDE (_end = .)
                0x24004868                . = (. + _Min_Heap_Size)
 *fill*         0x24004468      0x400 
                0x24004c68                . = (. + _Min_Stack_Size)
 *fill*         0x24004868      0x400 
                0x24004c68                . = ALIGN (0x8)

/DISCARD/
 libc.a(*)
 libm.a(*)
 libgcc.a(*)

.ARM.attributes
                0x00000000       0x30
 *(.ARM.attributes)
 .ARM.attributes
                0x00000000       0x1e f:/work/arm-none-eabi-gcc/gcc-arm-none-eabi-10.3-2021.10-win32/gcc-arm-none-eabi-10.3-2021.10/bin/../lib/gcc/arm-none-eabi/10.3.1/thumb/v7e-m+fp/hard/crti.o
 .ARM.attributes
                0x0000001e       0x34 f:/work/arm-none-eabi-gcc/gcc-arm-none-eabi-10.3-2021.10-win32/gcc-arm-none-eabi-10.3-2021.10/bin/../lib/gcc/arm-none-eabi/10.3.1/thumb/v7e-m+fp/hard/crtbegin.o
 .ARM.attributes
                0x00000052       0x34 CMakeFiles/FreeRTOS01.elf.dir/Core/Src/freertos.c.obj
 .ARM.attributes
                0x00000086       0x34 CMakeFiles/FreeRTOS01.elf.dir/Core/Src/gpio.c.obj
 .ARM.attributes
                0x000000ba       0x34 CMakeFiles/FreeRTOS01.elf.dir/Core/Src/main.c.obj
 .ARM.attributes
                0x000000ee       0x34 CMakeFiles/FreeRTOS01.elf.dir/Core/Src/stm32h7xx_hal_msp.c.obj
 .ARM.attributes
                0x00000122       0x34 CMakeFiles/FreeRTOS01.elf.dir/Core/Src/stm32h7xx_hal_timebase_tim.c.obj
 .ARM.attributes
                0x00000156       0x34 CMakeFiles/FreeRTOS01.elf.dir/Core/Src/stm32h7xx_it.c.obj
 .ARM.attributes
                0x0000018a       0x34 CMakeFiles/FreeRTOS01.elf.dir/Core/Src/system_stm32h7xx.c.obj
 .ARM.attributes
                0x000001be       0x21 CMakeFiles/FreeRTOS01.elf.dir/Core/Startup/startup_stm32h750vbtx.s.obj
 .ARM.attributes
                0x000001df       0x34 CMakeFiles/FreeRTOS01.elf.dir/Drivers/STM32H7xx_HAL_Driver/Src/stm32h7xx_hal.c.obj
 .ARM.attributes
                0x00000213       0x34 CMakeFiles/FreeRTOS01.elf.dir/Drivers/STM32H7xx_HAL_Driver/Src/stm32h7xx_hal_cortex.c.obj
 .ARM.attributes
                0x00000247       0x34 CMakeFiles/FreeRTOS01.elf.dir/Drivers/STM32H7xx_HAL_Driver/Src/stm32h7xx_hal_gpio.c.obj
 .ARM.attributes
                0x0000027b       0x34 CMakeFiles/FreeRTOS01.elf.dir/Drivers/STM32H7xx_HAL_Driver/Src/stm32h7xx_hal_pwr_ex.c.obj
 .ARM.attributes
                0x000002af       0x34 CMakeFiles/FreeRTOS01.elf.dir/Drivers/STM32H7xx_HAL_Driver/Src/stm32h7xx_hal_rcc.c.obj
 .ARM.attributes
                0x000002e3       0x34 CMakeFiles/FreeRTOS01.elf.dir/Drivers/STM32H7xx_HAL_Driver/Src/stm32h7xx_hal_tim.c.obj
 .ARM.attributes
                0x00000317       0x34 CMakeFiles/FreeRTOS01.elf.dir/Drivers/STM32H7xx_HAL_Driver/Src/stm32h7xx_hal_tim_ex.c.obj
 .ARM.attributes
                0x0000034b       0x34 CMakeFiles/FreeRTOS01.elf.dir/Middlewares/Third_Party/FreeRTOS/Source/list.c.obj
 .ARM.attributes
                0x0000037f       0x34 CMakeFiles/FreeRTOS01.elf.dir/Middlewares/Third_Party/FreeRTOS/Source/portable/GCC/ARM_CM4F/port.c.obj
 .ARM.attributes
                0x000003b3       0x34 CMakeFiles/FreeRTOS01.elf.dir/Middlewares/Third_Party/FreeRTOS/Source/portable/MemMang/heap_4.c.obj
 .ARM.attributes
                0x000003e7       0x34 CMakeFiles/FreeRTOS01.elf.dir/Middlewares/Third_Party/FreeRTOS/Source/tasks.c.obj
 .ARM.attributes
                0x0000041b       0x34 f:/work/arm-none-eabi-gcc/gcc-arm-none-eabi-10.3-2021.10-win32/gcc-arm-none-eabi-10.3-2021.10/bin/../lib/gcc/arm-none-eabi/10.3.1/../../../../arm-none-eabi/lib/thumb/v7e-m+fp/hard\libg.a(lib_a-impure.o)
 .ARM.attributes
                0x0000044f       0x34 f:/work/arm-none-eabi-gcc/gcc-arm-none-eabi-10.3-2021.10-win32/gcc-arm-none-eabi-10.3-2021.10/bin/../lib/gcc/arm-none-eabi/10.3.1/../../../../arm-none-eabi/lib/thumb/v7e-m+fp/hard\libg.a(lib_a-init.o)
 .ARM.attributes
                0x00000483       0x34 f:/work/arm-none-eabi-gcc/gcc-arm-none-eabi-10.3-2021.10-win32/gcc-arm-none-eabi-10.3-2021.10/bin/../lib/gcc/arm-none-eabi/10.3.1/../../../../arm-none-eabi/lib/thumb/v7e-m+fp/hard\libg.a(lib_a-memset.o)
 .ARM.attributes
                0x000004b7       0x34 f:/work/arm-none-eabi-gcc/gcc-arm-none-eabi-10.3-2021.10-win32/gcc-arm-none-eabi-10.3-2021.10/bin/../lib/gcc/arm-none-eabi/10.3.1/../../../../arm-none-eabi/lib/thumb/v7e-m+fp/hard\libg.a(lib_a-__call_atexit.o)
 .ARM.attributes
                0x000004eb       0x34 f:/work/arm-none-eabi-gcc/gcc-arm-none-eabi-10.3-2021.10-win32/gcc-arm-none-eabi-10.3-2021.10/bin/../lib/gcc/arm-none-eabi/10.3.1/../../../../arm-none-eabi/lib/thumb/v7e-m+fp/hard\libg.a(lib_a-atexit.o)
 .ARM.attributes
                0x0000051f       0x34 f:/work/arm-none-eabi-gcc/gcc-arm-none-eabi-10.3-2021.10-win32/gcc-arm-none-eabi-10.3-2021.10/bin/../lib/gcc/arm-none-eabi/10.3.1/../../../../arm-none-eabi/lib/thumb/v7e-m+fp/hard\libg.a(lib_a-fini.o)
 .ARM.attributes
                0x00000553       0x34 f:/work/arm-none-eabi-gcc/gcc-arm-none-eabi-10.3-2021.10-win32/gcc-arm-none-eabi-10.3-2021.10/bin/../lib/gcc/arm-none-eabi/10.3.1/../../../../arm-none-eabi/lib/thumb/v7e-m+fp/hard\libg.a(lib_a-lock.o)
 .ARM.attributes
                0x00000587       0x34 f:/work/arm-none-eabi-gcc/gcc-arm-none-eabi-10.3-2021.10-win32/gcc-arm-none-eabi-10.3-2021.10/bin/../lib/gcc/arm-none-eabi/10.3.1/../../../../arm-none-eabi/lib/thumb/v7e-m+fp/hard\libg.a(lib_a-__atexit.o)
 .ARM.attributes
                0x000005bb       0x1e f:/work/arm-none-eabi-gcc/gcc-arm-none-eabi-10.3-2021.10-win32/gcc-arm-none-eabi-10.3-2021.10/bin/../lib/gcc/arm-none-eabi/10.3.1/thumb/v7e-m+fp/hard/crtn.o
OUTPUT(FreeRTOS01.elf elf32-littlearm)
LOAD linker stubs
LOAD f:/work/arm-none-eabi-gcc/gcc-arm-none-eabi-10.3-2021.10-win32/gcc-arm-none-eabi-10.3-2021.10/bin/../lib/gcc/arm-none-eabi/10.3.1/../../../../arm-none-eabi/lib/thumb/v7e-m+fp/hard\libc.a
LOAD f:/work/arm-none-eabi-gcc/gcc-arm-none-eabi-10.3-2021.10-win32/gcc-arm-none-eabi-10.3-2021.10/bin/../lib/gcc/arm-none-eabi/10.3.1/../../../../arm-none-eabi/lib/thumb/v7e-m+fp/hard\libm.a
LOAD f:/work/arm-none-eabi-gcc/gcc-arm-none-eabi-10.3-2021.10-win32/gcc-arm-none-eabi-10.3-2021.10/bin/../lib/gcc/arm-none-eabi/10.3.1/thumb/v7e-m+fp/hard\libgcc.a

.debug_info     0x00000000    0x148a5
 .debug_info    0x00000000      0x544 CMakeFiles/FreeRTOS01.elf.dir/Core/Src/freertos.c.obj
 .debug_info    0x00000544      0x657 CMakeFiles/FreeRTOS01.elf.dir/Core/Src/gpio.c.obj
 .debug_info    0x00000b9b     0x1b80 CMakeFiles/FreeRTOS01.elf.dir/Core/Src/main.c.obj
 .debug_info    0x0000271b      0x85c CMakeFiles/FreeRTOS01.elf.dir/Core/Src/stm32h7xx_hal_msp.c.obj
 .debug_info    0x00002f77     0x112d CMakeFiles/FreeRTOS01.elf.dir/Core/Src/stm32h7xx_hal_timebase_tim.c.obj
 .debug_info    0x000040a4      0x824 CMakeFiles/FreeRTOS01.elf.dir/Core/Src/stm32h7xx_it.c.obj
 .debug_info    0x000048c8      0xd30 CMakeFiles/FreeRTOS01.elf.dir/Core/Src/system_stm32h7xx.c.obj
 .debug_info    0x000055f8       0x22 CMakeFiles/FreeRTOS01.elf.dir/Core/Startup/startup_stm32h750vbtx.s.obj
 .debug_info    0x0000561a     0x16a6 CMakeFiles/FreeRTOS01.elf.dir/Drivers/STM32H7xx_HAL_Driver/Src/stm32h7xx_hal.c.obj
 .debug_info    0x00006cc0     0x13f0 CMakeFiles/FreeRTOS01.elf.dir/Drivers/STM32H7xx_HAL_Driver/Src/stm32h7xx_hal_cortex.c.obj
 .debug_info    0x000080b0      0xd66 CMakeFiles/FreeRTOS01.elf.dir/Drivers/STM32H7xx_HAL_Driver/Src/stm32h7xx_hal_gpio.c.obj
 .debug_info    0x00008e16     0x122e CMakeFiles/FreeRTOS01.elf.dir/Drivers/STM32H7xx_HAL_Driver/Src/stm32h7xx_hal_pwr_ex.c.obj
 .debug_info    0x0000a044     0x1230 CMakeFiles/FreeRTOS01.elf.dir/Drivers/STM32H7xx_HAL_Driver/Src/stm32h7xx_hal_rcc.c.obj
 .debug_info    0x0000b274     0x4003 CMakeFiles/FreeRTOS01.elf.dir/Drivers/STM32H7xx_HAL_Driver/Src/stm32h7xx_hal_tim.c.obj
 .debug_info    0x0000f277     0x1e7d CMakeFiles/FreeRTOS01.elf.dir/Drivers/STM32H7xx_HAL_Driver/Src/stm32h7xx_hal_tim_ex.c.obj
 .debug_info    0x000110f4      0x2e0 CMakeFiles/FreeRTOS01.elf.dir/Middlewares/Third_Party/FreeRTOS/Source/list.c.obj
 .debug_info    0x000113d4      0x587 CMakeFiles/FreeRTOS01.elf.dir/Middlewares/Third_Party/FreeRTOS/Source/portable/GCC/ARM_CM4F/port.c.obj
 .debug_info    0x0001195b      0x5d9 CMakeFiles/FreeRTOS01.elf.dir/Middlewares/Third_Party/FreeRTOS/Source/portable/MemMang/heap_4.c.obj
 .debug_info    0x00011f34     0x2971 CMakeFiles/FreeRTOS01.elf.dir/Middlewares/Third_Party/FreeRTOS/Source/tasks.c.obj

.debug_abbrev   0x00000000     0x26c5
 .debug_abbrev  0x00000000      0x199 CMakeFiles/FreeRTOS01.elf.dir/Core/Src/freertos.c.obj
 .debug_abbrev  0x00000199      0x181 CMakeFiles/FreeRTOS01.elf.dir/Core/Src/gpio.c.obj
 .debug_abbrev  0x0000031a      0x310 CMakeFiles/FreeRTOS01.elf.dir/Core/Src/main.c.obj
 .debug_abbrev  0x0000062a      0x12a CMakeFiles/FreeRTOS01.elf.dir/Core/Src/stm32h7xx_hal_msp.c.obj
 .debug_abbrev  0x00000754      0x21f CMakeFiles/FreeRTOS01.elf.dir/Core/Src/stm32h7xx_hal_timebase_tim.c.obj
 .debug_abbrev  0x00000973      0x179 CMakeFiles/FreeRTOS01.elf.dir/Core/Src/stm32h7xx_it.c.obj
 .debug_abbrev  0x00000aec      0x14a CMakeFiles/FreeRTOS01.elf.dir/Core/Src/system_stm32h7xx.c.obj
 .debug_abbrev  0x00000c36       0x12 CMakeFiles/FreeRTOS01.elf.dir/Core/Startup/startup_stm32h750vbtx.s.obj
 .debug_abbrev  0x00000c48      0x264 CMakeFiles/FreeRTOS01.elf.dir/Drivers/STM32H7xx_HAL_Driver/Src/stm32h7xx_hal.c.obj
 .debug_abbrev  0x00000eac      0x37d CMakeFiles/FreeRTOS01.elf.dir/Drivers/STM32H7xx_HAL_Driver/Src/stm32h7xx_hal_cortex.c.obj
 .debug_abbrev  0x00001229      0x239 CMakeFiles/FreeRTOS01.elf.dir/Drivers/STM32H7xx_HAL_Driver/Src/stm32h7xx_hal_gpio.c.obj
 .debug_abbrev  0x00001462      0x29b CMakeFiles/FreeRTOS01.elf.dir/Drivers/STM32H7xx_HAL_Driver/Src/stm32h7xx_hal_pwr_ex.c.obj
 .debug_abbrev  0x000016fd      0x27f CMakeFiles/FreeRTOS01.elf.dir/Drivers/STM32H7xx_HAL_Driver/Src/stm32h7xx_hal_rcc.c.obj
 .debug_abbrev  0x0000197c      0x232 CMakeFiles/FreeRTOS01.elf.dir/Drivers/STM32H7xx_HAL_Driver/Src/stm32h7xx_hal_tim.c.obj
 .debug_abbrev  0x00001bae      0x248 CMakeFiles/FreeRTOS01.elf.dir/Drivers/STM32H7xx_HAL_Driver/Src/stm32h7xx_hal_tim_ex.c.obj
 .debug_abbrev  0x00001df6      0x106 CMakeFiles/FreeRTOS01.elf.dir/Middlewares/Third_Party/FreeRTOS/Source/list.c.obj
 .debug_abbrev  0x00001efc      0x26b CMakeFiles/FreeRTOS01.elf.dir/Middlewares/Third_Party/FreeRTOS/Source/portable/GCC/ARM_CM4F/port.c.obj
 .debug_abbrev  0x00002167      0x24b CMakeFiles/FreeRTOS01.elf.dir/Middlewares/Third_Party/FreeRTOS/Source/portable/MemMang/heap_4.c.obj
 .debug_abbrev  0x000023b2      0x313 CMakeFiles/FreeRTOS01.elf.dir/Middlewares/Third_Party/FreeRTOS/Source/tasks.c.obj

.debug_loc      0x00000000     0xc0f7
 .debug_loc     0x00000000       0x25 CMakeFiles/FreeRTOS01.elf.dir/Core/Src/freertos.c.obj
 .debug_loc     0x00000025      0x13c CMakeFiles/FreeRTOS01.elf.dir/Core/Src/main.c.obj
 .debug_loc     0x00000161       0x87 CMakeFiles/FreeRTOS01.elf.dir/Core/Src/stm32h7xx_hal_timebase_tim.c.obj
 .debug_loc     0x000001e8      0x1a0 CMakeFiles/FreeRTOS01.elf.dir/Core/Src/system_stm32h7xx.c.obj
 .debug_loc     0x00000388      0x3fa CMakeFiles/FreeRTOS01.elf.dir/Drivers/STM32H7xx_HAL_Driver/Src/stm32h7xx_hal.c.obj
 .debug_loc     0x00000782      0x726 CMakeFiles/FreeRTOS01.elf.dir/Drivers/STM32H7xx_HAL_Driver/Src/stm32h7xx_hal_cortex.c.obj
 .debug_loc     0x00000ea8      0x3c6 CMakeFiles/FreeRTOS01.elf.dir/Drivers/STM32H7xx_HAL_Driver/Src/stm32h7xx_hal_gpio.c.obj
 .debug_loc     0x0000126e      0x4df CMakeFiles/FreeRTOS01.elf.dir/Drivers/STM32H7xx_HAL_Driver/Src/stm32h7xx_hal_pwr_ex.c.obj
 .debug_loc     0x0000174d      0x90a CMakeFiles/FreeRTOS01.elf.dir/Drivers/STM32H7xx_HAL_Driver/Src/stm32h7xx_hal_rcc.c.obj
 .debug_loc     0x00002057     0x56cc CMakeFiles/FreeRTOS01.elf.dir/Drivers/STM32H7xx_HAL_Driver/Src/stm32h7xx_hal_tim.c.obj
 .debug_loc     0x00007723     0x257f CMakeFiles/FreeRTOS01.elf.dir/Drivers/STM32H7xx_HAL_Driver/Src/stm32h7xx_hal_tim_ex.c.obj
 .debug_loc     0x00009ca2       0xad CMakeFiles/FreeRTOS01.elf.dir/Middlewares/Third_Party/FreeRTOS/Source/list.c.obj
 .debug_loc     0x00009d4f      0x124 CMakeFiles/FreeRTOS01.elf.dir/Middlewares/Third_Party/FreeRTOS/Source/portable/GCC/ARM_CM4F/port.c.obj
 .debug_loc     0x00009e73      0x434 CMakeFiles/FreeRTOS01.elf.dir/Middlewares/Third_Party/FreeRTOS/Source/portable/MemMang/heap_4.c.obj
 .debug_loc     0x0000a2a7     0x1e50 CMakeFiles/FreeRTOS01.elf.dir/Middlewares/Third_Party/FreeRTOS/Source/tasks.c.obj

.debug_aranges  0x00000000      0xe48
 .debug_aranges
                0x00000000       0x30 CMakeFiles/FreeRTOS01.elf.dir/Core/Src/freertos.c.obj
 .debug_aranges
                0x00000030       0x20 CMakeFiles/FreeRTOS01.elf.dir/Core/Src/gpio.c.obj
 .debug_aranges
                0x00000050       0x50 CMakeFiles/FreeRTOS01.elf.dir/Core/Src/main.c.obj
 .debug_aranges
                0x000000a0       0x20 CMakeFiles/FreeRTOS01.elf.dir/Core/Src/stm32h7xx_hal_msp.c.obj
 .debug_aranges
                0x000000c0       0x30 CMakeFiles/FreeRTOS01.elf.dir/Core/Src/stm32h7xx_hal_timebase_tim.c.obj
 .debug_aranges
                0x000000f0       0x50 CMakeFiles/FreeRTOS01.elf.dir/Core/Src/stm32h7xx_it.c.obj
 .debug_aranges
                0x00000140       0x28 CMakeFiles/FreeRTOS01.elf.dir/Core/Src/system_stm32h7xx.c.obj
 .debug_aranges
                0x00000168       0x28 CMakeFiles/FreeRTOS01.elf.dir/Core/Startup/startup_stm32h750vbtx.s.obj
 .debug_aranges
                0x00000190      0x198 CMakeFiles/FreeRTOS01.elf.dir/Drivers/STM32H7xx_HAL_Driver/Src/stm32h7xx_hal.c.obj
 .debug_aranges
                0x00000328       0xb0 CMakeFiles/FreeRTOS01.elf.dir/Drivers/STM32H7xx_HAL_Driver/Src/stm32h7xx_hal_cortex.c.obj
 .debug_aranges
                0x000003d8       0x58 CMakeFiles/FreeRTOS01.elf.dir/Drivers/STM32H7xx_HAL_Driver/Src/stm32h7xx_hal_gpio.c.obj
 .debug_aranges
                0x00000430      0x158 CMakeFiles/FreeRTOS01.elf.dir/Drivers/STM32H7xx_HAL_Driver/Src/stm32h7xx_hal_pwr_ex.c.obj
 .debug_aranges
                0x00000588       0x88 CMakeFiles/FreeRTOS01.elf.dir/Drivers/STM32H7xx_HAL_Driver/Src/stm32h7xx_hal_rcc.c.obj
 .debug_aranges
                0x00000610      0x3e0 CMakeFiles/FreeRTOS01.elf.dir/Drivers/STM32H7xx_HAL_Driver/Src/stm32h7xx_hal_tim.c.obj
 .debug_aranges
                0x000009f0      0x188 CMakeFiles/FreeRTOS01.elf.dir/Drivers/STM32H7xx_HAL_Driver/Src/stm32h7xx_hal_tim_ex.c.obj
 .debug_aranges
                0x00000b78       0x40 CMakeFiles/FreeRTOS01.elf.dir/Middlewares/Third_Party/FreeRTOS/Source/list.c.obj
 .debug_aranges
                0x00000bb8       0x80 CMakeFiles/FreeRTOS01.elf.dir/Middlewares/Third_Party/FreeRTOS/Source/portable/GCC/ARM_CM4F/port.c.obj
 .debug_aranges
                0x00000c38       0x58 CMakeFiles/FreeRTOS01.elf.dir/Middlewares/Third_Party/FreeRTOS/Source/portable/MemMang/heap_4.c.obj
 .debug_aranges
                0x00000c90      0x1b8 CMakeFiles/FreeRTOS01.elf.dir/Middlewares/Third_Party/FreeRTOS/Source/tasks.c.obj

.debug_ranges   0x00000000      0xf40
 .debug_ranges  0x00000000       0x20 CMakeFiles/FreeRTOS01.elf.dir/Core/Src/freertos.c.obj
 .debug_ranges  0x00000020       0x10 CMakeFiles/FreeRTOS01.elf.dir/Core/Src/gpio.c.obj
 .debug_ranges  0x00000030       0x40 CMakeFiles/FreeRTOS01.elf.dir/Core/Src/main.c.obj
 .debug_ranges  0x00000070       0x10 CMakeFiles/FreeRTOS01.elf.dir/Core/Src/stm32h7xx_hal_msp.c.obj
 .debug_ranges  0x00000080       0x20 CMakeFiles/FreeRTOS01.elf.dir/Core/Src/stm32h7xx_hal_timebase_tim.c.obj
 .debug_ranges  0x000000a0       0x40 CMakeFiles/FreeRTOS01.elf.dir/Core/Src/stm32h7xx_it.c.obj
 .debug_ranges  0x000000e0       0x18 CMakeFiles/FreeRTOS01.elf.dir/Core/Src/system_stm32h7xx.c.obj
 .debug_ranges  0x000000f8       0x20 CMakeFiles/FreeRTOS01.elf.dir/Core/Startup/startup_stm32h750vbtx.s.obj
 .debug_ranges  0x00000118      0x188 CMakeFiles/FreeRTOS01.elf.dir/Drivers/STM32H7xx_HAL_Driver/Src/stm32h7xx_hal.c.obj
 .debug_ranges  0x000002a0      0x100 CMakeFiles/FreeRTOS01.elf.dir/Drivers/STM32H7xx_HAL_Driver/Src/stm32h7xx_hal_cortex.c.obj
 .debug_ranges  0x000003a0       0x48 CMakeFiles/FreeRTOS01.elf.dir/Drivers/STM32H7xx_HAL_Driver/Src/stm32h7xx_hal_gpio.c.obj
 .debug_ranges  0x000003e8      0x1a8 CMakeFiles/FreeRTOS01.elf.dir/Drivers/STM32H7xx_HAL_Driver/Src/stm32h7xx_hal_pwr_ex.c.obj
 .debug_ranges  0x00000590       0xe8 CMakeFiles/FreeRTOS01.elf.dir/Drivers/STM32H7xx_HAL_Driver/Src/stm32h7xx_hal_rcc.c.obj
 .debug_ranges  0x00000678      0x3d0 CMakeFiles/FreeRTOS01.elf.dir/Drivers/STM32H7xx_HAL_Driver/Src/stm32h7xx_hal_tim.c.obj
 .debug_ranges  0x00000a48      0x178 CMakeFiles/FreeRTOS01.elf.dir/Drivers/STM32H7xx_HAL_Driver/Src/stm32h7xx_hal_tim_ex.c.obj
 .debug_ranges  0x00000bc0       0x30 CMakeFiles/FreeRTOS01.elf.dir/Middlewares/Third_Party/FreeRTOS/Source/list.c.obj
 .debug_ranges  0x00000bf0       0x88 CMakeFiles/FreeRTOS01.elf.dir/Middlewares/Third_Party/FreeRTOS/Source/portable/GCC/ARM_CM4F/port.c.obj
 .debug_ranges  0x00000c78       0x48 CMakeFiles/FreeRTOS01.elf.dir/Middlewares/Third_Party/FreeRTOS/Source/portable/MemMang/heap_4.c.obj
 .debug_ranges  0x00000cc0      0x280 CMakeFiles/FreeRTOS01.elf.dir/Middlewares/Third_Party/FreeRTOS/Source/tasks.c.obj

.debug_line     0x00000000     0xfd87
 .debug_line    0x00000000      0x39a CMakeFiles/FreeRTOS01.elf.dir/Core/Src/freertos.c.obj
 .debug_line    0x0000039a      0x24b CMakeFiles/FreeRTOS01.elf.dir/Core/Src/gpio.c.obj
 .debug_line    0x000005e5      0x7f1 CMakeFiles/FreeRTOS01.elf.dir/Core/Src/main.c.obj
 .debug_line    0x00000dd6      0x22b CMakeFiles/FreeRTOS01.elf.dir/Core/Src/stm32h7xx_hal_msp.c.obj
 .debug_line    0x00001001      0x355 CMakeFiles/FreeRTOS01.elf.dir/Core/Src/stm32h7xx_hal_timebase_tim.c.obj
 .debug_line    0x00001356      0x318 CMakeFiles/FreeRTOS01.elf.dir/Core/Src/stm32h7xx_it.c.obj
 .debug_line    0x0000166e      0x4ff CMakeFiles/FreeRTOS01.elf.dir/Core/Src/system_stm32h7xx.c.obj
 .debug_line    0x00001b6d       0x9c CMakeFiles/FreeRTOS01.elf.dir/Core/Startup/startup_stm32h750vbtx.s.obj
 .debug_line    0x00001c09      0x96e CMakeFiles/FreeRTOS01.elf.dir/Drivers/STM32H7xx_HAL_Driver/Src/stm32h7xx_hal.c.obj
 .debug_line    0x00002577      0x839 CMakeFiles/FreeRTOS01.elf.dir/Drivers/STM32H7xx_HAL_Driver/Src/stm32h7xx_hal_cortex.c.obj
 .debug_line    0x00002db0      0x74e CMakeFiles/FreeRTOS01.elf.dir/Drivers/STM32H7xx_HAL_Driver/Src/stm32h7xx_hal_gpio.c.obj
 .debug_line    0x000034fe      0xb2e CMakeFiles/FreeRTOS01.elf.dir/Drivers/STM32H7xx_HAL_Driver/Src/stm32h7xx_hal_pwr_ex.c.obj
 .debug_line    0x0000402c     0x1375 CMakeFiles/FreeRTOS01.elf.dir/Drivers/STM32H7xx_HAL_Driver/Src/stm32h7xx_hal_rcc.c.obj
 .debug_line    0x000053a1     0x5100 CMakeFiles/FreeRTOS01.elf.dir/Drivers/STM32H7xx_HAL_Driver/Src/stm32h7xx_hal_tim.c.obj
 .debug_line    0x0000a4a1     0x1fc0 CMakeFiles/FreeRTOS01.elf.dir/Drivers/STM32H7xx_HAL_Driver/Src/stm32h7xx_hal_tim_ex.c.obj
 .debug_line    0x0000c461      0x3f4 CMakeFiles/FreeRTOS01.elf.dir/Middlewares/Third_Party/FreeRTOS/Source/list.c.obj
 .debug_line    0x0000c855      0x7a5 CMakeFiles/FreeRTOS01.elf.dir/Middlewares/Third_Party/FreeRTOS/Source/portable/GCC/ARM_CM4F/port.c.obj
 .debug_line    0x0000cffa      0x7f8 CMakeFiles/FreeRTOS01.elf.dir/Middlewares/Third_Party/FreeRTOS/Source/portable/MemMang/heap_4.c.obj
 .debug_line    0x0000d7f2     0x2595 CMakeFiles/FreeRTOS01.elf.dir/Middlewares/Third_Party/FreeRTOS/Source/tasks.c.obj

.debug_str      0x00000000     0x59eb
 .debug_str     0x00000000      0x4af CMakeFiles/FreeRTOS01.elf.dir/Core/Src/freertos.c.obj
                                0x524 (size before relaxing)
 .debug_str     0x000004af      0x2c6 CMakeFiles/FreeRTOS01.elf.dir/Core/Src/gpio.c.obj
                                0x4d4 (size before relaxing)
 .debug_str     0x00000775      0xba3 CMakeFiles/FreeRTOS01.elf.dir/Core/Src/main.c.obj
                               0x10fa (size before relaxing)
 .debug_str     0x00001318      0x859 CMakeFiles/FreeRTOS01.elf.dir/Core/Src/stm32h7xx_hal_msp.c.obj
                                0xc64 (size before relaxing)
 .debug_str     0x00001b71      0x130 CMakeFiles/FreeRTOS01.elf.dir/Core/Src/stm32h7xx_hal_timebase_tim.c.obj
                               0x1430 (size before relaxing)
 .debug_str     0x00001ca1       0xba CMakeFiles/FreeRTOS01.elf.dir/Core/Src/stm32h7xx_it.c.obj
                                0x8b7 (size before relaxing)
 .debug_str     0x00001d5b      0x24b CMakeFiles/FreeRTOS01.elf.dir/Core/Src/system_stm32h7xx.c.obj
                                0x760 (size before relaxing)
 .debug_str     0x00001fa6       0x4a CMakeFiles/FreeRTOS01.elf.dir/Core/Startup/startup_stm32h750vbtx.s.obj
                                 0x73 (size before relaxing)
 .debug_str     0x00001ff0      0x6fc CMakeFiles/FreeRTOS01.elf.dir/Drivers/STM32H7xx_HAL_Driver/Src/stm32h7xx_hal.c.obj
                               0x14f0 (size before relaxing)
 .debug_str     0x000026ec      0x39e CMakeFiles/FreeRTOS01.elf.dir/Drivers/STM32H7xx_HAL_Driver/Src/stm32h7xx_hal_cortex.c.obj
                               0x1088 (size before relaxing)
 .debug_str     0x00002a8a       0xfe CMakeFiles/FreeRTOS01.elf.dir/Drivers/STM32H7xx_HAL_Driver/Src/stm32h7xx_hal_gpio.c.obj
                                0x705 (size before relaxing)
 .debug_str     0x00002b88      0x568 CMakeFiles/FreeRTOS01.elf.dir/Drivers/STM32H7xx_HAL_Driver/Src/stm32h7xx_hal_pwr_ex.c.obj
                                0xa7a (size before relaxing)
 .debug_str     0x000030f0      0x170 CMakeFiles/FreeRTOS01.elf.dir/Drivers/STM32H7xx_HAL_Driver/Src/stm32h7xx_hal_rcc.c.obj
                                0xa4b (size before relaxing)
 .debug_str     0x00003260      0xf34 CMakeFiles/FreeRTOS01.elf.dir/Drivers/STM32H7xx_HAL_Driver/Src/stm32h7xx_hal_tim.c.obj
                               0x1854 (size before relaxing)
 .debug_str     0x00004194      0x6ba CMakeFiles/FreeRTOS01.elf.dir/Drivers/STM32H7xx_HAL_Driver/Src/stm32h7xx_hal_tim_ex.c.obj
                               0x1171 (size before relaxing)
 .debug_str     0x0000484e      0x163 CMakeFiles/FreeRTOS01.elf.dir/Middlewares/Third_Party/FreeRTOS/Source/list.c.obj
                                0x331 (size before relaxing)
 .debug_str     0x000049b1      0x27d CMakeFiles/FreeRTOS01.elf.dir/Middlewares/Third_Party/FreeRTOS/Source/portable/GCC/ARM_CM4F/port.c.obj
                                0x4ad (size before relaxing)
 .debug_str     0x00004c2e      0x31c CMakeFiles/FreeRTOS01.elf.dir/Middlewares/Third_Party/FreeRTOS/Source/portable/MemMang/heap_4.c.obj
                                0x53f (size before relaxing)
 .debug_str     0x00004f4a      0xaa1 CMakeFiles/FreeRTOS01.elf.dir/Middlewares/Third_Party/FreeRTOS/Source/tasks.c.obj
                               0x104a (size before relaxing)

.comment        0x00000000       0x49
 .comment       0x00000000       0x49 CMakeFiles/FreeRTOS01.elf.dir/Core/Src/freertos.c.obj
                                 0x4a (size before relaxing)
 .comment       0x00000049       0x4a CMakeFiles/FreeRTOS01.elf.dir/Core/Src/gpio.c.obj
 .comment       0x00000049       0x4a CMakeFiles/FreeRTOS01.elf.dir/Core/Src/main.c.obj
 .comment       0x00000049       0x4a CMakeFiles/FreeRTOS01.elf.dir/Core/Src/stm32h7xx_hal_msp.c.obj
 .comment       0x00000049       0x4a CMakeFiles/FreeRTOS01.elf.dir/Core/Src/stm32h7xx_hal_timebase_tim.c.obj
 .comment       0x00000049       0x4a CMakeFiles/FreeRTOS01.elf.dir/Core/Src/stm32h7xx_it.c.obj
 .comment       0x00000049       0x4a CMakeFiles/FreeRTOS01.elf.dir/Core/Src/system_stm32h7xx.c.obj
 .comment       0x00000049       0x4a CMakeFiles/FreeRTOS01.elf.dir/Drivers/STM32H7xx_HAL_Driver/Src/stm32h7xx_hal.c.obj
 .comment       0x00000049       0x4a CMakeFiles/FreeRTOS01.elf.dir/Drivers/STM32H7xx_HAL_Driver/Src/stm32h7xx_hal_cortex.c.obj
 .comment       0x00000049       0x4a CMakeFiles/FreeRTOS01.elf.dir/Drivers/STM32H7xx_HAL_Driver/Src/stm32h7xx_hal_gpio.c.obj
 .comment       0x00000049       0x4a CMakeFiles/FreeRTOS01.elf.dir/Drivers/STM32H7xx_HAL_Driver/Src/stm32h7xx_hal_pwr_ex.c.obj
 .comment       0x00000049       0x4a CMakeFiles/FreeRTOS01.elf.dir/Drivers/STM32H7xx_HAL_Driver/Src/stm32h7xx_hal_rcc.c.obj
 .comment       0x00000049       0x4a CMakeFiles/FreeRTOS01.elf.dir/Drivers/STM32H7xx_HAL_Driver/Src/stm32h7xx_hal_tim.c.obj
 .comment       0x00000049       0x4a CMakeFiles/FreeRTOS01.elf.dir/Drivers/STM32H7xx_HAL_Driver/Src/stm32h7xx_hal_tim_ex.c.obj
 .comment       0x00000049       0x4a CMakeFiles/FreeRTOS01.elf.dir/Middlewares/Third_Party/FreeRTOS/Source/list.c.obj
 .comment       0x00000049       0x4a CMakeFiles/FreeRTOS01.elf.dir/Middlewares/Third_Party/FreeRTOS/Source/portable/GCC/ARM_CM4F/port.c.obj
 .comment       0x00000049       0x4a CMakeFiles/FreeRTOS01.elf.dir/Middlewares/Third_Party/FreeRTOS/Source/portable/MemMang/heap_4.c.obj
 .comment       0x00000049       0x4a CMakeFiles/FreeRTOS01.elf.dir/Middlewares/Third_Party/FreeRTOS/Source/tasks.c.obj

.debug_frame    0x00000000     0x2660
 .debug_frame   0x00000000       0x58 CMakeFiles/FreeRTOS01.elf.dir/Core/Src/freertos.c.obj
 .debug_frame   0x00000058       0x30 CMakeFiles/FreeRTOS01.elf.dir/Core/Src/gpio.c.obj
 .debug_frame   0x00000088       0xcc CMakeFiles/FreeRTOS01.elf.dir/Core/Src/main.c.obj
 .debug_frame   0x00000154       0x2c CMakeFiles/FreeRTOS01.elf.dir/Core/Src/stm32h7xx_hal_msp.c.obj
 .debug_frame   0x00000180       0x50 CMakeFiles/FreeRTOS01.elf.dir/Core/Src/stm32h7xx_hal_timebase_tim.c.obj
 .debug_frame   0x000001d0       0x88 CMakeFiles/FreeRTOS01.elf.dir/Core/Src/stm32h7xx_it.c.obj
 .debug_frame   0x00000258       0x3c CMakeFiles/FreeRTOS01.elf.dir/Core/Src/system_stm32h7xx.c.obj
 .debug_frame   0x00000294      0x360 CMakeFiles/FreeRTOS01.elf.dir/Drivers/STM32H7xx_HAL_Driver/Src/stm32h7xx_hal.c.obj
 .debug_frame   0x000005f4      0x158 CMakeFiles/FreeRTOS01.elf.dir/Drivers/STM32H7xx_HAL_Driver/Src/stm32h7xx_hal_cortex.c.obj
 .debug_frame   0x0000074c       0xd4 CMakeFiles/FreeRTOS01.elf.dir/Drivers/STM32H7xx_HAL_Driver/Src/stm32h7xx_hal_gpio.c.obj
 .debug_frame   0x00000820      0x2f4 CMakeFiles/FreeRTOS01.elf.dir/Drivers/STM32H7xx_HAL_Driver/Src/stm32h7xx_hal_pwr_ex.c.obj
 .debug_frame   0x00000b14      0x18c CMakeFiles/FreeRTOS01.elf.dir/Drivers/STM32H7xx_HAL_Driver/Src/stm32h7xx_hal_rcc.c.obj
 .debug_frame   0x00000ca0      0xb6c CMakeFiles/FreeRTOS01.elf.dir/Drivers/STM32H7xx_HAL_Driver/Src/stm32h7xx_hal_tim.c.obj
 .debug_frame   0x0000180c      0x480 CMakeFiles/FreeRTOS01.elf.dir/Drivers/STM32H7xx_HAL_Driver/Src/stm32h7xx_hal_tim_ex.c.obj
 .debug_frame   0x00001c8c       0x70 CMakeFiles/FreeRTOS01.elf.dir/Middlewares/Third_Party/FreeRTOS/Source/list.c.obj
 .debug_frame   0x00001cfc      0x110 CMakeFiles/FreeRTOS01.elf.dir/Middlewares/Third_Party/FreeRTOS/Source/portable/GCC/ARM_CM4F/port.c.obj
 .debug_frame   0x00001e0c       0xd0 CMakeFiles/FreeRTOS01.elf.dir/Middlewares/Third_Party/FreeRTOS/Source/portable/MemMang/heap_4.c.obj
 .debug_frame   0x00001edc      0x58c CMakeFiles/FreeRTOS01.elf.dir/Middlewares/Third_Party/FreeRTOS/Source/tasks.c.obj
 .debug_frame   0x00002468       0x2c f:/work/arm-none-eabi-gcc/gcc-arm-none-eabi-10.3-2021.10-win32/gcc-arm-none-eabi-10.3-2021.10/bin/../lib/gcc/arm-none-eabi/10.3.1/../../../../arm-none-eabi/lib/thumb/v7e-m+fp/hard\libg.a(lib_a-init.o)
 .debug_frame   0x00002494       0x2c f:/work/arm-none-eabi-gcc/gcc-arm-none-eabi-10.3-2021.10-win32/gcc-arm-none-eabi-10.3-2021.10/bin/../lib/gcc/arm-none-eabi/10.3.1/../../../../arm-none-eabi/lib/thumb/v7e-m+fp/hard\libg.a(lib_a-memset.o)
 .debug_frame   0x000024c0       0x68 f:/work/arm-none-eabi-gcc/gcc-arm-none-eabi-10.3-2021.10-win32/gcc-arm-none-eabi-10.3-2021.10/bin/../lib/gcc/arm-none-eabi/10.3.1/../../../../arm-none-eabi/lib/thumb/v7e-m+fp/hard\libg.a(lib_a-__call_atexit.o)
 .debug_frame   0x00002528       0x20 f:/work/arm-none-eabi-gcc/gcc-arm-none-eabi-10.3-2021.10-win32/gcc-arm-none-eabi-10.3-2021.10/bin/../lib/gcc/arm-none-eabi/10.3.1/../../../../arm-none-eabi/lib/thumb/v7e-m+fp/hard\libg.a(lib_a-atexit.o)
 .debug_frame   0x00002548       0x34 f:/work/arm-none-eabi-gcc/gcc-arm-none-eabi-10.3-2021.10-win32/gcc-arm-none-eabi-10.3-2021.10/bin/../lib/gcc/arm-none-eabi/10.3.1/../../../../arm-none-eabi/lib/thumb/v7e-m+fp/hard\libg.a(lib_a-fini.o)
 .debug_frame   0x0000257c       0xb0 f:/work/arm-none-eabi-gcc/gcc-arm-none-eabi-10.3-2021.10-win32/gcc-arm-none-eabi-10.3-2021.10/bin/../lib/gcc/arm-none-eabi/10.3.1/../../../../arm-none-eabi/lib/thumb/v7e-m+fp/hard\libg.a(lib_a-lock.o)
 .debug_frame   0x0000262c       0x34 f:/work/arm-none-eabi-gcc/gcc-arm-none-eabi-10.3-2021.10-win32/gcc-arm-none-eabi-10.3-2021.10/bin/../lib/gcc/arm-none-eabi/10.3.1/../../../../arm-none-eabi/lib/thumb/v7e-m+fp/hard\libg.a(lib_a-__atexit.o)
