Archive member included to satisfy reference by file (symbol)

f:/work/arm-none-eabi-gcc/gcc-arm-none-eabi-10.3-2021.10-win32/gcc-arm-none-eabi-10.3-2021.10/bin/../lib/gcc/arm-none-eabi/10.3.1/../../../../arm-none-eabi/lib/thumb/v7e-m+fp/hard\libg.a(lib_a-errno.o)
                              CMakeFiles/FreeRTOS01.elf.dir/Core/Src/syscalls.c.obj (__errno)
f:/work/arm-none-eabi-gcc/gcc-arm-none-eabi-10.3-2021.10-win32/gcc-arm-none-eabi-10.3-2021.10/bin/../lib/gcc/arm-none-eabi/10.3.1/../../../../arm-none-eabi/lib/thumb/v7e-m+fp/hard\libg.a(lib_a-exit.o)
                              f:/work/arm-none-eabi-gcc/gcc-arm-none-eabi-10.3-2021.10-win32/gcc-arm-none-eabi-10.3-2021.10/bin/../lib/gcc/arm-none-eabi/10.3.1/../../../../arm-none-eabi/lib/thumb/v7e-m+fp/hard/crt0.o (exit)
f:/work/arm-none-eabi-gcc/gcc-arm-none-eabi-10.3-2021.10-win32/gcc-arm-none-eabi-10.3-2021.10/bin/../lib/gcc/arm-none-eabi/10.3.1/../../../../arm-none-eabi/lib/thumb/v7e-m+fp/hard\libg.a(lib_a-impure.o)
                              f:/work/arm-none-eabi-gcc/gcc-arm-none-eabi-10.3-2021.10-win32/gcc-arm-none-eabi-10.3-2021.10/bin/../lib/gcc/arm-none-eabi/10.3.1/../../../../arm-none-eabi/lib/thumb/v7e-m+fp/hard\libg.a(lib_a-exit.o) (_global_impure_ptr)
f:/work/arm-none-eabi-gcc/gcc-arm-none-eabi-10.3-2021.10-win32/gcc-arm-none-eabi-10.3-2021.10/bin/../lib/gcc/arm-none-eabi/10.3.1/../../../../arm-none-eabi/lib/thumb/v7e-m+fp/hard\libg.a(lib_a-init.o)
                              f:/work/arm-none-eabi-gcc/gcc-arm-none-eabi-10.3-2021.10-win32/gcc-arm-none-eabi-10.3-2021.10/bin/../lib/gcc/arm-none-eabi/10.3.1/../../../../arm-none-eabi/lib/thumb/v7e-m+fp/hard/crt0.o (__libc_init_array)
f:/work/arm-none-eabi-gcc/gcc-arm-none-eabi-10.3-2021.10-win32/gcc-arm-none-eabi-10.3-2021.10/bin/../lib/gcc/arm-none-eabi/10.3.1/../../../../arm-none-eabi/lib/thumb/v7e-m+fp/hard\libg.a(lib_a-memcpy.o)
                              CMakeFiles/FreeRTOS01.elf.dir/Middlewares/Third_Party/FreeRTOS/Source/queue.c.obj (memcpy)
f:/work/arm-none-eabi-gcc/gcc-arm-none-eabi-10.3-2021.10-win32/gcc-arm-none-eabi-10.3-2021.10/bin/../lib/gcc/arm-none-eabi/10.3.1/../../../../arm-none-eabi/lib/thumb/v7e-m+fp/hard\libg.a(lib_a-memset.o)
                              f:/work/arm-none-eabi-gcc/gcc-arm-none-eabi-10.3-2021.10-win32/gcc-arm-none-eabi-10.3-2021.10/bin/../lib/gcc/arm-none-eabi/10.3.1/../../../../arm-none-eabi/lib/thumb/v7e-m+fp/hard/crt0.o (memset)
f:/work/arm-none-eabi-gcc/gcc-arm-none-eabi-10.3-2021.10-win32/gcc-arm-none-eabi-10.3-2021.10/bin/../lib/gcc/arm-none-eabi/10.3.1/../../../../arm-none-eabi/lib/thumb/v7e-m+fp/hard\libg.a(lib_a-__call_atexit.o)
                              f:/work/arm-none-eabi-gcc/gcc-arm-none-eabi-10.3-2021.10-win32/gcc-arm-none-eabi-10.3-2021.10/bin/../lib/gcc/arm-none-eabi/10.3.1/../../../../arm-none-eabi/lib/thumb/v7e-m+fp/hard\libg.a(lib_a-exit.o) (__call_exitprocs)
f:/work/arm-none-eabi-gcc/gcc-arm-none-eabi-10.3-2021.10-win32/gcc-arm-none-eabi-10.3-2021.10/bin/../lib/gcc/arm-none-eabi/10.3.1/../../../../arm-none-eabi/lib/thumb/v7e-m+fp/hard\libg.a(lib_a-atexit.o)
                              f:/work/arm-none-eabi-gcc/gcc-arm-none-eabi-10.3-2021.10-win32/gcc-arm-none-eabi-10.3-2021.10/bin/../lib/gcc/arm-none-eabi/10.3.1/../../../../arm-none-eabi/lib/thumb/v7e-m+fp/hard\libg.a(lib_a-__call_atexit.o) (atexit)
f:/work/arm-none-eabi-gcc/gcc-arm-none-eabi-10.3-2021.10-win32/gcc-arm-none-eabi-10.3-2021.10/bin/../lib/gcc/arm-none-eabi/10.3.1/../../../../arm-none-eabi/lib/thumb/v7e-m+fp/hard\libg.a(lib_a-fini.o)
                              f:/work/arm-none-eabi-gcc/gcc-arm-none-eabi-10.3-2021.10-win32/gcc-arm-none-eabi-10.3-2021.10/bin/../lib/gcc/arm-none-eabi/10.3.1/../../../../arm-none-eabi/lib/thumb/v7e-m+fp/hard\libg.a(lib_a-__call_atexit.o) (__libc_fini_array)
f:/work/arm-none-eabi-gcc/gcc-arm-none-eabi-10.3-2021.10-win32/gcc-arm-none-eabi-10.3-2021.10/bin/../lib/gcc/arm-none-eabi/10.3.1/../../../../arm-none-eabi/lib/thumb/v7e-m+fp/hard\libg.a(lib_a-lock.o)
                              f:/work/arm-none-eabi-gcc/gcc-arm-none-eabi-10.3-2021.10-win32/gcc-arm-none-eabi-10.3-2021.10/bin/../lib/gcc/arm-none-eabi/10.3.1/../../../../arm-none-eabi/lib/thumb/v7e-m+fp/hard\libg.a(lib_a-__call_atexit.o) (__retarget_lock_acquire_recursive)
f:/work/arm-none-eabi-gcc/gcc-arm-none-eabi-10.3-2021.10-win32/gcc-arm-none-eabi-10.3-2021.10/bin/../lib/gcc/arm-none-eabi/10.3.1/../../../../arm-none-eabi/lib/thumb/v7e-m+fp/hard\libg.a(lib_a-__atexit.o)
                              f:/work/arm-none-eabi-gcc/gcc-arm-none-eabi-10.3-2021.10-win32/gcc-arm-none-eabi-10.3-2021.10/bin/../lib/gcc/arm-none-eabi/10.3.1/../../../../arm-none-eabi/lib/thumb/v7e-m+fp/hard\libg.a(lib_a-atexit.o) (__register_exitproc)

Discarded input sections

 .text          0x00000000        0x0 f:/work/arm-none-eabi-gcc/gcc-arm-none-eabi-10.3-2021.10-win32/gcc-arm-none-eabi-10.3-2021.10/bin/../lib/gcc/arm-none-eabi/10.3.1/thumb/v7e-m+fp/hard/crti.o
[...]
Memory Configuration

Name             Origin             Length             Attributes
FLASH            0x08000000         0x00020000         xr
DTCMRAM          0x20000000         0x00020000         xrw
RAM_D1           0x24000000         0x00080000         xrw
RAM_D2           0x30000000         0x00048000         xrw
RAM_D3           0x38000000         0x00010000         xrw
ITCMRAM          0x00000000         0x00010000         xrw
*default*        0x00000000         0xffffffff

Linker script and memory map

LOAD f:/work/arm-none-eabi-gcc/gcc-arm-none-eabi-10.3-2021.10-win32/gcc-arm-none-eabi-10.3-2021.10/bin/../lib/gcc/arm-none-eabi/10.3.1/thumb/v7e-m+fp/hard/crti.o
LOAD f:/work/arm-none-eabi-gcc/gcc-arm-none-eabi-10.3-2021.10-win32/gcc-arm-none-eabi-10.3-2021.10/bin/../lib/gcc/arm-none-eabi/10.3.1/thumb/v7e-m+fp/hard/crtbegin.o
LOAD f:/work/arm-none-eabi-gcc/gcc-arm-none-eabi-10.3-2021.10-win32/gcc-arm-none-eabi-10.3-2021.10/bin/../lib/gcc/arm-none-eabi/10.3.1/../../../../arm-none-eabi/lib/thumb/v7e-m+fp/hard/crt0.o
LOAD CMakeFiles/FreeRTOS01.elf.dir/Core/Src/freertos.c.obj
LOAD CMakeFiles/FreeRTOS01.elf.dir/Core/Src/gpio.c.obj
LOAD CMakeFiles/FreeRTOS01.elf.dir/Core/Src/main.c.obj
LOAD CMakeFiles/FreeRTOS01.elf.dir/Core/Src/stm32h7xx_hal_msp.c.obj
LOAD CMakeFiles/FreeRTOS01.elf.dir/Core/Src/stm32h7xx_hal_timebase_tim.c.obj
LOAD CMakeFiles/FreeRTOS01.elf.dir/Core/Src/stm32h7xx_it.c.obj
LOAD CMakeFiles/FreeRTOS01.elf.dir/Core/Src/syscalls.c.obj
LOAD CMakeFiles/FreeRTOS01.elf.dir/Core/Src/sysmem.c.obj
LOAD CMakeFiles/FreeRTOS01.elf.dir/Core/Src/system_stm32h7xx.c.obj
LOAD CMakeFiles/FreeRTOS01.elf.dir/Core/Startup/startup_stm32h750vbtx.s.obj
LOAD CMakeFiles/FreeRTOS01.elf.dir/Drivers/STM32H7xx_HAL_Driver/Src/stm32h7xx_hal.c.obj
LOAD CMakeFiles/FreeRTOS01.elf.dir/Drivers/STM32H7xx_HAL_Driver/Src/stm32h7xx_hal_cortex.c.obj
LOAD CMakeFiles/FreeRTOS01.elf.dir/Drivers/STM32H7xx_HAL_Driver/Src/stm32h7xx_hal_dma.c.obj
LOAD CMakeFiles/FreeRTOS01.elf.dir/Drivers/STM32H7xx_HAL_Driver/Src/stm32h7xx_hal_dma_ex.c.obj
LOAD CMakeFiles/FreeRTOS01.elf.dir/Drivers/STM32H7xx_HAL_Driver/Src/stm32h7xx_hal_exti.c.obj
LOAD CMakeFiles/FreeRTOS01.elf.dir/Drivers/STM32H7xx_HAL_Driver/Src/stm32h7xx_hal_flash.c.obj
LOAD CMakeFiles/FreeRTOS01.elf.dir/Drivers/STM32H7xx_HAL_Driver/Src/stm32h7xx_hal_flash_ex.c.obj
LOAD CMakeFiles/FreeRTOS01.elf.dir/Drivers/STM32H7xx_HAL_Driver/Src/stm32h7xx_hal_gpio.c.obj
LOAD CMakeFiles/FreeRTOS01.elf.dir/Drivers/STM32H7xx_HAL_Driver/Src/stm32h7xx_hal_hsem.c.obj
LOAD CMakeFiles/FreeRTOS01.elf.dir/Drivers/STM32H7xx_HAL_Driver/Src/stm32h7xx_hal_i2c.c.obj
LOAD CMakeFiles/FreeRTOS01.elf.dir/Drivers/STM32H7xx_HAL_Driver/Src/stm32h7xx_hal_i2c_ex.c.obj
LOAD CMakeFiles/FreeRTOS01.elf.dir/Drivers/STM32H7xx_HAL_Driver/Src/stm32h7xx_hal_mdma.c.obj
LOAD CMakeFiles/FreeRTOS01.elf.dir/Drivers/STM32H7xx_HAL_Driver/Src/stm32h7xx_hal_pwr.c.obj
LOAD CMakeFiles/FreeRTOS01.elf.dir/Drivers/STM32H7xx_HAL_Driver/Src/stm32h7xx_hal_pwr_ex.c.obj
LOAD CMakeFiles/FreeRTOS01.elf.dir/Drivers/STM32H7xx_HAL_Driver/Src/stm32h7xx_hal_rcc.c.obj
LOAD CMakeFiles/FreeRTOS01.elf.dir/Drivers/STM32H7xx_HAL_Driver/Src/stm32h7xx_hal_rcc_ex.c.obj
LOAD CMakeFiles/FreeRTOS01.elf.dir/Drivers/STM32H7xx_HAL_Driver/Src/stm32h7xx_hal_tim.c.obj
LOAD CMakeFiles/FreeRTOS01.elf.dir/Drivers/STM32H7xx_HAL_Driver/Src/stm32h7xx_hal_tim_ex.c.obj
LOAD CMakeFiles/FreeRTOS01.elf.dir/Middlewares/Third_Party/FreeRTOS/Source/CMSIS_RTOS/cmsis_os.c.obj
LOAD CMakeFiles/FreeRTOS01.elf.dir/Middlewares/Third_Party/FreeRTOS/Source/croutine.c.obj
LOAD CMakeFiles/FreeRTOS01.elf.dir/Middlewares/Third_Party/FreeRTOS/Source/event_groups.c.obj
LOAD CMakeFiles/FreeRTOS01.elf.dir/Middlewares/Third_Party/FreeRTOS/Source/list.c.obj
LOAD CMakeFiles/FreeRTOS01.elf.dir/Middlewares/Third_Party/FreeRTOS/Source/portable/GCC/ARM_CM4F/port.c.obj
LOAD CMakeFiles/FreeRTOS01.elf.dir/Middlewares/Third_Party/FreeRTOS/Source/portable/MemMang/heap_4.c.obj
LOAD CMakeFiles/FreeRTOS01.elf.dir/Middlewares/Third_Party/FreeRTOS/Source/queue.c.obj
LOAD CMakeFiles/FreeRTOS01.elf.dir/Middlewares/Third_Party/FreeRTOS/Source/stream_buffer.c.obj
LOAD CMakeFiles/FreeRTOS01.elf.dir/Middlewares/Third_Party/FreeRTOS/Source/tasks.c.obj
LOAD CMakeFiles/FreeRTOS01.elf.dir/Middlewares/Third_Party/FreeRTOS/Source/timers.c.obj
START GROUP
LOAD f:/work/arm-none-eabi-gcc/gcc-arm-none-eabi-10.3-2021.10-win32/gcc-arm-none-eabi-10.3-2021.10/bin/../lib/gcc/arm-none-eabi/10.3.1/thumb/v7e-m+fp/hard\libgcc.a
LOAD f:/work/arm-none-eabi-gcc/gcc-arm-none-eabi-10.3-2021.10-win32/gcc-arm-none-eabi-10.3-2021.10/bin/../lib/gcc/arm-none-eabi/10.3.1/../../../../arm-none-eabi/lib/thumb/v7e-m+fp/hard\libg.a
LOAD f:/work/arm-none-eabi-gcc/gcc-arm-none-eabi-10.3-2021.10-win32/gcc-arm-none-eabi-10.3-2021.10/bin/../lib/gcc/arm-none-eabi/10.3.1/../../../../arm-none-eabi/lib/thumb/v7e-m+fp/hard\libc.a
END GROUP
LOAD f:/work/arm-none-eabi-gcc/gcc-arm-none-eabi-10.3-2021.10-win32/gcc-arm-none-eabi-10.3-2021.10/bin/../lib/gcc/arm-none-eabi/10.3.1/thumb/v7e-m+fp/hard/crtend.o
LOAD f:/work/arm-none-eabi-gcc/gcc-arm-none-eabi-10.3-2021.10-win32/gcc-arm-none-eabi-10.3-2021.10/bin/../lib/gcc/arm-none-eabi/10.3.1/thumb/v7e-m+fp/hard/crtn.o
                0x24080000                _estack = (ORIGIN (RAM_D1) + LENGTH (RAM_D1))
                0x00000400                _Min_Heap_Size = 0x400
                0x00000400                _Min_Stack_Size = 0x400

.isr_vector     0x08000000      0x298
                0x08000000                . = ALIGN (0x4)
 *(.isr_vector)
 .isr_vector    0x08000000      0x298 CMakeFiles/FreeRTOS01.elf.dir/Core/Startup/startup_stm32h750vbtx.s.obj
                0x08000000                g_pfnVectors
                0x08000298                . = ALIGN (0x4)

.text           0x080002a0     0x2928
                0x080002a0                . = ALIGN (0x4)
 *(.text)
 .text          0x080002a0       0x40 f:/work/arm-none-eabi-gcc/gcc-arm-none-eabi-10.3-2021.10-win32/gcc-arm-none-eabi-10.3-2021.10/bin/../lib/gcc/arm-none-eabi/10.3.1/thumb/v7e-m+fp/hard/crtbegin.o
 *(.text*)
 .text.LedTask  0x080002e0       0x18 CMakeFiles/FreeRTOS01.elf.dir/Core/Src/freertos.c.obj
                0x080002e0                LedTask
 .text.vApplicationGetIdleTaskMemory
                0x080002f8       0x18 CMakeFiles/FreeRTOS01.elf.dir/Core/Src/freertos.c.obj
                0x080002f8                vApplicationGetIdleTaskMemory
 .text.MX_FREERTOS_Init
                0x08000310       0x30 CMakeFiles/FreeRTOS01.elf.dir/Core/Src/freertos.c.obj
                0x08000310                MX_FREERTOS_Init
 .text.MX_GPIO_Init
                0x08000340       0x70 CMakeFiles/FreeRTOS01.elf.dir/Core/Src/gpio.c.obj
                0x08000340                MX_GPIO_Init
 .text.MPU_Config
                0x080003b0       0x56 CMakeFiles/FreeRTOS01.elf.dir/Core/Src/main.c.obj
 *fill*         0x08000406        0x2 
 .text.HAL_TIM_PeriodElapsedCallback
                0x08000408       0x18 CMakeFiles/FreeRTOS01.elf.dir/Core/Src/main.c.obj
                0x08000408                HAL_TIM_PeriodElapsedCallback
 .text.Error_Handler
                0x08000420        0x4 CMakeFiles/FreeRTOS01.elf.dir/Core/Src/main.c.obj
                0x08000420                Error_Handler
 .text.SystemClock_Config
                0x08000424      0x110 CMakeFiles/FreeRTOS01.elf.dir/Core/Src/main.c.obj
                0x08000424                SystemClock_Config
 .text.main     0x08000534       0xac CMakeFiles/FreeRTOS01.elf.dir/Core/Src/main.c.obj
                0x08000534                main
 .text.HAL_MspInit
                0x080005e0       0x34 CMakeFiles/FreeRTOS01.elf.dir/Core/Src/stm32h7xx_hal_msp.c.obj
                0x080005e0                HAL_MspInit
 .text.HAL_InitTick
                0x08000614       0x90 CMakeFiles/FreeRTOS01.elf.dir/Core/Src/stm32h7xx_hal_timebase_tim.c.obj
                0x08000614                HAL_InitTick
 .text.NMI_Handler
                0x080006a4        0x2 CMakeFiles/FreeRTOS01.elf.dir/Core/Src/stm32h7xx_it.c.obj
                0x080006a4                NMI_Handler
 .text.HardFault_Handler
                0x080006a6        0x2 CMakeFiles/FreeRTOS01.elf.dir/Core/Src/stm32h7xx_it.c.obj
                0x080006a6                HardFault_Handler
 .text.MemManage_Handler
                0x080006a8        0x2 CMakeFiles/FreeRTOS01.elf.dir/Core/Src/stm32h7xx_it.c.obj
                0x080006a8                MemManage_Handler
 .text.BusFault_Handler
                0x080006aa        0x2 CMakeFiles/FreeRTOS01.elf.dir/Core/Src/stm32h7xx_it.c.obj
                0x080006aa                BusFault_Handler
 .text.UsageFault_Handler
                0x080006ac        0x2 CMakeFiles/FreeRTOS01.elf.dir/Core/Src/stm32h7xx_it.c.obj
                0x080006ac                UsageFault_Handler
 .text.DebugMon_Handler
                0x080006ae        0x2 CMakeFiles/FreeRTOS01.elf.dir/Core/Src/stm32h7xx_it.c.obj
                0x080006ae                DebugMon_Handler
 .text.TIM1_UP_IRQHandler
                0x080006b0       0x10 CMakeFiles/FreeRTOS01.elf.dir/Core/Src/stm32h7xx_it.c.obj
                0x080006b0                TIM1_UP_IRQHandler
 .text.SystemInit
                0x080006c0       0xcc CMakeFiles/FreeRTOS01.elf.dir/Core/Src/system_stm32h7xx.c.obj
                0x080006c0                SystemInit
 .text.Reset_Handler
                0x0800078c       0x50 CMakeFiles/FreeRTOS01.elf.dir/Core/Startup/startup_stm32h750vbtx.s.obj
                0x0800078c                Reset_Handler
 .text.Default_Handler
                0x080007dc        0x2 CMakeFiles/FreeRTOS01.elf.dir/Core/Startup/startup_stm32h750vbtx.s.obj
                0x080007dc                RTC_Alarm_IRQHandler
                0x080007dc                HASH_RNG_IRQHandler
                0x080007dc                EXTI2_IRQHandler
                0x080007dc                TIM8_CC_IRQHandler
                0x080007dc                HRTIM1_Master_IRQHandler
                0x080007dc                UART8_IRQHandler
                0x080007dc                SPI4_IRQHandler
                0x080007dc                TIM1_CC_IRQHandler
                0x080007dc                BDMA_Channel6_IRQHandler
                0x080007dc                DMA2_Stream5_IRQHandler
                0x080007dc                HRTIM1_FLT_IRQHandler
                0x080007dc                JPEG_IRQHandler
                0x080007dc                DMA1_Stream5_IRQHandler
                0x080007dc                BDMA_Channel1_IRQHandler
                0x080007dc                HRTIM1_TIMD_IRQHandler
                0x080007dc                TAMP_STAMP_IRQHandler
                0x080007dc                EXTI3_IRQHandler
                0x080007dc                LPTIM4_IRQHandler
                0x080007dc                TIM8_TRG_COM_TIM14_IRQHandler
                0x080007dc                LPTIM2_IRQHandler
                0x080007dc                DFSDM1_FLT1_IRQHandler
                0x080007dc                DMAMUX2_OVR_IRQHandler
                0x080007dc                TIM8_UP_TIM13_IRQHandler
                0x080007dc                I2C3_ER_IRQHandler
                0x080007dc                DFSDM1_FLT2_IRQHandler
                0x080007dc                MDMA_IRQHandler
                0x080007dc                LPTIM3_IRQHandler
                0x080007dc                HSEM1_IRQHandler
                0x080007dc                EXTI0_IRQHandler
                0x080007dc                I2C2_EV_IRQHandler
                0x080007dc                DMA1_Stream2_IRQHandler
                0x080007dc                FPU_IRQHandler
                0x080007dc                OTG_HS_WKUP_IRQHandler
                0x080007dc                FDCAN1_IT1_IRQHandler
                0x080007dc                LTDC_ER_IRQHandler
                0x080007dc                DMA2_Stream2_IRQHandler
                0x080007dc                HRTIM1_TIME_IRQHandler
                0x080007dc                SPI1_IRQHandler
                0x080007dc                TIM6_DAC_IRQHandler
                0x080007dc                DCMI_IRQHandler
                0x080007dc                HRTIM1_TIMC_IRQHandler
                0x080007dc                DMA2_Stream3_IRQHandler
                0x080007dc                SAI2_IRQHandler
                0x080007dc                DFSDM1_FLT3_IRQHandler
                0x080007dc                USART6_IRQHandler
                0x080007dc                TIM17_IRQHandler
                0x080007dc                USART3_IRQHandler
                0x080007dc                BDMA_Channel7_IRQHandler
                0x080007dc                CRYP_IRQHandler
                0x080007dc                LPTIM5_IRQHandler
                0x080007dc                UART5_IRQHandler
                0x080007dc                ADC3_IRQHandler
                0x080007dc                DMA2_Stream0_IRQHandler
                0x080007dc                TIM4_IRQHandler
                0x080007dc                BDMA_Channel2_IRQHandler
                0x080007dc                QUADSPI_IRQHandler
                0x080007dc                I2C1_EV_IRQHandler
                0x080007dc                DMA1_Stream6_IRQHandler
                0x080007dc                DMAMUX1_OVR_IRQHandler
                0x080007dc                DMA1_Stream1_IRQHandler
                0x080007dc                TIM16_IRQHandler
                0x080007dc                UART4_IRQHandler
                0x080007dc                BDMA_Channel5_IRQHandler
                0x080007dc                TIM3_IRQHandler
                0x080007dc                RCC_IRQHandler
                0x080007dc                TIM8_BRK_TIM12_IRQHandler
                0x080007dc                TIM1_TRG_COM_IRQHandler
                0x080007dc                Default_Handler
                0x080007dc                ECC_IRQHandler
                0x080007dc                CEC_IRQHandler
                0x080007dc                EXTI15_10_IRQHandler
                0x080007dc                BDMA_Channel0_IRQHandler
                0x080007dc                ADC_IRQHandler
                0x080007dc                DMA1_Stream7_IRQHandler
                0x080007dc                HRTIM1_TIMA_IRQHandler
                0x080007dc                SPI5_IRQHandler
                0x080007dc                TIM7_IRQHandler
                0x080007dc                SDMMC1_IRQHandler
                0x080007dc                TIM5_IRQHandler
                0x080007dc                DMA2_Stream7_IRQHandler
                0x080007dc                TIM15_IRQHandler
                0x080007dc                PVD_AVD_IRQHandler
                0x080007dc                I2C3_EV_IRQHandler
                0x080007dc                EXTI9_5_IRQHandler
                0x080007dc                RTC_WKUP_IRQHandler
                0x080007dc                LTDC_IRQHandler
                0x080007dc                SAI3_IRQHandler
                0x080007dc                ETH_WKUP_IRQHandler
                0x080007dc                SPDIF_RX_IRQHandler
                0x080007dc                SPI2_IRQHandler
                0x080007dc                OTG_HS_EP1_IN_IRQHandler
                0x080007dc                DMA1_Stream0_IRQHandler
                0x080007dc                CRS_IRQHandler
                0x080007dc                EXTI4_IRQHandler
                0x080007dc                HRTIM1_TIMB_IRQHandler
                0x080007dc                FDCAN2_IT1_IRQHandler
                0x080007dc                ETH_IRQHandler
                0x080007dc                BDMA_Channel4_IRQHandler
                0x080007dc                OTG_HS_EP1_OUT_IRQHandler
                0x080007dc                WWDG_IRQHandler
                0x080007dc                SPI6_IRQHandler
                0x080007dc                MDIOS_IRQHandler
                0x080007dc                I2C4_EV_IRQHandler
                0x080007dc                FDCAN2_IT0_IRQHandler
                0x080007dc                LPUART1_IRQHandler
                0x080007dc                FDCAN1_IT0_IRQHandler
                0x080007dc                TIM2_IRQHandler
                0x080007dc                OTG_FS_WKUP_IRQHandler
                0x080007dc                OTG_HS_IRQHandler
                0x080007dc                DMA2D_IRQHandler
                0x080007dc                TIM1_BRK_IRQHandler
                0x080007dc                EXTI1_IRQHandler
                0x080007dc                SDMMC2_IRQHandler
                0x080007dc                OTG_FS_EP1_OUT_IRQHandler
                0x080007dc                BDMA_Channel3_IRQHandler
                0x080007dc                UART7_IRQHandler
                0x080007dc                MDIOS_WKUP_IRQHandler
                0x080007dc                USART2_IRQHandler
                0x080007dc                DFSDM1_FLT0_IRQHandler
                0x080007dc                SAI4_IRQHandler
                0x080007dc                I2C2_ER_IRQHandler
                0x080007dc                DMA2_Stream1_IRQHandler
                0x080007dc                FLASH_IRQHandler
                0x080007dc                DMA2_Stream4_IRQHandler
                0x080007dc                USART1_IRQHandler
                0x080007dc                OTG_FS_IRQHandler
                0x080007dc                SPI3_IRQHandler
                0x080007dc                WAKEUP_PIN_IRQHandler
                0x080007dc                DMA1_Stream4_IRQHandler
                0x080007dc                OTG_FS_EP1_IN_IRQHandler
                0x080007dc                I2C1_ER_IRQHandler
                0x080007dc                FMC_IRQHandler
                0x080007dc                FDCAN_CAL_IRQHandler
                0x080007dc                SWPMI1_IRQHandler
                0x080007dc                COMP1_IRQHandler
                0x080007dc                LPTIM1_IRQHandler
                0x080007dc                I2C4_ER_IRQHandler
                0x080007dc                DMA2_Stream6_IRQHandler
                0x080007dc                SAI1_IRQHandler
                0x080007dc                DMA1_Stream3_IRQHandler
 *fill*         0x080007de        0x2 
 .text.HAL_Init
                0x080007e0       0x5c CMakeFiles/FreeRTOS01.elf.dir/Drivers/STM32H7xx_HAL_Driver/Src/stm32h7xx_hal.c.obj
                0x080007e0                HAL_Init
 .text.HAL_IncTick
                0x0800083c       0x18 CMakeFiles/FreeRTOS01.elf.dir/Drivers/STM32H7xx_HAL_Driver/Src/stm32h7xx_hal.c.obj
                0x0800083c                HAL_IncTick
 .text.HAL_GetTick
                0x08000854        0xc CMakeFiles/FreeRTOS01.elf.dir/Drivers/STM32H7xx_HAL_Driver/Src/stm32h7xx_hal.c.obj
                0x08000854                HAL_GetTick
 .text.HAL_GetREVID
                0x08000860        0xc CMakeFiles/FreeRTOS01.elf.dir/Drivers/STM32H7xx_HAL_Driver/Src/stm32h7xx_hal.c.obj
                0x08000860                HAL_GetREVID
 .text.HAL_NVIC_SetPriorityGrouping
                0x0800086c       0x24 CMakeFiles/FreeRTOS01.elf.dir/Drivers/STM32H7xx_HAL_Driver/Src/stm32h7xx_hal_cortex.c.obj
                0x0800086c                HAL_NVIC_SetPriorityGrouping
 .text.HAL_NVIC_SetPriority
                0x08000890       0x6c CMakeFiles/FreeRTOS01.elf.dir/Drivers/STM32H7xx_HAL_Driver/Src/stm32h7xx_hal_cortex.c.obj
                0x08000890                HAL_NVIC_SetPriority
 .text.HAL_NVIC_EnableIRQ
                0x080008fc       0x1c CMakeFiles/FreeRTOS01.elf.dir/Drivers/STM32H7xx_HAL_Driver/Src/stm32h7xx_hal_cortex.c.obj
                0x080008fc                HAL_NVIC_EnableIRQ
 .text.HAL_MPU_Disable
                0x08000918       0x1c CMakeFiles/FreeRTOS01.elf.dir/Drivers/STM32H7xx_HAL_Driver/Src/stm32h7xx_hal_cortex.c.obj
                0x08000918                HAL_MPU_Disable
 .text.HAL_MPU_Enable
                0x08000934       0x20 CMakeFiles/FreeRTOS01.elf.dir/Drivers/STM32H7xx_HAL_Driver/Src/stm32h7xx_hal_cortex.c.obj
                0x08000934                HAL_MPU_Enable
 .text.HAL_MPU_ConfigRegion
                0x08000954       0x60 CMakeFiles/FreeRTOS01.elf.dir/Drivers/STM32H7xx_HAL_Driver/Src/stm32h7xx_hal_cortex.c.obj
                0x08000954                HAL_MPU_ConfigRegion
 .text.HAL_GPIO_Init
                0x080009b4      0x220 CMakeFiles/FreeRTOS01.elf.dir/Drivers/STM32H7xx_HAL_Driver/Src/stm32h7xx_hal_gpio.c.obj
                0x080009b4                HAL_GPIO_Init
 .text.HAL_GPIO_WritePin
                0x08000bd4        0xc CMakeFiles/FreeRTOS01.elf.dir/Drivers/STM32H7xx_HAL_Driver/Src/stm32h7xx_hal_gpio.c.obj
                0x08000bd4                HAL_GPIO_WritePin
 .text.HAL_GPIO_TogglePin
                0x08000be0       0x12 CMakeFiles/FreeRTOS01.elf.dir/Drivers/STM32H7xx_HAL_Driver/Src/stm32h7xx_hal_gpio.c.obj
                0x08000be0                HAL_GPIO_TogglePin
 *fill*         0x08000bf2        0x2 
 .text.HAL_PWREx_ConfigSupply
                0x08000bf4       0x54 CMakeFiles/FreeRTOS01.elf.dir/Drivers/STM32H7xx_HAL_Driver/Src/stm32h7xx_hal_pwr_ex.c.obj
                0x08000bf4                HAL_PWREx_ConfigSupply
 .text.HAL_RCC_OscConfig
                0x08000c48      0x6b4 CMakeFiles/FreeRTOS01.elf.dir/Drivers/STM32H7xx_HAL_Driver/Src/stm32h7xx_hal_rcc.c.obj
                0x08000c48                HAL_RCC_OscConfig
 .text.HAL_RCC_GetSysClockFreq
                0x080012fc      0x1f4 CMakeFiles/FreeRTOS01.elf.dir/Drivers/STM32H7xx_HAL_Driver/Src/stm32h7xx_hal_rcc.c.obj
                0x080012fc                HAL_RCC_GetSysClockFreq
 .text.HAL_RCC_ClockConfig
                0x080014f0      0x294 CMakeFiles/FreeRTOS01.elf.dir/Drivers/STM32H7xx_HAL_Driver/Src/stm32h7xx_hal_rcc.c.obj
                0x080014f0                HAL_RCC_ClockConfig
 .text.HAL_RCC_GetHCLKFreq
                0x08001784       0x44 CMakeFiles/FreeRTOS01.elf.dir/Drivers/STM32H7xx_HAL_Driver/Src/stm32h7xx_hal_rcc.c.obj
                0x08001784                HAL_RCC_GetHCLKFreq
 .text.HAL_RCC_GetPCLK2Freq
                0x080017c8       0x24 CMakeFiles/FreeRTOS01.elf.dir/Drivers/STM32H7xx_HAL_Driver/Src/stm32h7xx_hal_rcc.c.obj
                0x080017c8                HAL_RCC_GetPCLK2Freq
 .text.HAL_RCC_GetClockConfig
                0x080017ec       0x54 CMakeFiles/FreeRTOS01.elf.dir/Drivers/STM32H7xx_HAL_Driver/Src/stm32h7xx_hal_rcc.c.obj
                0x080017ec                HAL_RCC_GetClockConfig
 .text.HAL_TIM_Base_MspInit
                0x08001840        0x2 CMakeFiles/FreeRTOS01.elf.dir/Drivers/STM32H7xx_HAL_Driver/Src/stm32h7xx_hal_tim.c.obj
                0x08001840                HAL_TIM_Base_MspInit
 *fill*         0x08001842        0x2 
 .text.HAL_TIM_Base_Start_IT
                0x08001844       0x90 CMakeFiles/FreeRTOS01.elf.dir/Drivers/STM32H7xx_HAL_Driver/Src/stm32h7xx_hal_tim.c.obj
                0x08001844                HAL_TIM_Base_Start_IT
 .text.HAL_TIM_OC_DelayElapsedCallback
                0x080018d4        0x2 CMakeFiles/FreeRTOS01.elf.dir/Drivers/STM32H7xx_HAL_Driver/Src/stm32h7xx_hal_tim.c.obj
                0x080018d4                HAL_TIM_OC_DelayElapsedCallback
 .text.HAL_TIM_IC_CaptureCallback
                0x080018d6        0x2 CMakeFiles/FreeRTOS01.elf.dir/Drivers/STM32H7xx_HAL_Driver/Src/stm32h7xx_hal_tim.c.obj
                0x080018d6                HAL_TIM_IC_CaptureCallback
 .text.HAL_TIM_PWM_PulseFinishedCallback
                0x080018d8        0x2 CMakeFiles/FreeRTOS01.elf.dir/Drivers/STM32H7xx_HAL_Driver/Src/stm32h7xx_hal_tim.c.obj
                0x080018d8                HAL_TIM_PWM_PulseFinishedCallback
 .text.HAL_TIM_TriggerCallback
                0x080018da        0x2 CMakeFiles/FreeRTOS01.elf.dir/Drivers/STM32H7xx_HAL_Driver/Src/stm32h7xx_hal_tim.c.obj
                0x080018da                HAL_TIM_TriggerCallback
 .text.HAL_TIM_IRQHandler
                0x080018dc      0x19a CMakeFiles/FreeRTOS01.elf.dir/Drivers/STM32H7xx_HAL_Driver/Src/stm32h7xx_hal_tim.c.obj
                0x080018dc                HAL_TIM_IRQHandler
 *fill*         0x08001a76        0x2 
 .text.TIM_Base_SetConfig
                0x08001a78      0x104 CMakeFiles/FreeRTOS01.elf.dir/Drivers/STM32H7xx_HAL_Driver/Src/stm32h7xx_hal_tim.c.obj
                0x08001a78                TIM_Base_SetConfig
 .text.HAL_TIM_Base_Init
                0x08001b7c       0x60 CMakeFiles/FreeRTOS01.elf.dir/Drivers/STM32H7xx_HAL_Driver/Src/stm32h7xx_hal_tim.c.obj
                0x08001b7c                HAL_TIM_Base_Init
 .text.HAL_TIMEx_CommutCallback
                0x08001bdc        0x2 CMakeFiles/FreeRTOS01.elf.dir/Drivers/STM32H7xx_HAL_Driver/Src/stm32h7xx_hal_tim_ex.c.obj
                0x08001bdc                HAL_TIMEx_CommutCallback
 .text.HAL_TIMEx_BreakCallback
                0x08001bde        0x2 CMakeFiles/FreeRTOS01.elf.dir/Drivers/STM32H7xx_HAL_Driver/Src/stm32h7xx_hal_tim_ex.c.obj
                0x08001bde                HAL_TIMEx_BreakCallback
 .text.HAL_TIMEx_Break2Callback
                0x08001be0        0x2 CMakeFiles/FreeRTOS01.elf.dir/Drivers/STM32H7xx_HAL_Driver/Src/stm32h7xx_hal_tim_ex.c.obj
                0x08001be0                HAL_TIMEx_Break2Callback
 .text.makeFreeRtosPriority
                0x08001be2        0xc CMakeFiles/FreeRTOS01.elf.dir/Middlewares/Third_Party/FreeRTOS/Source/CMSIS_RTOS/cmsis_os.c.obj
 .text.osKernelStart
                0x08001bee        0xa CMakeFiles/FreeRTOS01.elf.dir/Middlewares/Third_Party/FreeRTOS/Source/CMSIS_RTOS/cmsis_os.c.obj
                0x08001bee                osKernelStart
 .text.osThreadCreate
                0x08001bf8       0x6a CMakeFiles/FreeRTOS01.elf.dir/Middlewares/Third_Party/FreeRTOS/Source/CMSIS_RTOS/cmsis_os.c.obj
                0x08001bf8                osThreadCreate
 .text.osDelay  0x08001c62        0xe CMakeFiles/FreeRTOS01.elf.dir/Middlewares/Third_Party/FreeRTOS/Source/CMSIS_RTOS/cmsis_os.c.obj
                0x08001c62                osDelay
 .text.vListInitialise
                0x08001c70       0x16 CMakeFiles/FreeRTOS01.elf.dir/Middlewares/Third_Party/FreeRTOS/Source/list.c.obj
                0x08001c70                vListInitialise
 .text.vListInitialiseItem
                0x08001c86        0x6 CMakeFiles/FreeRTOS01.elf.dir/Middlewares/Third_Party/FreeRTOS/Source/list.c.obj
                0x08001c86                vListInitialiseItem
 .text.vListInsertEnd
                0x08001c8c       0x16 CMakeFiles/FreeRTOS01.elf.dir/Middlewares/Third_Party/FreeRTOS/Source/list.c.obj
                0x08001c8c                vListInsertEnd
 .text.vListInsert
                0x08001ca2       0x32 CMakeFiles/FreeRTOS01.elf.dir/Middlewares/Third_Party/FreeRTOS/Source/list.c.obj
                0x08001ca2                vListInsert
 .text.uxListRemove
                0x08001cd4       0x26 CMakeFiles/FreeRTOS01.elf.dir/Middlewares/Third_Party/FreeRTOS/Source/list.c.obj
                0x08001cd4                uxListRemove
 *fill*         0x08001cfa        0x2 
 .text.prvTaskExitError
                0x08001cfc       0x40 CMakeFiles/FreeRTOS01.elf.dir/Middlewares/Third_Party/FreeRTOS/Source/portable/GCC/ARM_CM4F/port.c.obj
 .text.prvPortStartFirstTask
                0x08001d3c       0x28 CMakeFiles/FreeRTOS01.elf.dir/Middlewares/Third_Party/FreeRTOS/Source/portable/GCC/ARM_CM4F/port.c.obj
 .text.vPortEnableVFP
                0x08001d64       0x14 CMakeFiles/FreeRTOS01.elf.dir/Middlewares/Third_Party/FreeRTOS/Source/portable/GCC/ARM_CM4F/port.c.obj
 .text.pxPortInitialiseStack
                0x08001d78       0x2c CMakeFiles/FreeRTOS01.elf.dir/Middlewares/Third_Party/FreeRTOS/Source/portable/GCC/ARM_CM4F/port.c.obj
                0x08001d78                pxPortInitialiseStack
 *fill*         0x08001da4        0xc 
 .text.SVC_Handler
                0x08001db0       0x24 CMakeFiles/FreeRTOS01.elf.dir/Middlewares/Third_Party/FreeRTOS/Source/portable/GCC/ARM_CM4F/port.c.obj
                0x08001db0                SVC_Handler
 .text.vPortEnterCritical
                0x08001dd4       0x44 CMakeFiles/FreeRTOS01.elf.dir/Middlewares/Third_Party/FreeRTOS/Source/portable/GCC/ARM_CM4F/port.c.obj
                0x08001dd4                vPortEnterCritical
 .text.vPortExitCritical
                0x08001e18       0x2c CMakeFiles/FreeRTOS01.elf.dir/Middlewares/Third_Party/FreeRTOS/Source/portable/GCC/ARM_CM4F/port.c.obj
                0x08001e18                vPortExitCritical
 *fill*         0x08001e44        0xc 
 .text.PendSV_Handler
                0x08001e50       0x64 CMakeFiles/FreeRTOS01.elf.dir/Middlewares/Third_Party/FreeRTOS/Source/portable/GCC/ARM_CM4F/port.c.obj
                0x08001e50                PendSV_Handler
 .text.SysTick_Handler
                0x08001eb4       0x2c CMakeFiles/FreeRTOS01.elf.dir/Middlewares/Third_Party/FreeRTOS/Source/portable/GCC/ARM_CM4F/port.c.obj
                0x08001eb4                SysTick_Handler
 .text.vPortSetupTimerInterrupt
                0x08001ee0       0x28 CMakeFiles/FreeRTOS01.elf.dir/Middlewares/Third_Party/FreeRTOS/Source/portable/GCC/ARM_CM4F/port.c.obj
                0x08001ee0                vPortSetupTimerInterrupt
 .text.xPortStartScheduler
                0x08001f08      0x118 CMakeFiles/FreeRTOS01.elf.dir/Middlewares/Third_Party/FreeRTOS/Source/portable/GCC/ARM_CM4F/port.c.obj
                0x08001f08                xPortStartScheduler
 .text.prvHeapInit
                0x08002020       0x64 CMakeFiles/FreeRTOS01.elf.dir/Middlewares/Third_Party/FreeRTOS/Source/portable/MemMang/heap_4.c.obj
 .text.prvInsertBlockIntoFreeList
                0x08002084       0x64 CMakeFiles/FreeRTOS01.elf.dir/Middlewares/Third_Party/FreeRTOS/Source/portable/MemMang/heap_4.c.obj
 .text.pvPortMalloc
                0x080020e8       0xfc CMakeFiles/FreeRTOS01.elf.dir/Middlewares/Third_Party/FreeRTOS/Source/portable/MemMang/heap_4.c.obj
                0x080020e8                pvPortMalloc
 .text.vPortFree
                0x080021e4       0x7c CMakeFiles/FreeRTOS01.elf.dir/Middlewares/Third_Party/FreeRTOS/Source/portable/MemMang/heap_4.c.obj
                0x080021e4                vPortFree
 .text.prvResetNextTaskUnblockTime
                0x08002260       0x2c CMakeFiles/FreeRTOS01.elf.dir/Middlewares/Third_Party/FreeRTOS/Source/tasks.c.obj
 .text.prvInitialiseNewTask
                0x0800228c       0xa2 CMakeFiles/FreeRTOS01.elf.dir/Middlewares/Third_Party/FreeRTOS/Source/tasks.c.obj
 *fill*         0x0800232e        0x2 
 .text.prvInitialiseTaskLists
                0x08002330       0x68 CMakeFiles/FreeRTOS01.elf.dir/Middlewares/Third_Party/FreeRTOS/Source/tasks.c.obj
 .text.prvAddNewTaskToReadyList
                0x08002398       0xa8 CMakeFiles/FreeRTOS01.elf.dir/Middlewares/Third_Party/FreeRTOS/Source/tasks.c.obj
 .text.prvDeleteTCB
                0x08002440       0x38 CMakeFiles/FreeRTOS01.elf.dir/Middlewares/Third_Party/FreeRTOS/Source/tasks.c.obj
 .text.prvCheckTasksWaitingTermination
                0x08002478       0x4c CMakeFiles/FreeRTOS01.elf.dir/Middlewares/Third_Party/FreeRTOS/Source/tasks.c.obj
 .text.prvIdleTask
                0x080024c4       0x28 CMakeFiles/FreeRTOS01.elf.dir/Middlewares/Third_Party/FreeRTOS/Source/tasks.c.obj
 .text.prvAddCurrentTaskToDelayedList
                0x080024ec       0xa0 CMakeFiles/FreeRTOS01.elf.dir/Middlewares/Third_Party/FreeRTOS/Source/tasks.c.obj
 .text.xTaskCreateStatic
                0x0800258c       0x76 CMakeFiles/FreeRTOS01.elf.dir/Middlewares/Third_Party/FreeRTOS/Source/tasks.c.obj
                0x0800258c                xTaskCreateStatic
 .text.xTaskCreate
                0x08002602       0x68 CMakeFiles/FreeRTOS01.elf.dir/Middlewares/Third_Party/FreeRTOS/Source/tasks.c.obj
                0x08002602                xTaskCreate
 *fill*         0x0800266a        0x2 
 .text.vTaskStartScheduler
                0x0800266c       0x74 CMakeFiles/FreeRTOS01.elf.dir/Middlewares/Third_Party/FreeRTOS/Source/tasks.c.obj
                0x0800266c                vTaskStartScheduler
 .text.vTaskSuspendAll
                0x080026e0       0x10 CMakeFiles/FreeRTOS01.elf.dir/Middlewares/Third_Party/FreeRTOS/Source/tasks.c.obj
                0x080026e0                vTaskSuspendAll
 .text.xTaskIncrementTick
                0x080026f0      0x118 CMakeFiles/FreeRTOS01.elf.dir/Middlewares/Third_Party/FreeRTOS/Source/tasks.c.obj
                0x080026f0                xTaskIncrementTick
 .text.xTaskResumeAll
                0x08002808       0xf8 CMakeFiles/FreeRTOS01.elf.dir/Middlewares/Third_Party/FreeRTOS/Source/tasks.c.obj
                0x08002808                xTaskResumeAll
 .text.vTaskDelay
                0x08002900       0x4c CMakeFiles/FreeRTOS01.elf.dir/Middlewares/Third_Party/FreeRTOS/Source/tasks.c.obj
                0x08002900                vTaskDelay
 .text.vTaskSwitchContext
                0x0800294c       0x98 CMakeFiles/FreeRTOS01.elf.dir/Middlewares/Third_Party/FreeRTOS/Source/tasks.c.obj
                0x0800294c                vTaskSwitchContext
 .text.__libc_init_array
                0x080029e4       0x48 f:/work/arm-none-eabi-gcc/gcc-arm-none-eabi-10.3-2021.10-win32/gcc-arm-none-eabi-10.3-2021.10/bin/../lib/gcc/arm-none-eabi/10.3.1/../../../../arm-none-eabi/lib/thumb/v7e-m+fp/hard\libg.a(lib_a-init.o)
                0x080029e4                __libc_init_array
 .text.memset   0x08002a2c       0xa4 f:/work/arm-none-eabi-gcc/gcc-arm-none-eabi-10.3-2021.10-win32/gcc-arm-none-eabi-10.3-2021.10/bin/../lib/gcc/arm-none-eabi/10.3.1/../../../../arm-none-eabi/lib/thumb/v7e-m+fp/hard\libg.a(lib_a-memset.o)
                0x08002a2c                memset
 .text.startup.register_fini
                0x08002ad0       0x14 f:/work/arm-none-eabi-gcc/gcc-arm-none-eabi-10.3-2021.10-win32/gcc-arm-none-eabi-10.3-2021.10/bin/../lib/gcc/arm-none-eabi/10.3.1/../../../../arm-none-eabi/lib/thumb/v7e-m+fp/hard\libg.a(lib_a-__call_atexit.o)
 .text.atexit   0x08002ae4        0xc f:/work/arm-none-eabi-gcc/gcc-arm-none-eabi-10.3-2021.10-win32/gcc-arm-none-eabi-10.3-2021.10/bin/../lib/gcc/arm-none-eabi/10.3.1/../../../../arm-none-eabi/lib/thumb/v7e-m+fp/hard\libg.a(lib_a-atexit.o)
                0x08002ae4                atexit
 .text.__libc_fini_array
                0x08002af0       0x2c f:/work/arm-none-eabi-gcc/gcc-arm-none-eabi-10.3-2021.10-win32/gcc-arm-none-eabi-10.3-2021.10/bin/../lib/gcc/arm-none-eabi/10.3.1/../../../../arm-none-eabi/lib/thumb/v7e-m+fp/hard\libg.a(lib_a-fini.o)
                0x08002af0                __libc_fini_array
 .text.__retarget_lock_acquire_recursive
                0x08002b1c        0x4 f:/work/arm-none-eabi-gcc/gcc-arm-none-eabi-10.3-2021.10-win32/gcc-arm-none-eabi-10.3-2021.10/bin/../lib/gcc/arm-none-eabi/10.3.1/../../../../arm-none-eabi/lib/thumb/v7e-m+fp/hard\libg.a(lib_a-lock.o)
                0x08002b1c                __retarget_lock_acquire_recursive
 .text.__retarget_lock_release_recursive
                0x08002b20        0x4 f:/work/arm-none-eabi-gcc/gcc-arm-none-eabi-10.3-2021.10-win32/gcc-arm-none-eabi-10.3-2021.10/bin/../lib/gcc/arm-none-eabi/10.3.1/../../../../arm-none-eabi/lib/thumb/v7e-m+fp/hard\libg.a(lib_a-lock.o)
                0x08002b20                __retarget_lock_release_recursive
 .text.__register_exitproc
                0x08002b24       0x8c f:/work/arm-none-eabi-gcc/gcc-arm-none-eabi-10.3-2021.10-win32/gcc-arm-none-eabi-10.3-2021.10/bin/../lib/gcc/arm-none-eabi/10.3.1/../../../../arm-none-eabi/lib/thumb/v7e-m+fp/hard\libg.a(lib_a-__atexit.o)
                0x08002b24                __register_exitproc
 *(.glue_7)
 .glue_7        0x08002bb0        0x0 linker stubs
 *(.glue_7t)
 .glue_7t       0x08002bb0        0x0 linker stubs
 *(.eh_frame)
 .eh_frame      0x08002bb0        0x0 f:/work/arm-none-eabi-gcc/gcc-arm-none-eabi-10.3-2021.10-win32/gcc-arm-none-eabi-10.3-2021.10/bin/../lib/gcc/arm-none-eabi/10.3.1/thumb/v7e-m+fp/hard/crtbegin.o
 *(.init)
 .init          0x08002bb0        0x4 f:/work/arm-none-eabi-gcc/gcc-arm-none-eabi-10.3-2021.10-win32/gcc-arm-none-eabi-10.3-2021.10/bin/../lib/gcc/arm-none-eabi/10.3.1/thumb/v7e-m+fp/hard/crti.o
                0x08002bb0                _init
 .init          0x08002bb4        0x8 f:/work/arm-none-eabi-gcc/gcc-arm-none-eabi-10.3-2021.10-win32/gcc-arm-none-eabi-10.3-2021.10/bin/../lib/gcc/arm-none-eabi/10.3.1/thumb/v7e-m+fp/hard/crtn.o
 *(.fini)
 .fini          0x08002bbc        0x4 f:/work/arm-none-eabi-gcc/gcc-arm-none-eabi-10.3-2021.10-win32/gcc-arm-none-eabi-10.3-2021.10/bin/../lib/gcc/arm-none-eabi/10.3.1/thumb/v7e-m+fp/hard/crti.o
                0x08002bbc                _fini
 .fini          0x08002bc0        0x8 f:/work/arm-none-eabi-gcc/gcc-arm-none-eabi-10.3-2021.10-win32/gcc-arm-none-eabi-10.3-2021.10/bin/../lib/gcc/arm-none-eabi/10.3.1/thumb/v7e-m+fp/hard/crtn.o
                0x08002bc8                . = ALIGN (0x4)
                0x08002bc8                _etext = .

.vfp11_veneer   0x08002bc8        0x0
 .vfp11_veneer  0x08002bc8        0x0 linker stubs

.v4_bx          0x08002bc8        0x0
 .v4_bx         0x08002bc8        0x0 linker stubs

.iplt           0x08002bc8        0x0
 .iplt          0x08002bc8        0x0 f:/work/arm-none-eabi-gcc/gcc-arm-none-eabi-10.3-2021.10-win32/gcc-arm-none-eabi-10.3-2021.10/bin/../lib/gcc/arm-none-eabi/10.3.1/thumb/v7e-m+fp/hard/crtbegin.o

.rodata         0x08002bc8       0x40
                0x08002bc8                . = ALIGN (0x4)
 *(.rodata)
 .rodata        0x08002bc8       0x1c CMakeFiles/FreeRTOS01.elf.dir/Core/Src/freertos.c.obj
 *(.rodata*)
 .rodata.str1.4
                0x08002be4        0x5 CMakeFiles/FreeRTOS01.elf.dir/Core/Src/freertos.c.obj
 *fill*         0x08002be9        0x3 
 .rodata.D1CorePrescTable
                0x08002bec       0x10 CMakeFiles/FreeRTOS01.elf.dir/Core/Src/system_stm32h7xx.c.obj
                0x08002bec                D1CorePrescTable
 .rodata.vTaskStartScheduler.str1.4
                0x08002bfc        0x5 CMakeFiles/FreeRTOS01.elf.dir/Middlewares/Third_Party/FreeRTOS/Source/tasks.c.obj
 *fill*         0x08002c01        0x3 
 .rodata._global_impure_ptr
                0x08002c04        0x4 f:/work/arm-none-eabi-gcc/gcc-arm-none-eabi-10.3-2021.10-win32/gcc-arm-none-eabi-10.3-2021.10/bin/../lib/gcc/arm-none-eabi/10.3.1/../../../../arm-none-eabi/lib/thumb/v7e-m+fp/hard\libg.a(lib_a-impure.o)
                0x08002c04                _global_impure_ptr
                0x08002c08                . = ALIGN (0x4)

.rel.dyn        0x08002c08        0x0
 .rel.iplt      0x08002c08        0x0 f:/work/arm-none-eabi-gcc/gcc-arm-none-eabi-10.3-2021.10-win32/gcc-arm-none-eabi-10.3-2021.10/bin/../lib/gcc/arm-none-eabi/10.3.1/thumb/v7e-m+fp/hard/crtbegin.o

.ARM.extab
 *(.ARM.extab* .gnu.linkonce.armextab.*)

.ARM            0x08002c08        0x0
                0x08002c08                __exidx_start = .
 *(.ARM.exidx*)
                0x08002c08                __exidx_end = .

.preinit_array  0x08002c08        0x0
                0x08002c08                PROVIDE (__preinit_array_start = .)
 *(.preinit_array*)
                0x08002c08                PROVIDE (__preinit_array_end = .)

.init_array     0x08002c08        0x8
                0x08002c08                PROVIDE (__init_array_start = .)
 *(SORT_BY_NAME(.init_array.*))
 .init_array.00000
                0x08002c08        0x4 f:/work/arm-none-eabi-gcc/gcc-arm-none-eabi-10.3-2021.10-win32/gcc-arm-none-eabi-10.3-2021.10/bin/../lib/gcc/arm-none-eabi/10.3.1/../../../../arm-none-eabi/lib/thumb/v7e-m+fp/hard\libg.a(lib_a-__call_atexit.o)
 *(.init_array*)
 .init_array    0x08002c0c        0x4 f:/work/arm-none-eabi-gcc/gcc-arm-none-eabi-10.3-2021.10-win32/gcc-arm-none-eabi-10.3-2021.10/bin/../lib/gcc/arm-none-eabi/10.3.1/thumb/v7e-m+fp/hard/crtbegin.o
                0x08002c10                PROVIDE (__init_array_end = .)

.fini_array     0x08002c10        0x4
                0x08002c10                PROVIDE (__fini_array_start = .)
 *(SORT_BY_NAME(.fini_array.*))
 *(.fini_array*)
 .fini_array    0x08002c10        0x4 f:/work/arm-none-eabi-gcc/gcc-arm-none-eabi-10.3-2021.10-win32/gcc-arm-none-eabi-10.3-2021.10/bin/../lib/gcc/arm-none-eabi/10.3.1/thumb/v7e-m+fp/hard/crtbegin.o
                0x08002c14                PROVIDE (__fini_array_end = .)
                0x08002c14                _sidata = LOADADDR (.data)

.data           0x24000000      0x444 load address 0x08002c14
                0x24000000                . = ALIGN (0x4)
                0x24000000                _sdata = .
 *(.data)
 *(.data*)
 .data.SystemCoreClock
                0x24000000        0x4 CMakeFiles/FreeRTOS01.elf.dir/Core/Src/system_stm32h7xx.c.obj
                0x24000000                SystemCoreClock
 .data.SystemD2Clock
                0x24000004        0x4 CMakeFiles/FreeRTOS01.elf.dir/Core/Src/system_stm32h7xx.c.obj
                0x24000004                SystemD2Clock
 .data.uwTickFreq
                0x24000008        0x1 CMakeFiles/FreeRTOS01.elf.dir/Drivers/STM32H7xx_HAL_Driver/Src/stm32h7xx_hal.c.obj
                0x24000008                uwTickFreq
 *fill*         0x24000009        0x3 
 .data.uwTickPrio
                0x2400000c        0x4 CMakeFiles/FreeRTOS01.elf.dir/Drivers/STM32H7xx_HAL_Driver/Src/stm32h7xx_hal.c.obj
                0x2400000c                uwTickPrio
 .data.uxCriticalNesting
                0x24000010        0x4 CMakeFiles/FreeRTOS01.elf.dir/Middlewares/Third_Party/FreeRTOS/Source/portable/GCC/ARM_CM4F/port.c.obj
 *fill*         0x24000014        0x4 
 .data.impure_data
                0x24000018      0x428 f:/work/arm-none-eabi-gcc/gcc-arm-none-eabi-10.3-2021.10-win32/gcc-arm-none-eabi-10.3-2021.10/bin/../lib/gcc/arm-none-eabi/10.3.1/../../../../arm-none-eabi/lib/thumb/v7e-m+fp/hard\libg.a(lib_a-impure.o)
 .data.__atexit_recursive_mutex
                0x24000440        0x4 f:/work/arm-none-eabi-gcc/gcc-arm-none-eabi-10.3-2021.10-win32/gcc-arm-none-eabi-10.3-2021.10/bin/../lib/gcc/arm-none-eabi/10.3.1/../../../../arm-none-eabi/lib/thumb/v7e-m+fp/hard\libg.a(lib_a-__call_atexit.o)
                0x24000440                __atexit_recursive_mutex
 *(.RamFunc)
 *(.RamFunc*)
                0x24000444                . = ALIGN (0x4)
                0x24000444                _edata = .

.igot.plt       0x24000444        0x0 load address 0x08003058
 .igot.plt      0x24000444        0x0 f:/work/arm-none-eabi-gcc/gcc-arm-none-eabi-10.3-2021.10-win32/gcc-arm-none-eabi-10.3-2021.10/bin/../lib/gcc/arm-none-eabi/10.3.1/thumb/v7e-m+fp/hard/crtbegin.o
                0x24000444                . = ALIGN (0x4)

.bss            0x24000444     0x401c load address 0x08003058
                0x24000444                _sbss = .
                0x24000444                __bss_start__ = _sbss
 *(.bss)
 .bss           0x24000444       0x1c f:/work/arm-none-eabi-gcc/gcc-arm-none-eabi-10.3-2021.10-win32/gcc-arm-none-eabi-10.3-2021.10/bin/../lib/gcc/arm-none-eabi/10.3.1/thumb/v7e-m+fp/hard/crtbegin.o
 *(.bss*)
 .bss.Led0Handle
                0x24000460        0x4 CMakeFiles/FreeRTOS01.elf.dir/Core/Src/freertos.c.obj
                0x24000460                Led0Handle
 .bss.xIdleStack
                0x24000464      0x200 CMakeFiles/FreeRTOS01.elf.dir/Core/Src/freertos.c.obj
 .bss.xIdleTaskTCBBuffer
                0x24000664       0x54 CMakeFiles/FreeRTOS01.elf.dir/Core/Src/freertos.c.obj
 .bss.htim1     0x240006b8       0x4c CMakeFiles/FreeRTOS01.elf.dir/Core/Src/stm32h7xx_hal_timebase_tim.c.obj
                0x240006b8                htim1
 .bss.uwTick    0x24000704        0x4 CMakeFiles/FreeRTOS01.elf.dir/Drivers/STM32H7xx_HAL_Driver/Src/stm32h7xx_hal.c.obj
                0x24000704                uwTick
 .bss.ucMaxSysCallPriority
                0x24000708        0x1 CMakeFiles/FreeRTOS01.elf.dir/Middlewares/Third_Party/FreeRTOS/Source/portable/GCC/ARM_CM4F/port.c.obj
 *fill*         0x24000709        0x3 
 .bss.ulMaxPRIGROUPValue
                0x2400070c        0x4 CMakeFiles/FreeRTOS01.elf.dir/Middlewares/Third_Party/FreeRTOS/Source/portable/GCC/ARM_CM4F/port.c.obj
 .bss.pxEnd     0x24000710        0x4 CMakeFiles/FreeRTOS01.elf.dir/Middlewares/Third_Party/FreeRTOS/Source/portable/MemMang/heap_4.c.obj
 .bss.ucHeap    0x24000714     0x3c00 CMakeFiles/FreeRTOS01.elf.dir/Middlewares/Third_Party/FreeRTOS/Source/portable/MemMang/heap_4.c.obj
 .bss.xBlockAllocatedBit
                0x24004314        0x4 CMakeFiles/FreeRTOS01.elf.dir/Middlewares/Third_Party/FreeRTOS/Source/portable/MemMang/heap_4.c.obj
 .bss.xFreeBytesRemaining
                0x24004318        0x4 CMakeFiles/FreeRTOS01.elf.dir/Middlewares/Third_Party/FreeRTOS/Source/portable/MemMang/heap_4.c.obj
 .bss.xMinimumEverFreeBytesRemaining
                0x2400431c        0x4 CMakeFiles/FreeRTOS01.elf.dir/Middlewares/Third_Party/FreeRTOS/Source/portable/MemMang/heap_4.c.obj
 .bss.xNumberOfSuccessfulAllocations
                0x24004320        0x4 CMakeFiles/FreeRTOS01.elf.dir/Middlewares/Third_Party/FreeRTOS/Source/portable/MemMang/heap_4.c.obj
 .bss.xNumberOfSuccessfulFrees
                0x24004324        0x4 CMakeFiles/FreeRTOS01.elf.dir/Middlewares/Third_Party/FreeRTOS/Source/portable/MemMang/heap_4.c.obj
 .bss.xStart    0x24004328        0x8 CMakeFiles/FreeRTOS01.elf.dir/Middlewares/Third_Party/FreeRTOS/Source/portable/MemMang/heap_4.c.obj
 .bss.pxCurrentTCB
                0x24004330        0x4 CMakeFiles/FreeRTOS01.elf.dir/Middlewares/Third_Party/FreeRTOS/Source/tasks.c.obj
                0x24004330                pxCurrentTCB
 .bss.pxDelayedTaskList
                0x24004334        0x4 CMakeFiles/FreeRTOS01.elf.dir/Middlewares/Third_Party/FreeRTOS/Source/tasks.c.obj
 .bss.pxOverflowDelayedTaskList
                0x24004338        0x4 CMakeFiles/FreeRTOS01.elf.dir/Middlewares/Third_Party/FreeRTOS/Source/tasks.c.obj
 .bss.pxReadyTasksLists
                0x2400433c       0x8c CMakeFiles/FreeRTOS01.elf.dir/Middlewares/Third_Party/FreeRTOS/Source/tasks.c.obj
 .bss.uxCurrentNumberOfTasks
                0x240043c8        0x4 CMakeFiles/FreeRTOS01.elf.dir/Middlewares/Third_Party/FreeRTOS/Source/tasks.c.obj
 .bss.uxDeletedTasksWaitingCleanUp
                0x240043cc        0x4 CMakeFiles/FreeRTOS01.elf.dir/Middlewares/Third_Party/FreeRTOS/Source/tasks.c.obj
 .bss.uxSchedulerSuspended
                0x240043d0        0x4 CMakeFiles/FreeRTOS01.elf.dir/Middlewares/Third_Party/FreeRTOS/Source/tasks.c.obj
 .bss.uxTaskNumber
                0x240043d4        0x4 CMakeFiles/FreeRTOS01.elf.dir/Middlewares/Third_Party/FreeRTOS/Source/tasks.c.obj
 .bss.uxTopReadyPriority
                0x240043d8        0x4 CMakeFiles/FreeRTOS01.elf.dir/Middlewares/Third_Party/FreeRTOS/Source/tasks.c.obj
 .bss.xDelayedTaskList1
                0x240043dc       0x14 CMakeFiles/FreeRTOS01.elf.dir/Middlewares/Third_Party/FreeRTOS/Source/tasks.c.obj
 .bss.xDelayedTaskList2
                0x240043f0       0x14 CMakeFiles/FreeRTOS01.elf.dir/Middlewares/Third_Party/FreeRTOS/Source/tasks.c.obj
 .bss.xIdleTaskHandle
                0x24004404        0x4 CMakeFiles/FreeRTOS01.elf.dir/Middlewares/Third_Party/FreeRTOS/Source/tasks.c.obj
 .bss.xNextTaskUnblockTime
                0x24004408        0x4 CMakeFiles/FreeRTOS01.elf.dir/Middlewares/Third_Party/FreeRTOS/Source/tasks.c.obj
 .bss.xNumOfOverflows
                0x2400440c        0x4 CMakeFiles/FreeRTOS01.elf.dir/Middlewares/Third_Party/FreeRTOS/Source/tasks.c.obj
 .bss.xPendedTicks
                0x24004410        0x4 CMakeFiles/FreeRTOS01.elf.dir/Middlewares/Third_Party/FreeRTOS/Source/tasks.c.obj
 .bss.xPendingReadyList
                0x24004414       0x14 CMakeFiles/FreeRTOS01.elf.dir/Middlewares/Third_Party/FreeRTOS/Source/tasks.c.obj
 .bss.xSchedulerRunning
                0x24004428        0x4 CMakeFiles/FreeRTOS01.elf.dir/Middlewares/Third_Party/FreeRTOS/Source/tasks.c.obj
 .bss.xSuspendedTaskList
                0x2400442c       0x14 CMakeFiles/FreeRTOS01.elf.dir/Middlewares/Third_Party/FreeRTOS/Source/tasks.c.obj
 .bss.xTasksWaitingTermination
                0x24004440       0x14 CMakeFiles/FreeRTOS01.elf.dir/Middlewares/Third_Party/FreeRTOS/Source/tasks.c.obj
 .bss.xTickCount
                0x24004454        0x4 CMakeFiles/FreeRTOS01.elf.dir/Middlewares/Third_Party/FreeRTOS/Source/tasks.c.obj
 .bss.xYieldPending
                0x24004458        0x4 CMakeFiles/FreeRTOS01.elf.dir/Middlewares/Third_Party/FreeRTOS/Source/tasks.c.obj
 .bss.__lock___atexit_recursive_mutex
                0x2400445c        0x1 f:/work/arm-none-eabi-gcc/gcc-arm-none-eabi-10.3-2021.10-win32/gcc-arm-none-eabi-10.3-2021.10/bin/../lib/gcc/arm-none-eabi/10.3.1/../../../../arm-none-eabi/lib/thumb/v7e-m+fp/hard\libg.a(lib_a-lock.o)
                0x2400445c                __lock___atexit_recursive_mutex
 *(COMMON)
                0x24004460                . = ALIGN (0x4)
 *fill*         0x2400445d        0x3 
                0x24004460                _ebss = .
                0x24004460                __bss_end__ = _ebss

._user_heap_stack
                0x24004460      0x800 load address 0x08003058
                0x24004460                . = ALIGN (0x8)
                [!provide]                PROVIDE (end = .)
                0x24004460                PROVIDE (_end = .)
                0x24004860                . = (. + _Min_Heap_Size)
 *fill*         0x24004460      0x400 
                0x24004c60                . = (. + _Min_Stack_Size)
 *fill*         0x24004860      0x400 
                0x24004c60                . = ALIGN (0x8)

/DISCARD/
 libc.a(*)
 libm.a(*)
 libgcc.a(*)

.ARM.attributes
                0x00000000       0x30
 *(.ARM.attributes)
 .ARM.attributes
                0x00000000       0x1e f:/work/arm-none-eabi-gcc/gcc-arm-none-eabi-10.3-2021.10-win32/gcc-arm-none-eabi-10.3-2021.10/bin/../lib/gcc/arm-none-eabi/10.3.1/thumb/v7e-m+fp/hard/crti.o
 .ARM.attributes
                0x0000001e       0x34 f:/work/arm-none-eabi-gcc/gcc-arm-none-eabi-10.3-2021.10-win32/gcc-arm-none-eabi-10.3-2021.10/bin/../lib/gcc/arm-none-eabi/10.3.1/thumb/v7e-m+fp/hard/crtbegin.o
 .ARM.attributes
                0x00000052       0x34 CMakeFiles/FreeRTOS01.elf.dir/Core/Src/freertos.c.obj
 .ARM.attributes
                0x00000086       0x34 CMakeFiles/FreeRTOS01.elf.dir/Core/Src/gpio.c.obj
 .ARM.attributes
                0x000000ba       0x34 CMakeFiles/FreeRTOS01.elf.dir/Core/Src/main.c.obj
 .ARM.attributes
                0x000000ee       0x34 CMakeFiles/FreeRTOS01.elf.dir/Core/Src/stm32h7xx_hal_msp.c.obj
 .ARM.attributes
                0x00000122       0x34 CMakeFiles/FreeRTOS01.elf.dir/Core/Src/stm32h7xx_hal_timebase_tim.c.obj
 .ARM.attributes
                0x00000156       0x34 CMakeFiles/FreeRTOS01.elf.dir/Core/Src/stm32h7xx_it.c.obj
 .ARM.attributes
                0x0000018a       0x34 CMakeFiles/FreeRTOS01.elf.dir/Core/Src/system_stm32h7xx.c.obj
 .ARM.attributes
                0x000001be       0x21 CMakeFiles/FreeRTOS01.elf.dir/Core/Startup/startup_stm32h750vbtx.s.obj
 .ARM.attributes
                0x000001df       0x34 CMakeFiles/FreeRTOS01.elf.dir/Drivers/STM32H7xx_HAL_Driver/Src/stm32h7xx_hal.c.obj
 .ARM.attributes
                0x00000213       0x34 CMakeFiles/FreeRTOS01.elf.dir/Drivers/STM32H7xx_HAL_Driver/Src/stm32h7xx_hal_cortex.c.obj
 .ARM.attributes
                0x00000247       0x34 CMakeFiles/FreeRTOS01.elf.dir/Drivers/STM32H7xx_HAL_Driver/Src/stm32h7xx_hal_gpio.c.obj
 .ARM.attributes
                0x0000027b       0x34 CMakeFiles/FreeRTOS01.elf.dir/Drivers/STM32H7xx_HAL_Driver/Src/stm32h7xx_hal_pwr_ex.c.obj
 .ARM.attributes
                0x000002af       0x34 CMakeFiles/FreeRTOS01.elf.dir/Drivers/STM32H7xx_HAL_Driver/Src/stm32h7xx_hal_rcc.c.obj
 .ARM.attributes
                0x000002e3       0x34 CMakeFiles/FreeRTOS01.elf.dir/Drivers/STM32H7xx_HAL_Driver/Src/stm32h7xx_hal_tim.c.obj
 .ARM.attributes
                0x00000317       0x34 CMakeFiles/FreeRTOS01.elf.dir/Drivers/STM32H7xx_HAL_Driver/Src/stm32h7xx_hal_tim_ex.c.obj
 .ARM.attributes
                0x0000034b       0x34 CMakeFiles/FreeRTOS01.elf.dir/Middlewares/Third_Party/FreeRTOS/Source/CMSIS_RTOS/cmsis_os.c.obj
 .ARM.attributes
                0x0000037f       0x34 CMakeFiles/FreeRTOS01.elf.dir/Middlewares/Third_Party/FreeRTOS/Source/list.c.obj
 .ARM.attributes
                0x000003b3       0x34 CMakeFiles/FreeRTOS01.elf.dir/Middlewares/Third_Party/FreeRTOS/Source/portable/GCC/ARM_CM4F/port.c.obj
 .ARM.attributes
                0x000003e7       0x34 CMakeFiles/FreeRTOS01.elf.dir/Middlewares/Third_Party/FreeRTOS/Source/portable/MemMang/heap_4.c.obj
 .ARM.attributes
                0x0000041b       0x34 CMakeFiles/FreeRTOS01.elf.dir/Middlewares/Third_Party/FreeRTOS/Source/tasks.c.obj
 .ARM.attributes
                0x0000044f       0x34 f:/work/arm-none-eabi-gcc/gcc-arm-none-eabi-10.3-2021.10-win32/gcc-arm-none-eabi-10.3-2021.10/bin/../lib/gcc/arm-none-eabi/10.3.1/../../../../arm-none-eabi/lib/thumb/v7e-m+fp/hard\libg.a(lib_a-impure.o)
 .ARM.attributes
                0x00000483       0x34 f:/work/arm-none-eabi-gcc/gcc-arm-none-eabi-10.3-2021.10-win32/gcc-arm-none-eabi-10.3-2021.10/bin/../lib/gcc/arm-none-eabi/10.3.1/../../../../arm-none-eabi/lib/thumb/v7e-m+fp/hard\libg.a(lib_a-init.o)
 .ARM.attributes
                0x000004b7       0x34 f:/work/arm-none-eabi-gcc/gcc-arm-none-eabi-10.3-2021.10-win32/gcc-arm-none-eabi-10.3-2021.10/bin/../lib/gcc/arm-none-eabi/10.3.1/../../../../arm-none-eabi/lib/thumb/v7e-m+fp/hard\libg.a(lib_a-memset.o)
 .ARM.attributes
                0x000004eb       0x34 f:/work/arm-none-eabi-gcc/gcc-arm-none-eabi-10.3-2021.10-win32/gcc-arm-none-eabi-10.3-2021.10/bin/../lib/gcc/arm-none-eabi/10.3.1/../../../../arm-none-eabi/lib/thumb/v7e-m+fp/hard\libg.a(lib_a-__call_atexit.o)
 .ARM.attributes
                0x0000051f       0x34 f:/work/arm-none-eabi-gcc/gcc-arm-none-eabi-10.3-2021.10-win32/gcc-arm-none-eabi-10.3-2021.10/bin/../lib/gcc/arm-none-eabi/10.3.1/../../../../arm-none-eabi/lib/thumb/v7e-m+fp/hard\libg.a(lib_a-atexit.o)
 .ARM.attributes
                0x00000553       0x34 f:/work/arm-none-eabi-gcc/gcc-arm-none-eabi-10.3-2021.10-win32/gcc-arm-none-eabi-10.3-2021.10/bin/../lib/gcc/arm-none-eabi/10.3.1/../../../../arm-none-eabi/lib/thumb/v7e-m+fp/hard\libg.a(lib_a-fini.o)
 .ARM.attributes
                0x00000587       0x34 f:/work/arm-none-eabi-gcc/gcc-arm-none-eabi-10.3-2021.10-win32/gcc-arm-none-eabi-10.3-2021.10/bin/../lib/gcc/arm-none-eabi/10.3.1/../../../../arm-none-eabi/lib/thumb/v7e-m+fp/hard\libg.a(lib_a-lock.o)
 .ARM.attributes
                0x000005bb       0x34 f:/work/arm-none-eabi-gcc/gcc-arm-none-eabi-10.3-2021.10-win32/gcc-arm-none-eabi-10.3-2021.10/bin/../lib/gcc/arm-none-eabi/10.3.1/../../../../arm-none-eabi/lib/thumb/v7e-m+fp/hard\libg.a(lib_a-__atexit.o)
 .ARM.attributes
                0x000005ef       0x1e f:/work/arm-none-eabi-gcc/gcc-arm-none-eabi-10.3-2021.10-win32/gcc-arm-none-eabi-10.3-2021.10/bin/../lib/gcc/arm-none-eabi/10.3.1/thumb/v7e-m+fp/hard/crtn.o
OUTPUT(FreeRTOS01.elf elf32-littlearm)
LOAD linker stubs
LOAD f:/work/arm-none-eabi-gcc/gcc-arm-none-eabi-10.3-2021.10-win32/gcc-arm-none-eabi-10.3-2021.10/bin/../lib/gcc/arm-none-eabi/10.3.1/../../../../arm-none-eabi/lib/thumb/v7e-m+fp/hard\libc.a
LOAD f:/work/arm-none-eabi-gcc/gcc-arm-none-eabi-10.3-2021.10-win32/gcc-arm-none-eabi-10.3-2021.10/bin/../lib/gcc/arm-none-eabi/10.3.1/../../../../arm-none-eabi/lib/thumb/v7e-m+fp/hard\libm.a
LOAD f:/work/arm-none-eabi-gcc/gcc-arm-none-eabi-10.3-2021.10-win32/gcc-arm-none-eabi-10.3-2021.10/bin/../lib/gcc/arm-none-eabi/10.3.1/thumb/v7e-m+fp/hard\libgcc.a

.debug_info     0x00000000    0x16814
 .debug_info    0x00000000      0x545 CMakeFiles/FreeRTOS01.elf.dir/Core/Src/freertos.c.obj
 .debug_info    0x00000545      0x657 CMakeFiles/FreeRTOS01.elf.dir/Core/Src/gpio.c.obj
 .debug_info    0x00000b9c     0x18c1 CMakeFiles/FreeRTOS01.elf.dir/Core/Src/main.c.obj
 .debug_info    0x0000245d      0x85c CMakeFiles/FreeRTOS01.elf.dir/Core/Src/stm32h7xx_hal_msp.c.obj
 .debug_info    0x00002cb9     0x112d CMakeFiles/FreeRTOS01.elf.dir/Core/Src/stm32h7xx_hal_timebase_tim.c.obj
 .debug_info    0x00003de6      0x824 CMakeFiles/FreeRTOS01.elf.dir/Core/Src/stm32h7xx_it.c.obj
 .debug_info    0x0000460a      0xd30 CMakeFiles/FreeRTOS01.elf.dir/Core/Src/system_stm32h7xx.c.obj
 .debug_info    0x0000533a       0x22 CMakeFiles/FreeRTOS01.elf.dir/Core/Startup/startup_stm32h750vbtx.s.obj
 .debug_info    0x0000535c     0x16a6 CMakeFiles/FreeRTOS01.elf.dir/Drivers/STM32H7xx_HAL_Driver/Src/stm32h7xx_hal.c.obj
 .debug_info    0x00006a02     0x13f0 CMakeFiles/FreeRTOS01.elf.dir/Drivers/STM32H7xx_HAL_Driver/Src/stm32h7xx_hal_cortex.c.obj
 .debug_info    0x00007df2      0xd66 CMakeFiles/FreeRTOS01.elf.dir/Drivers/STM32H7xx_HAL_Driver/Src/stm32h7xx_hal_gpio.c.obj
 .debug_info    0x00008b58     0x122e CMakeFiles/FreeRTOS01.elf.dir/Drivers/STM32H7xx_HAL_Driver/Src/stm32h7xx_hal_pwr_ex.c.obj
 .debug_info    0x00009d86     0x1230 CMakeFiles/FreeRTOS01.elf.dir/Drivers/STM32H7xx_HAL_Driver/Src/stm32h7xx_hal_rcc.c.obj
 .debug_info    0x0000afb6     0x4003 CMakeFiles/FreeRTOS01.elf.dir/Drivers/STM32H7xx_HAL_Driver/Src/stm32h7xx_hal_tim.c.obj
 .debug_info    0x0000efb9     0x1e7d CMakeFiles/FreeRTOS01.elf.dir/Drivers/STM32H7xx_HAL_Driver/Src/stm32h7xx_hal_tim_ex.c.obj
 .debug_info    0x00010e36     0x222d CMakeFiles/FreeRTOS01.elf.dir/Middlewares/Third_Party/FreeRTOS/Source/CMSIS_RTOS/cmsis_os.c.obj
 .debug_info    0x00013063      0x2e0 CMakeFiles/FreeRTOS01.elf.dir/Middlewares/Third_Party/FreeRTOS/Source/list.c.obj
 .debug_info    0x00013343      0x587 CMakeFiles/FreeRTOS01.elf.dir/Middlewares/Third_Party/FreeRTOS/Source/portable/GCC/ARM_CM4F/port.c.obj
 .debug_info    0x000138ca      0x5d9 CMakeFiles/FreeRTOS01.elf.dir/Middlewares/Third_Party/FreeRTOS/Source/portable/MemMang/heap_4.c.obj
 .debug_info    0x00013ea3     0x2971 CMakeFiles/FreeRTOS01.elf.dir/Middlewares/Third_Party/FreeRTOS/Source/tasks.c.obj

.debug_abbrev   0x00000000     0x2a2d
 .debug_abbrev  0x00000000      0x199 CMakeFiles/FreeRTOS01.elf.dir/Core/Src/freertos.c.obj
 .debug_abbrev  0x00000199      0x181 CMakeFiles/FreeRTOS01.elf.dir/Core/Src/gpio.c.obj
 .debug_abbrev  0x0000031a      0x2f9 CMakeFiles/FreeRTOS01.elf.dir/Core/Src/main.c.obj
 .debug_abbrev  0x00000613      0x12a CMakeFiles/FreeRTOS01.elf.dir/Core/Src/stm32h7xx_hal_msp.c.obj
 .debug_abbrev  0x0000073d      0x21f CMakeFiles/FreeRTOS01.elf.dir/Core/Src/stm32h7xx_hal_timebase_tim.c.obj
 .debug_abbrev  0x0000095c      0x179 CMakeFiles/FreeRTOS01.elf.dir/Core/Src/stm32h7xx_it.c.obj
 .debug_abbrev  0x00000ad5      0x14a CMakeFiles/FreeRTOS01.elf.dir/Core/Src/system_stm32h7xx.c.obj
 .debug_abbrev  0x00000c1f       0x12 CMakeFiles/FreeRTOS01.elf.dir/Core/Startup/startup_stm32h750vbtx.s.obj
 .debug_abbrev  0x00000c31      0x264 CMakeFiles/FreeRTOS01.elf.dir/Drivers/STM32H7xx_HAL_Driver/Src/stm32h7xx_hal.c.obj
 .debug_abbrev  0x00000e95      0x37d CMakeFiles/FreeRTOS01.elf.dir/Drivers/STM32H7xx_HAL_Driver/Src/stm32h7xx_hal_cortex.c.obj
 .debug_abbrev  0x00001212      0x239 CMakeFiles/FreeRTOS01.elf.dir/Drivers/STM32H7xx_HAL_Driver/Src/stm32h7xx_hal_gpio.c.obj
 .debug_abbrev  0x0000144b      0x29b CMakeFiles/FreeRTOS01.elf.dir/Drivers/STM32H7xx_HAL_Driver/Src/stm32h7xx_hal_pwr_ex.c.obj
 .debug_abbrev  0x000016e6      0x27f CMakeFiles/FreeRTOS01.elf.dir/Drivers/STM32H7xx_HAL_Driver/Src/stm32h7xx_hal_rcc.c.obj
 .debug_abbrev  0x00001965      0x232 CMakeFiles/FreeRTOS01.elf.dir/Drivers/STM32H7xx_HAL_Driver/Src/stm32h7xx_hal_tim.c.obj
 .debug_abbrev  0x00001b97      0x248 CMakeFiles/FreeRTOS01.elf.dir/Drivers/STM32H7xx_HAL_Driver/Src/stm32h7xx_hal_tim_ex.c.obj
 .debug_abbrev  0x00001ddf      0x37f CMakeFiles/FreeRTOS01.elf.dir/Middlewares/Third_Party/FreeRTOS/Source/CMSIS_RTOS/cmsis_os.c.obj
 .debug_abbrev  0x0000215e      0x106 CMakeFiles/FreeRTOS01.elf.dir/Middlewares/Third_Party/FreeRTOS/Source/list.c.obj
 .debug_abbrev  0x00002264      0x26b CMakeFiles/FreeRTOS01.elf.dir/Middlewares/Third_Party/FreeRTOS/Source/portable/GCC/ARM_CM4F/port.c.obj
 .debug_abbrev  0x000024cf      0x24b CMakeFiles/FreeRTOS01.elf.dir/Middlewares/Third_Party/FreeRTOS/Source/portable/MemMang/heap_4.c.obj
 .debug_abbrev  0x0000271a      0x313 CMakeFiles/FreeRTOS01.elf.dir/Middlewares/Third_Party/FreeRTOS/Source/tasks.c.obj

.debug_loc      0x00000000     0xd365
 .debug_loc     0x00000000       0x25 CMakeFiles/FreeRTOS01.elf.dir/Core/Src/freertos.c.obj
 .debug_loc     0x00000025       0xc4 CMakeFiles/FreeRTOS01.elf.dir/Core/Src/main.c.obj
 .debug_loc     0x000000e9       0x87 CMakeFiles/FreeRTOS01.elf.dir/Core/Src/stm32h7xx_hal_timebase_tim.c.obj
 .debug_loc     0x00000170      0x1a0 CMakeFiles/FreeRTOS01.elf.dir/Core/Src/system_stm32h7xx.c.obj
 .debug_loc     0x00000310      0x3fa CMakeFiles/FreeRTOS01.elf.dir/Drivers/STM32H7xx_HAL_Driver/Src/stm32h7xx_hal.c.obj
 .debug_loc     0x0000070a      0x726 CMakeFiles/FreeRTOS01.elf.dir/Drivers/STM32H7xx_HAL_Driver/Src/stm32h7xx_hal_cortex.c.obj
 .debug_loc     0x00000e30      0x3c6 CMakeFiles/FreeRTOS01.elf.dir/Drivers/STM32H7xx_HAL_Driver/Src/stm32h7xx_hal_gpio.c.obj
 .debug_loc     0x000011f6      0x4df CMakeFiles/FreeRTOS01.elf.dir/Drivers/STM32H7xx_HAL_Driver/Src/stm32h7xx_hal_pwr_ex.c.obj
 .debug_loc     0x000016d5      0x90a CMakeFiles/FreeRTOS01.elf.dir/Drivers/STM32H7xx_HAL_Driver/Src/stm32h7xx_hal_rcc.c.obj
 .debug_loc     0x00001fdf     0x56cc CMakeFiles/FreeRTOS01.elf.dir/Drivers/STM32H7xx_HAL_Driver/Src/stm32h7xx_hal_tim.c.obj
 .debug_loc     0x000076ab     0x257f CMakeFiles/FreeRTOS01.elf.dir/Drivers/STM32H7xx_HAL_Driver/Src/stm32h7xx_hal_tim_ex.c.obj
 .debug_loc     0x00009c2a     0x12e6 CMakeFiles/FreeRTOS01.elf.dir/Middlewares/Third_Party/FreeRTOS/Source/CMSIS_RTOS/cmsis_os.c.obj
 .debug_loc     0x0000af10       0xad CMakeFiles/FreeRTOS01.elf.dir/Middlewares/Third_Party/FreeRTOS/Source/list.c.obj
 .debug_loc     0x0000afbd      0x124 CMakeFiles/FreeRTOS01.elf.dir/Middlewares/Third_Party/FreeRTOS/Source/portable/GCC/ARM_CM4F/port.c.obj
 .debug_loc     0x0000b0e1      0x434 CMakeFiles/FreeRTOS01.elf.dir/Middlewares/Third_Party/FreeRTOS/Source/portable/MemMang/heap_4.c.obj
 .debug_loc     0x0000b515     0x1e50 CMakeFiles/FreeRTOS01.elf.dir/Middlewares/Third_Party/FreeRTOS/Source/tasks.c.obj

.debug_aranges  0x00000000     0x1010
 .debug_aranges
                0x00000000       0x30 CMakeFiles/FreeRTOS01.elf.dir/Core/Src/freertos.c.obj
 .debug_aranges
                0x00000030       0x20 CMakeFiles/FreeRTOS01.elf.dir/Core/Src/gpio.c.obj
 .debug_aranges
                0x00000050       0x40 CMakeFiles/FreeRTOS01.elf.dir/Core/Src/main.c.obj
 .debug_aranges
                0x00000090       0x20 CMakeFiles/FreeRTOS01.elf.dir/Core/Src/stm32h7xx_hal_msp.c.obj
 .debug_aranges
                0x000000b0       0x30 CMakeFiles/FreeRTOS01.elf.dir/Core/Src/stm32h7xx_hal_timebase_tim.c.obj
 .debug_aranges
                0x000000e0       0x50 CMakeFiles/FreeRTOS01.elf.dir/Core/Src/stm32h7xx_it.c.obj
 .debug_aranges
                0x00000130       0x28 CMakeFiles/FreeRTOS01.elf.dir/Core/Src/system_stm32h7xx.c.obj
 .debug_aranges
                0x00000158       0x28 CMakeFiles/FreeRTOS01.elf.dir/Core/Startup/startup_stm32h750vbtx.s.obj
 .debug_aranges
                0x00000180      0x198 CMakeFiles/FreeRTOS01.elf.dir/Drivers/STM32H7xx_HAL_Driver/Src/stm32h7xx_hal.c.obj
 .debug_aranges
                0x00000318       0xb0 CMakeFiles/FreeRTOS01.elf.dir/Drivers/STM32H7xx_HAL_Driver/Src/stm32h7xx_hal_cortex.c.obj
 .debug_aranges
                0x000003c8       0x58 CMakeFiles/FreeRTOS01.elf.dir/Drivers/STM32H7xx_HAL_Driver/Src/stm32h7xx_hal_gpio.c.obj
 .debug_aranges
                0x00000420      0x158 CMakeFiles/FreeRTOS01.elf.dir/Drivers/STM32H7xx_HAL_Driver/Src/stm32h7xx_hal_pwr_ex.c.obj
 .debug_aranges
                0x00000578       0x88 CMakeFiles/FreeRTOS01.elf.dir/Drivers/STM32H7xx_HAL_Driver/Src/stm32h7xx_hal_rcc.c.obj
 .debug_aranges
                0x00000600      0x3e0 CMakeFiles/FreeRTOS01.elf.dir/Drivers/STM32H7xx_HAL_Driver/Src/stm32h7xx_hal_tim.c.obj
 .debug_aranges
                0x000009e0      0x188 CMakeFiles/FreeRTOS01.elf.dir/Drivers/STM32H7xx_HAL_Driver/Src/stm32h7xx_hal_tim_ex.c.obj
 .debug_aranges
                0x00000b68      0x1d8 CMakeFiles/FreeRTOS01.elf.dir/Middlewares/Third_Party/FreeRTOS/Source/CMSIS_RTOS/cmsis_os.c.obj
 .debug_aranges
                0x00000d40       0x40 CMakeFiles/FreeRTOS01.elf.dir/Middlewares/Third_Party/FreeRTOS/Source/list.c.obj
 .debug_aranges
                0x00000d80       0x80 CMakeFiles/FreeRTOS01.elf.dir/Middlewares/Third_Party/FreeRTOS/Source/portable/GCC/ARM_CM4F/port.c.obj
 .debug_aranges
                0x00000e00       0x58 CMakeFiles/FreeRTOS01.elf.dir/Middlewares/Third_Party/FreeRTOS/Source/portable/MemMang/heap_4.c.obj
 .debug_aranges
                0x00000e58      0x1b8 CMakeFiles/FreeRTOS01.elf.dir/Middlewares/Third_Party/FreeRTOS/Source/tasks.c.obj

.debug_ranges   0x00000000     0x10f8
 .debug_ranges  0x00000000       0x20 CMakeFiles/FreeRTOS01.elf.dir/Core/Src/freertos.c.obj
 .debug_ranges  0x00000020       0x10 CMakeFiles/FreeRTOS01.elf.dir/Core/Src/gpio.c.obj
 .debug_ranges  0x00000030       0x30 CMakeFiles/FreeRTOS01.elf.dir/Core/Src/main.c.obj
 .debug_ranges  0x00000060       0x10 CMakeFiles/FreeRTOS01.elf.dir/Core/Src/stm32h7xx_hal_msp.c.obj
 .debug_ranges  0x00000070       0x20 CMakeFiles/FreeRTOS01.elf.dir/Core/Src/stm32h7xx_hal_timebase_tim.c.obj
 .debug_ranges  0x00000090       0x40 CMakeFiles/FreeRTOS01.elf.dir/Core/Src/stm32h7xx_it.c.obj
 .debug_ranges  0x000000d0       0x18 CMakeFiles/FreeRTOS01.elf.dir/Core/Src/system_stm32h7xx.c.obj
 .debug_ranges  0x000000e8       0x20 CMakeFiles/FreeRTOS01.elf.dir/Core/Startup/startup_stm32h750vbtx.s.obj
 .debug_ranges  0x00000108      0x188 CMakeFiles/FreeRTOS01.elf.dir/Drivers/STM32H7xx_HAL_Driver/Src/stm32h7xx_hal.c.obj
 .debug_ranges  0x00000290      0x100 CMakeFiles/FreeRTOS01.elf.dir/Drivers/STM32H7xx_HAL_Driver/Src/stm32h7xx_hal_cortex.c.obj
 .debug_ranges  0x00000390       0x48 CMakeFiles/FreeRTOS01.elf.dir/Drivers/STM32H7xx_HAL_Driver/Src/stm32h7xx_hal_gpio.c.obj
 .debug_ranges  0x000003d8      0x1a8 CMakeFiles/FreeRTOS01.elf.dir/Drivers/STM32H7xx_HAL_Driver/Src/stm32h7xx_hal_pwr_ex.c.obj
 .debug_ranges  0x00000580       0xe8 CMakeFiles/FreeRTOS01.elf.dir/Drivers/STM32H7xx_HAL_Driver/Src/stm32h7xx_hal_rcc.c.obj
 .debug_ranges  0x00000668      0x3d0 CMakeFiles/FreeRTOS01.elf.dir/Drivers/STM32H7xx_HAL_Driver/Src/stm32h7xx_hal_tim.c.obj
 .debug_ranges  0x00000a38      0x178 CMakeFiles/FreeRTOS01.elf.dir/Drivers/STM32H7xx_HAL_Driver/Src/stm32h7xx_hal_tim_ex.c.obj
 .debug_ranges  0x00000bb0      0x1c8 CMakeFiles/FreeRTOS01.elf.dir/Middlewares/Third_Party/FreeRTOS/Source/CMSIS_RTOS/cmsis_os.c.obj
 .debug_ranges  0x00000d78       0x30 CMakeFiles/FreeRTOS01.elf.dir/Middlewares/Third_Party/FreeRTOS/Source/list.c.obj
 .debug_ranges  0x00000da8       0x88 CMakeFiles/FreeRTOS01.elf.dir/Middlewares/Third_Party/FreeRTOS/Source/portable/GCC/ARM_CM4F/port.c.obj
 .debug_ranges  0x00000e30       0x48 CMakeFiles/FreeRTOS01.elf.dir/Middlewares/Third_Party/FreeRTOS/Source/portable/MemMang/heap_4.c.obj
 .debug_ranges  0x00000e78      0x280 CMakeFiles/FreeRTOS01.elf.dir/Middlewares/Third_Party/FreeRTOS/Source/tasks.c.obj

.debug_line     0x00000000    0x10f23
 .debug_line    0x00000000      0x39c CMakeFiles/FreeRTOS01.elf.dir/Core/Src/freertos.c.obj
 .debug_line    0x0000039c      0x24b CMakeFiles/FreeRTOS01.elf.dir/Core/Src/gpio.c.obj
 .debug_line    0x000005e7      0x74f CMakeFiles/FreeRTOS01.elf.dir/Core/Src/main.c.obj
 .debug_line    0x00000d36      0x22b CMakeFiles/FreeRTOS01.elf.dir/Core/Src/stm32h7xx_hal_msp.c.obj
 .debug_line    0x00000f61      0x355 CMakeFiles/FreeRTOS01.elf.dir/Core/Src/stm32h7xx_hal_timebase_tim.c.obj
 .debug_line    0x000012b6      0x318 CMakeFiles/FreeRTOS01.elf.dir/Core/Src/stm32h7xx_it.c.obj
 .debug_line    0x000015ce      0x4ff CMakeFiles/FreeRTOS01.elf.dir/Core/Src/system_stm32h7xx.c.obj
 .debug_line    0x00001acd       0x9c CMakeFiles/FreeRTOS01.elf.dir/Core/Startup/startup_stm32h750vbtx.s.obj
 .debug_line    0x00001b69      0x96e CMakeFiles/FreeRTOS01.elf.dir/Drivers/STM32H7xx_HAL_Driver/Src/stm32h7xx_hal.c.obj
 .debug_line    0x000024d7      0x839 CMakeFiles/FreeRTOS01.elf.dir/Drivers/STM32H7xx_HAL_Driver/Src/stm32h7xx_hal_cortex.c.obj
 .debug_line    0x00002d10      0x74e CMakeFiles/FreeRTOS01.elf.dir/Drivers/STM32H7xx_HAL_Driver/Src/stm32h7xx_hal_gpio.c.obj
 .debug_line    0x0000345e      0xb2e CMakeFiles/FreeRTOS01.elf.dir/Drivers/STM32H7xx_HAL_Driver/Src/stm32h7xx_hal_pwr_ex.c.obj
 .debug_line    0x00003f8c     0x1375 CMakeFiles/FreeRTOS01.elf.dir/Drivers/STM32H7xx_HAL_Driver/Src/stm32h7xx_hal_rcc.c.obj
 .debug_line    0x00005301     0x5100 CMakeFiles/FreeRTOS01.elf.dir/Drivers/STM32H7xx_HAL_Driver/Src/stm32h7xx_hal_tim.c.obj
 .debug_line    0x0000a401     0x1fc0 CMakeFiles/FreeRTOS01.elf.dir/Drivers/STM32H7xx_HAL_Driver/Src/stm32h7xx_hal_tim_ex.c.obj
 .debug_line    0x0000c3c1     0x123c CMakeFiles/FreeRTOS01.elf.dir/Middlewares/Third_Party/FreeRTOS/Source/CMSIS_RTOS/cmsis_os.c.obj
 .debug_line    0x0000d5fd      0x3f4 CMakeFiles/FreeRTOS01.elf.dir/Middlewares/Third_Party/FreeRTOS/Source/list.c.obj
 .debug_line    0x0000d9f1      0x7a5 CMakeFiles/FreeRTOS01.elf.dir/Middlewares/Third_Party/FreeRTOS/Source/portable/GCC/ARM_CM4F/port.c.obj
 .debug_line    0x0000e196      0x7f8 CMakeFiles/FreeRTOS01.elf.dir/Middlewares/Third_Party/FreeRTOS/Source/portable/MemMang/heap_4.c.obj
 .debug_line    0x0000e98e     0x2595 CMakeFiles/FreeRTOS01.elf.dir/Middlewares/Third_Party/FreeRTOS/Source/tasks.c.obj

.debug_str      0x00000000     0x631d
 .debug_str     0x00000000      0x49c CMakeFiles/FreeRTOS01.elf.dir/Core/Src/freertos.c.obj
                                0x524 (size before relaxing)
 .debug_str     0x0000049c      0x2c6 CMakeFiles/FreeRTOS01.elf.dir/Core/Src/gpio.c.obj
                                0x4d4 (size before relaxing)
 .debug_str     0x00000762      0xb25 CMakeFiles/FreeRTOS01.elf.dir/Core/Src/main.c.obj
                                0xffa (size before relaxing)
 .debug_str     0x00001287      0x859 CMakeFiles/FreeRTOS01.elf.dir/Core/Src/stm32h7xx_hal_msp.c.obj
                                0xc64 (size before relaxing)
 .debug_str     0x00001ae0      0x130 CMakeFiles/FreeRTOS01.elf.dir/Core/Src/stm32h7xx_hal_timebase_tim.c.obj
                               0x1430 (size before relaxing)
 .debug_str     0x00001c10       0xba CMakeFiles/FreeRTOS01.elf.dir/Core/Src/stm32h7xx_it.c.obj
                                0x8b7 (size before relaxing)
 .debug_str     0x00001cca      0x24b CMakeFiles/FreeRTOS01.elf.dir/Core/Src/system_stm32h7xx.c.obj
                                0x760 (size before relaxing)
 .debug_str     0x00001f15       0x4a CMakeFiles/FreeRTOS01.elf.dir/Core/Startup/startup_stm32h750vbtx.s.obj
                                 0x73 (size before relaxing)
 .debug_str     0x00001f5f      0x6fc CMakeFiles/FreeRTOS01.elf.dir/Drivers/STM32H7xx_HAL_Driver/Src/stm32h7xx_hal.c.obj
                               0x14f0 (size before relaxing)
 .debug_str     0x0000265b      0x39e CMakeFiles/FreeRTOS01.elf.dir/Drivers/STM32H7xx_HAL_Driver/Src/stm32h7xx_hal_cortex.c.obj
                               0x1088 (size before relaxing)
 .debug_str     0x000029f9       0xfe CMakeFiles/FreeRTOS01.elf.dir/Drivers/STM32H7xx_HAL_Driver/Src/stm32h7xx_hal_gpio.c.obj
                                0x705 (size before relaxing)
 .debug_str     0x00002af7      0x568 CMakeFiles/FreeRTOS01.elf.dir/Drivers/STM32H7xx_HAL_Driver/Src/stm32h7xx_hal_pwr_ex.c.obj
                                0xa7a (size before relaxing)
 .debug_str     0x0000305f      0x170 CMakeFiles/FreeRTOS01.elf.dir/Drivers/STM32H7xx_HAL_Driver/Src/stm32h7xx_hal_rcc.c.obj
                                0xa4b (size before relaxing)
 .debug_str     0x000031cf      0xf34 CMakeFiles/FreeRTOS01.elf.dir/Drivers/STM32H7xx_HAL_Driver/Src/stm32h7xx_hal_tim.c.obj
                               0x1854 (size before relaxing)
 .debug_str     0x00004103      0x6ba CMakeFiles/FreeRTOS01.elf.dir/Drivers/STM32H7xx_HAL_Driver/Src/stm32h7xx_hal_tim_ex.c.obj
                               0x1171 (size before relaxing)
 .debug_str     0x000047bd      0xbd2 CMakeFiles/FreeRTOS01.elf.dir/Middlewares/Third_Party/FreeRTOS/Source/CMSIS_RTOS/cmsis_os.c.obj
                               0x1078 (size before relaxing)
 .debug_str     0x0000538f      0x14d CMakeFiles/FreeRTOS01.elf.dir/Middlewares/Third_Party/FreeRTOS/Source/list.c.obj
                                0x331 (size before relaxing)
 .debug_str     0x000054dc      0x241 CMakeFiles/FreeRTOS01.elf.dir/Middlewares/Third_Party/FreeRTOS/Source/portable/GCC/ARM_CM4F/port.c.obj
                                0x4ad (size before relaxing)
 .debug_str     0x0000571d      0x2e6 CMakeFiles/FreeRTOS01.elf.dir/Middlewares/Third_Party/FreeRTOS/Source/portable/MemMang/heap_4.c.obj
                                0x53f (size before relaxing)
 .debug_str     0x00005a03      0x91a CMakeFiles/FreeRTOS01.elf.dir/Middlewares/Third_Party/FreeRTOS/Source/tasks.c.obj
                               0x104a (size before relaxing)

.comment        0x00000000       0x49
 .comment       0x00000000       0x49 CMakeFiles/FreeRTOS01.elf.dir/Core/Src/freertos.c.obj
                                 0x4a (size before relaxing)
 .comment       0x00000049       0x4a CMakeFiles/FreeRTOS01.elf.dir/Core/Src/gpio.c.obj
 .comment       0x00000049       0x4a CMakeFiles/FreeRTOS01.elf.dir/Core/Src/main.c.obj
 .comment       0x00000049       0x4a CMakeFiles/FreeRTOS01.elf.dir/Core/Src/stm32h7xx_hal_msp.c.obj
 .comment       0x00000049       0x4a CMakeFiles/FreeRTOS01.elf.dir/Core/Src/stm32h7xx_hal_timebase_tim.c.obj
 .comment       0x00000049       0x4a CMakeFiles/FreeRTOS01.elf.dir/Core/Src/stm32h7xx_it.c.obj
 .comment       0x00000049       0x4a CMakeFiles/FreeRTOS01.elf.dir/Core/Src/system_stm32h7xx.c.obj
 .comment       0x00000049       0x4a CMakeFiles/FreeRTOS01.elf.dir/Drivers/STM32H7xx_HAL_Driver/Src/stm32h7xx_hal.c.obj
 .comment       0x00000049       0x4a CMakeFiles/FreeRTOS01.elf.dir/Drivers/STM32H7xx_HAL_Driver/Src/stm32h7xx_hal_cortex.c.obj
 .comment       0x00000049       0x4a CMakeFiles/FreeRTOS01.elf.dir/Drivers/STM32H7xx_HAL_Driver/Src/stm32h7xx_hal_gpio.c.obj
 .comment       0x00000049       0x4a CMakeFiles/FreeRTOS01.elf.dir/Drivers/STM32H7xx_HAL_Driver/Src/stm32h7xx_hal_pwr_ex.c.obj
 .comment       0x00000049       0x4a CMakeFiles/FreeRTOS01.elf.dir/Drivers/STM32H7xx_HAL_Driver/Src/stm32h7xx_hal_rcc.c.obj
 .comment       0x00000049       0x4a CMakeFiles/FreeRTOS01.elf.dir/Drivers/STM32H7xx_HAL_Driver/Src/stm32h7xx_hal_tim.c.obj
 .comment       0x00000049       0x4a CMakeFiles/FreeRTOS01.elf.dir/Drivers/STM32H7xx_HAL_Driver/Src/stm32h7xx_hal_tim_ex.c.obj
 .comment       0x00000049       0x4a CMakeFiles/FreeRTOS01.elf.dir/Middlewares/Third_Party/FreeRTOS/Source/CMSIS_RTOS/cmsis_os.c.obj
 .comment       0x00000049       0x4a CMakeFiles/FreeRTOS01.elf.dir/Middlewares/Third_Party/FreeRTOS/Source/list.c.obj
 .comment       0x00000049       0x4a CMakeFiles/FreeRTOS01.elf.dir/Middlewares/Third_Party/FreeRTOS/Source/portable/GCC/ARM_CM4F/port.c.obj
 .comment       0x00000049       0x4a CMakeFiles/FreeRTOS01.elf.dir/Middlewares/Third_Party/FreeRTOS/Source/portable/MemMang/heap_4.c.obj
 .comment       0x00000049       0x4a CMakeFiles/FreeRTOS01.elf.dir/Middlewares/Third_Party/FreeRTOS/Source/tasks.c.obj

.debug_frame    0x00000000     0x2bb0
 .debug_frame   0x00000000       0x58 CMakeFiles/FreeRTOS01.elf.dir/Core/Src/freertos.c.obj
 .debug_frame   0x00000058       0x30 CMakeFiles/FreeRTOS01.elf.dir/Core/Src/gpio.c.obj
 .debug_frame   0x00000088       0x90 CMakeFiles/FreeRTOS01.elf.dir/Core/Src/main.c.obj
 .debug_frame   0x00000118       0x2c CMakeFiles/FreeRTOS01.elf.dir/Core/Src/stm32h7xx_hal_msp.c.obj
 .debug_frame   0x00000144       0x50 CMakeFiles/FreeRTOS01.elf.dir/Core/Src/stm32h7xx_hal_timebase_tim.c.obj
 .debug_frame   0x00000194       0x88 CMakeFiles/FreeRTOS01.elf.dir/Core/Src/stm32h7xx_it.c.obj
 .debug_frame   0x0000021c       0x3c CMakeFiles/FreeRTOS01.elf.dir/Core/Src/system_stm32h7xx.c.obj
 .debug_frame   0x00000258      0x360 CMakeFiles/FreeRTOS01.elf.dir/Drivers/STM32H7xx_HAL_Driver/Src/stm32h7xx_hal.c.obj
 .debug_frame   0x000005b8      0x158 CMakeFiles/FreeRTOS01.elf.dir/Drivers/STM32H7xx_HAL_Driver/Src/stm32h7xx_hal_cortex.c.obj
 .debug_frame   0x00000710       0xd4 CMakeFiles/FreeRTOS01.elf.dir/Drivers/STM32H7xx_HAL_Driver/Src/stm32h7xx_hal_gpio.c.obj
 .debug_frame   0x000007e4      0x2f4 CMakeFiles/FreeRTOS01.elf.dir/Drivers/STM32H7xx_HAL_Driver/Src/stm32h7xx_hal_pwr_ex.c.obj
 .debug_frame   0x00000ad8      0x18c CMakeFiles/FreeRTOS01.elf.dir/Drivers/STM32H7xx_HAL_Driver/Src/stm32h7xx_hal_rcc.c.obj
 .debug_frame   0x00000c64      0xb6c CMakeFiles/FreeRTOS01.elf.dir/Drivers/STM32H7xx_HAL_Driver/Src/stm32h7xx_hal_tim.c.obj
 .debug_frame   0x000017d0      0x480 CMakeFiles/FreeRTOS01.elf.dir/Drivers/STM32H7xx_HAL_Driver/Src/stm32h7xx_hal_tim_ex.c.obj
 .debug_frame   0x00001c50      0x58c CMakeFiles/FreeRTOS01.elf.dir/Middlewares/Third_Party/FreeRTOS/Source/CMSIS_RTOS/cmsis_os.c.obj
 .debug_frame   0x000021dc       0x70 CMakeFiles/FreeRTOS01.elf.dir/Middlewares/Third_Party/FreeRTOS/Source/list.c.obj
 .debug_frame   0x0000224c      0x110 CMakeFiles/FreeRTOS01.elf.dir/Middlewares/Third_Party/FreeRTOS/Source/portable/GCC/ARM_CM4F/port.c.obj
 .debug_frame   0x0000235c       0xd0 CMakeFiles/FreeRTOS01.elf.dir/Middlewares/Third_Party/FreeRTOS/Source/portable/MemMang/heap_4.c.obj
 .debug_frame   0x0000242c      0x58c CMakeFiles/FreeRTOS01.elf.dir/Middlewares/Third_Party/FreeRTOS/Source/tasks.c.obj
 .debug_frame   0x000029b8       0x2c f:/work/arm-none-eabi-gcc/gcc-arm-none-eabi-10.3-2021.10-win32/gcc-arm-none-eabi-10.3-2021.10/bin/../lib/gcc/arm-none-eabi/10.3.1/../../../../arm-none-eabi/lib/thumb/v7e-m+fp/hard\libg.a(lib_a-init.o)
 .debug_frame   0x000029e4       0x2c f:/work/arm-none-eabi-gcc/gcc-arm-none-eabi-10.3-2021.10-win32/gcc-arm-none-eabi-10.3-2021.10/bin/../lib/gcc/arm-none-eabi/10.3.1/../../../../arm-none-eabi/lib/thumb/v7e-m+fp/hard\libg.a(lib_a-memset.o)
 .debug_frame   0x00002a10       0x68 f:/work/arm-none-eabi-gcc/gcc-arm-none-eabi-10.3-2021.10-win32/gcc-arm-none-eabi-10.3-2021.10/bin/../lib/gcc/arm-none-eabi/10.3.1/../../../../arm-none-eabi/lib/thumb/v7e-m+fp/hard\libg.a(lib_a-__call_atexit.o)
 .debug_frame   0x00002a78       0x20 f:/work/arm-none-eabi-gcc/gcc-arm-none-eabi-10.3-2021.10-win32/gcc-arm-none-eabi-10.3-2021.10/bin/../lib/gcc/arm-none-eabi/10.3.1/../../../../arm-none-eabi/lib/thumb/v7e-m+fp/hard\libg.a(lib_a-atexit.o)
 .debug_frame   0x00002a98       0x34 f:/work/arm-none-eabi-gcc/gcc-arm-none-eabi-10.3-2021.10-win32/gcc-arm-none-eabi-10.3-2021.10/bin/../lib/gcc/arm-none-eabi/10.3.1/../../../../arm-none-eabi/lib/thumb/v7e-m+fp/hard\libg.a(lib_a-fini.o)
 .debug_frame   0x00002acc       0xb0 f:/work/arm-none-eabi-gcc/gcc-arm-none-eabi-10.3-2021.10-win32/gcc-arm-none-eabi-10.3-2021.10/bin/../lib/gcc/arm-none-eabi/10.3.1/../../../../arm-none-eabi/lib/thumb/v7e-m+fp/hard\libg.a(lib_a-lock.o)
 .debug_frame   0x00002b7c       0x34 f:/work/arm-none-eabi-gcc/gcc-arm-none-eabi-10.3-2021.10-win32/gcc-arm-none-eabi-10.3-2021.10/bin/../lib/gcc/arm-none-eabi/10.3.1/../../../../arm-none-eabi/lib/thumb/v7e-m+fp/hard\libg.a(lib_a-__atexit.o)
